../Source/ThirdParty/Drivers/CMSIS/Include/core_cm4.h:1672:26:__NVIC_GetPriorityGrouping	4	static
../Source/ThirdParty/Drivers/CMSIS/Include/core_cm4.h:1684:22:__NVIC_EnableIRQ	16	static,ignoring_inline_asm
../Source/ThirdParty/Drivers/CMSIS/Include/core_cm4.h:1814:22:__NVIC_SetPriority	16	static
../Source/ThirdParty/Drivers/CMSIS/Include/core_cm4.h:1861:26:NVIC_EncodePriority	40	static
../Source/ThirdParty/Drivers/STM32F4xx_HAL_Driver/Inc/stm32f4xx_ll_system.h:671:22:LL_SYSCFG_SetEXTISource	32	static,ignoring_inline_asm
../Source/ThirdParty/Drivers/STM32F4xx_HAL_Driver/Inc/stm32f4xx_ll_exti.h:268:22:LL_EXTI_EnableIT_0_31	16	static
../Source/ThirdParty/Drivers/STM32F4xx_HAL_Driver/Inc/stm32f4xx_ll_exti.h:309:22:LL_EXTI_DisableIT_0_31	16	static
../Source/ThirdParty/Drivers/STM32F4xx_HAL_Driver/Inc/stm32f4xx_ll_exti.h:834:26:LL_EXTI_IsActiveFlag_0_31	16	static
../Source/ThirdParty/Drivers/STM32F4xx_HAL_Driver/Inc/stm32f4xx_ll_exti.h:910:22:LL_EXTI_ClearFlag_0_31	16	static
../Source/Driver/exti_driver.c:97:13:EXTIx_IRQHandler	24	static
../Source/Driver/exti_driver.c:111:6:EXTI0_IRQHandler	8	static
../Source/Driver/exti_driver.c:115:6:EXTI1_IRQHandler	8	static
../Source/Driver/exti_driver.c:123:6:Exti_Driver_InitDevice	32	static
../Source/Driver/exti_driver.c:155:6:Exti_Driver_Disable_IT	16	static
../Source/Driver/exti_driver.c:165:6:Exti_Driver_Enable_IT	16	static
