../Source/ThirdParty/Drivers/STM32F4xx_HAL_Driver/Inc/stm32f4xx_ll_gpio.h:273:22:LL_GPIO_SetPinMode	48	static,ignoring_inline_asm
../Source/ThirdParty/Drivers/STM32F4xx_HAL_Driver/Inc/stm32f4xx_ll_gpio.h:307:26:LL_GPIO_GetPinMode	40	static,ignoring_inline_asm
../Source/ThirdParty/Drivers/STM32F4xx_HAL_Driver/Inc/stm32f4xx_ll_gpio.h:771:26:LL_GPIO_ReadInputPort	16	static
../Source/ThirdParty/Drivers/STM32F4xx_HAL_Driver/Inc/stm32f4xx_ll_gpio.h:823:26:LL_GPIO_ReadOutputPort	16	static
../Source/ThirdParty/Drivers/STM32F4xx_HAL_Driver/Inc/stm32f4xx_ll_gpio.h:881:22:LL_GPIO_SetOutputPin	16	static
../Source/ThirdParty/Drivers/STM32F4xx_HAL_Driver/Inc/stm32f4xx_ll_gpio.h:910:22:LL_GPIO_ResetOutputPin	16	static
../Source/ThirdParty/Drivers/STM32F4xx_HAL_Driver/Inc/stm32f4xx_ll_gpio.h:939:22:LL_GPIO_TogglePin	24	static
../Source/ThirdParty/Drivers/STM32F4xx_HAL_Driver/Inc/stm32f4xx_ll_bus.h:409:22:LL_AHB1_GRP1_EnableClock	24	static
../Source/Driver/gpio_driver.c:169:6:GPIO_Driver_InitAllPins	40	static
../Source/Driver/gpio_driver.c:197:6:GPIO_Driver_WritePin	16	static
../Source/Driver/gpio_driver.c:215:6:GPIO_Driver_ReadPin	16	static
../Source/Driver/gpio_driver.c:239:6:GPIO_Driver_TogglePin	16	static
../Source/Driver/gpio_driver.c:249:6:GPIO_Driver_SetPinMode	16	static
