../Source/ThirdParty/Drivers/CMSIS/Include/core_cm4.h:1684:22:__NVIC_EnableIRQ	16	static,ignoring_inline_asm
../Source/ThirdParty/Drivers/STM32F4xx_HAL_Driver/Inc/stm32f4xx_ll_bus.h:1185:22:LL_APB1_GRP1_EnableClock	24	static
../Source/ThirdParty/Drivers/STM32F4xx_HAL_Driver/Inc/stm32f4xx_ll_usart.h:410:22:LL_USART_Enable	16	static
../Source/ThirdParty/Drivers/STM32F4xx_HAL_Driver/Inc/stm32f4xx_ll_usart.h:435:26:LL_USART_IsEnabled	16	static
../Source/ThirdParty/Drivers/STM32F4xx_HAL_Driver/Inc/stm32f4xx_ll_usart.h:1479:22:LL_USART_ConfigAsyncMode	16	static
../Source/ThirdParty/Drivers/STM32F4xx_HAL_Driver/Inc/stm32f4xx_ll_usart.h:1792:26:LL_USART_IsActiveFlag_RXNE	16	static
../Source/ThirdParty/Drivers/STM32F4xx_HAL_Driver/Inc/stm32f4xx_ll_usart.h:1814:26:LL_USART_IsActiveFlag_TXE	16	static
../Source/ThirdParty/Drivers/STM32F4xx_HAL_Driver/Inc/stm32f4xx_ll_usart.h:2035:22:LL_USART_EnableIT_RXNE	40	static,ignoring_inline_asm
../Source/ThirdParty/Drivers/STM32F4xx_HAL_Driver/Inc/stm32f4xx_ll_usart.h:2403:25:LL_USART_ReceiveData8	16	static
../Source/ThirdParty/Drivers/STM32F4xx_HAL_Driver/Inc/stm32f4xx_ll_usart.h:2426:22:LL_USART_TransmitData8	16	static
../Source/Driver/uart_driver.c:93:13:UARTx_ISRHandler	24	static
../Source/Driver/uart_driver.c:111:6:USART2_IRQHandler	8	static
../Source/Driver/uart_driver.c:119:6:UART_Driver_Init	56	static
../Source/Driver/uart_driver.c:161:6:UART_Driver_SendByte	16	static
../Source/Driver/uart_driver.c:176:6:UART_Driver_SendBytes	32	static
../Source/Driver/uart_driver.c:194:6:UART_Driver_ReceiveByte	16	static
