Archive member included to satisfy reference by file (symbol)

C:/ST/STM32CubeIDE_1.16.1/STM32CubeIDE/plugins/com.st.stm32cube.ide.mcu.externaltools.gnu-tools-for-stm32.12.3.rel1.win32_1.1.0.202410251130/tools/bin/../lib/gcc/arm-none-eabi/12.3.1/../../../../arm-none-eabi/lib/thumb/v7e-m+fp/hard\libc_nano.a(libc_a-calloc.o)
                              ./Source/API/heap_api.o (calloc)
C:/ST/STM32CubeIDE_1.16.1/STM32CubeIDE/plugins/com.st.stm32cube.ide.mcu.externaltools.gnu-tools-for-stm32.12.3.rel1.win32_1.1.0.202410251130/tools/bin/../lib/gcc/arm-none-eabi/12.3.1/../../../../arm-none-eabi/lib/thumb/v7e-m+fp/hard\libc_nano.a(libc_a-callocr.o)
                              C:/ST/STM32CubeIDE_1.16.1/STM32CubeIDE/plugins/com.st.stm32cube.ide.mcu.externaltools.gnu-tools-for-stm32.12.3.rel1.win32_1.1.0.202410251130/tools/bin/../lib/gcc/arm-none-eabi/12.3.1/../../../../arm-none-eabi/lib/thumb/v7e-m+fp/hard\libc_nano.a(libc_a-calloc.o) (_calloc_r)
C:/ST/STM32CubeIDE_1.16.1/STM32CubeIDE/plugins/com.st.stm32cube.ide.mcu.externaltools.gnu-tools-for-stm32.12.3.rel1.win32_1.1.0.202410251130/tools/bin/../lib/gcc/arm-none-eabi/12.3.1/../../../../arm-none-eabi/lib/thumb/v7e-m+fp/hard\libc_nano.a(libc_a-exit.o)
                              C:/ST/STM32CubeIDE_1.16.1/STM32CubeIDE/plugins/com.st.stm32cube.ide.mcu.externaltools.gnu-tools-for-stm32.12.3.rel1.win32_1.1.0.202410251130/tools/bin/../lib/gcc/arm-none-eabi/12.3.1/../../../../arm-none-eabi/lib/thumb/v7e-m+fp/hard/crt0.o (exit)
C:/ST/STM32CubeIDE_1.16.1/STM32CubeIDE/plugins/com.st.stm32cube.ide.mcu.externaltools.gnu-tools-for-stm32.12.3.rel1.win32_1.1.0.202410251130/tools/bin/../lib/gcc/arm-none-eabi/12.3.1/../../../../arm-none-eabi/lib/thumb/v7e-m+fp/hard\libc_nano.a(libc_a-malloc.o)
                              ./Source/Utility/ring_buffer.o (malloc)
C:/ST/STM32CubeIDE_1.16.1/STM32CubeIDE/plugins/com.st.stm32cube.ide.mcu.externaltools.gnu-tools-for-stm32.12.3.rel1.win32_1.1.0.202410251130/tools/bin/../lib/gcc/arm-none-eabi/12.3.1/../../../../arm-none-eabi/lib/thumb/v7e-m+fp/hard\libc_nano.a(libc_a-mallocr.o)
                              C:/ST/STM32CubeIDE_1.16.1/STM32CubeIDE/plugins/com.st.stm32cube.ide.mcu.externaltools.gnu-tools-for-stm32.12.3.rel1.win32_1.1.0.202410251130/tools/bin/../lib/gcc/arm-none-eabi/12.3.1/../../../../arm-none-eabi/lib/thumb/v7e-m+fp/hard\libc_nano.a(libc_a-callocr.o) (_malloc_r)
C:/ST/STM32CubeIDE_1.16.1/STM32CubeIDE/plugins/com.st.stm32cube.ide.mcu.externaltools.gnu-tools-for-stm32.12.3.rel1.win32_1.1.0.202410251130/tools/bin/../lib/gcc/arm-none-eabi/12.3.1/../../../../arm-none-eabi/lib/thumb/v7e-m+fp/hard\libc_nano.a(libc_a-mlock.o)
                              C:/ST/STM32CubeIDE_1.16.1/STM32CubeIDE/plugins/com.st.stm32cube.ide.mcu.externaltools.gnu-tools-for-stm32.12.3.rel1.win32_1.1.0.202410251130/tools/bin/../lib/gcc/arm-none-eabi/12.3.1/../../../../arm-none-eabi/lib/thumb/v7e-m+fp/hard\libc_nano.a(libc_a-mallocr.o) (__malloc_lock)
C:/ST/STM32CubeIDE_1.16.1/STM32CubeIDE/plugins/com.st.stm32cube.ide.mcu.externaltools.gnu-tools-for-stm32.12.3.rel1.win32_1.1.0.202410251130/tools/bin/../lib/gcc/arm-none-eabi/12.3.1/../../../../arm-none-eabi/lib/thumb/v7e-m+fp/hard\libc_nano.a(libc_a-strtoul.o)
                              ./Source/API/cmd_api_helper.o (strtoul)
C:/ST/STM32CubeIDE_1.16.1/STM32CubeIDE/plugins/com.st.stm32cube.ide.mcu.externaltools.gnu-tools-for-stm32.12.3.rel1.win32_1.1.0.202410251130/tools/bin/../lib/gcc/arm-none-eabi/12.3.1/../../../../arm-none-eabi/lib/thumb/v7e-m+fp/hard\libc_nano.a(libc_a-ctype_.o)
                              C:/ST/STM32CubeIDE_1.16.1/STM32CubeIDE/plugins/com.st.stm32cube.ide.mcu.externaltools.gnu-tools-for-stm32.12.3.rel1.win32_1.1.0.202410251130/tools/bin/../lib/gcc/arm-none-eabi/12.3.1/../../../../arm-none-eabi/lib/thumb/v7e-m+fp/hard\libc_nano.a(libc_a-strtoul.o) (_ctype_)
C:/ST/STM32CubeIDE_1.16.1/STM32CubeIDE/plugins/com.st.stm32cube.ide.mcu.externaltools.gnu-tools-for-stm32.12.3.rel1.win32_1.1.0.202410251130/tools/bin/../lib/gcc/arm-none-eabi/12.3.1/../../../../arm-none-eabi/lib/thumb/v7e-m+fp/hard\libc_nano.a(libc_a-findfp.o)
                              ./Source/ThirdParty/Middlewares/Third_Party/FreeRTOS/Source/tasks.o (__sf)
C:/ST/STM32CubeIDE_1.16.1/STM32CubeIDE/plugins/com.st.stm32cube.ide.mcu.externaltools.gnu-tools-for-stm32.12.3.rel1.win32_1.1.0.202410251130/tools/bin/../lib/gcc/arm-none-eabi/12.3.1/../../../../arm-none-eabi/lib/thumb/v7e-m+fp/hard\libc_nano.a(libc_a-fwalk.o)
                              C:/ST/STM32CubeIDE_1.16.1/STM32CubeIDE/plugins/com.st.stm32cube.ide.mcu.externaltools.gnu-tools-for-stm32.12.3.rel1.win32_1.1.0.202410251130/tools/bin/../lib/gcc/arm-none-eabi/12.3.1/../../../../arm-none-eabi/lib/thumb/v7e-m+fp/hard\libc_nano.a(libc_a-findfp.o) (_fwalk_sglue)
[...]
Memory Configuration

Name             Origin             Length             Attributes
RAM              0x20000000         0x00020000         xrw
FLASH            0x08000000         0x00080000         xr
*default*        0x00000000         0xffffffff

Linker script and memory map

LOAD C:/ST/STM32CubeIDE_1.16.1/STM32CubeIDE/plugins/com.st.stm32cube.ide.mcu.externaltools.gnu-tools-for-stm32.12.3.rel1.win32_1.1.0.202410251130/tools/bin/../lib/gcc/arm-none-eabi/12.3.1/thumb/v7e-m+fp/hard/crti.o
LOAD C:/ST/STM32CubeIDE_1.16.1/STM32CubeIDE/plugins/com.st.stm32cube.ide.mcu.externaltools.gnu-tools-for-stm32.12.3.rel1.win32_1.1.0.202410251130/tools/bin/../lib/gcc/arm-none-eabi/12.3.1/thumb/v7e-m+fp/hard/crtbegin.o
LOAD C:/ST/STM32CubeIDE_1.16.1/STM32CubeIDE/plugins/com.st.stm32cube.ide.mcu.externaltools.gnu-tools-for-stm32.12.3.rel1.win32_1.1.0.202410251130/tools/bin/../lib/gcc/arm-none-eabi/12.3.1/../../../../arm-none-eabi/lib/thumb/v7e-m+fp/hard/crt0.o
LOAD ./Source/API/button_api.o
LOAD ./Source/API/cmd_api.o
LOAD ./Source/API/cmd_api_helper.o
LOAD ./Source/API/debug_api.o
LOAD ./Source/API/heap_api.o
LOAD ./Source/API/led_api.o
LOAD ./Source/API/uart_api.o
LOAD ./Source/APP/cli_app.o
LOAD ./Source/APP/cli_cmd_handlers.o
LOAD ./Source/APP/led_app.o
LOAD ./Source/APP/main.o
LOAD ./Source/Driver/exti_driver.o
LOAD ./Source/Driver/gpio_driver.o
LOAD ./Source/Driver/timer_driver.o
LOAD ./Source/Driver/uart_driver.o
LOAD ./Source/ThirdParty/Core/Src/freertos.o
LOAD ./Source/ThirdParty/Core/Src/gpio.o
LOAD ./Source/ThirdParty/Core/Src/i2c.o
LOAD ./Source/ThirdParty/Core/Src/stm32f4xx_hal_msp.o
LOAD ./Source/ThirdParty/Core/Src/stm32f4xx_hal_timebase_tim.o
LOAD ./Source/ThirdParty/Core/Src/stm32f4xx_it.o
LOAD ./Source/ThirdParty/Core/Src/system_stm32f4xx.o
LOAD ./Source/ThirdParty/Core/Src/tim.o
LOAD ./Source/ThirdParty/Core/Src/usart.o
LOAD ./Source/ThirdParty/Core/Startup/startup_stm32f411retx.o
LOAD ./Source/ThirdParty/Drivers/STM32F4xx_HAL_Driver/Src/stm32f4xx_hal.o
LOAD ./Source/ThirdParty/Drivers/STM32F4xx_HAL_Driver/Src/stm32f4xx_hal_cortex.o
LOAD ./Source/ThirdParty/Drivers/STM32F4xx_HAL_Driver/Src/stm32f4xx_hal_dma.o
LOAD ./Source/ThirdParty/Drivers/STM32F4xx_HAL_Driver/Src/stm32f4xx_hal_dma_ex.o
LOAD ./Source/ThirdParty/Drivers/STM32F4xx_HAL_Driver/Src/stm32f4xx_hal_exti.o
LOAD ./Source/ThirdParty/Drivers/STM32F4xx_HAL_Driver/Src/stm32f4xx_hal_flash.o
LOAD ./Source/ThirdParty/Drivers/STM32F4xx_HAL_Driver/Src/stm32f4xx_hal_flash_ex.o
LOAD ./Source/ThirdParty/Drivers/STM32F4xx_HAL_Driver/Src/stm32f4xx_hal_flash_ramfunc.o
LOAD ./Source/ThirdParty/Drivers/STM32F4xx_HAL_Driver/Src/stm32f4xx_hal_gpio.o
LOAD ./Source/ThirdParty/Drivers/STM32F4xx_HAL_Driver/Src/stm32f4xx_hal_pwr.o
LOAD ./Source/ThirdParty/Drivers/STM32F4xx_HAL_Driver/Src/stm32f4xx_hal_pwr_ex.o
LOAD ./Source/ThirdParty/Drivers/STM32F4xx_HAL_Driver/Src/stm32f4xx_hal_rcc.o
LOAD ./Source/ThirdParty/Drivers/STM32F4xx_HAL_Driver/Src/stm32f4xx_hal_rcc_ex.o
LOAD ./Source/ThirdParty/Drivers/STM32F4xx_HAL_Driver/Src/stm32f4xx_hal_tim.o
LOAD ./Source/ThirdParty/Drivers/STM32F4xx_HAL_Driver/Src/stm32f4xx_hal_tim_ex.o
LOAD ./Source/ThirdParty/Drivers/STM32F4xx_HAL_Driver/Src/stm32f4xx_ll_dma.o
LOAD ./Source/ThirdParty/Drivers/STM32F4xx_HAL_Driver/Src/stm32f4xx_ll_exti.o
LOAD ./Source/ThirdParty/Drivers/STM32F4xx_HAL_Driver/Src/stm32f4xx_ll_gpio.o
LOAD ./Source/ThirdParty/Drivers/STM32F4xx_HAL_Driver/Src/stm32f4xx_ll_i2c.o
LOAD ./Source/ThirdParty/Drivers/STM32F4xx_HAL_Driver/Src/stm32f4xx_ll_rcc.o
LOAD ./Source/ThirdParty/Drivers/STM32F4xx_HAL_Driver/Src/stm32f4xx_ll_tim.o
LOAD ./Source/ThirdParty/Drivers/STM32F4xx_HAL_Driver/Src/stm32f4xx_ll_usart.o
LOAD ./Source/ThirdParty/Drivers/STM32F4xx_HAL_Driver/Src/stm32f4xx_ll_utils.o
LOAD ./Source/ThirdParty/Middlewares/Third_Party/FreeRTOS/Source/CMSIS_RTOS_V2/cmsis_os2.o
LOAD ./Source/ThirdParty/Middlewares/Third_Party/FreeRTOS/Source/croutine.o
LOAD ./Source/ThirdParty/Middlewares/Third_Party/FreeRTOS/Source/event_groups.o
LOAD ./Source/ThirdParty/Middlewares/Third_Party/FreeRTOS/Source/list.o
LOAD ./Source/ThirdParty/Middlewares/Third_Party/FreeRTOS/Source/queue.o
LOAD ./Source/ThirdParty/Middlewares/Third_Party/FreeRTOS/Source/stream_buffer.o
LOAD ./Source/ThirdParty/Middlewares/Third_Party/FreeRTOS/Source/tasks.o
LOAD ./Source/ThirdParty/Middlewares/Third_Party/FreeRTOS/Source/timers.o
LOAD ./Source/ThirdParty/Middlewares/Third_Party/FreeRTOS/Source/portable/GCC/ARM_CM4F/port.o
LOAD ./Source/ThirdParty/Middlewares/Third_Party/FreeRTOS/Source/portable/MemMang/heap_4.o
LOAD ./Source/Utility/error_messages.o
LOAD ./Source/Utility/ring_buffer.o
START GROUP
LOAD C:/ST/STM32CubeIDE_1.16.1/STM32CubeIDE/plugins/com.st.stm32cube.ide.mcu.externaltools.gnu-tools-for-stm32.12.3.rel1.win32_1.1.0.202410251130/tools/bin/../lib/gcc/arm-none-eabi/12.3.1/../../../../arm-none-eabi/lib/thumb/v7e-m+fp/hard\libc_nano.a
LOAD C:/ST/STM32CubeIDE_1.16.1/STM32CubeIDE/plugins/com.st.stm32cube.ide.mcu.externaltools.gnu-tools-for-stm32.12.3.rel1.win32_1.1.0.202410251130/tools/bin/../lib/gcc/arm-none-eabi/12.3.1/../../../../arm-none-eabi/lib/thumb/v7e-m+fp/hard\libm.a
END GROUP
START GROUP
LOAD C:/ST/STM32CubeIDE_1.16.1/STM32CubeIDE/plugins/com.st.stm32cube.ide.mcu.externaltools.gnu-tools-for-stm32.12.3.rel1.win32_1.1.0.202410251130/tools/bin/../lib/gcc/arm-none-eabi/12.3.1/thumb/v7e-m+fp/hard\libgcc.a
LOAD C:/ST/STM32CubeIDE_1.16.1/STM32CubeIDE/plugins/com.st.stm32cube.ide.mcu.externaltools.gnu-tools-for-stm32.12.3.rel1.win32_1.1.0.202410251130/tools/bin/../lib/gcc/arm-none-eabi/12.3.1/../../../../arm-none-eabi/lib/thumb/v7e-m+fp/hard\libc_nano.a
END GROUP
START GROUP
LOAD C:/ST/STM32CubeIDE_1.16.1/STM32CubeIDE/plugins/com.st.stm32cube.ide.mcu.externaltools.gnu-tools-for-stm32.12.3.rel1.win32_1.1.0.202410251130/tools/bin/../lib/gcc/arm-none-eabi/12.3.1/thumb/v7e-m+fp/hard\libgcc.a
LOAD C:/ST/STM32CubeIDE_1.16.1/STM32CubeIDE/plugins/com.st.stm32cube.ide.mcu.externaltools.gnu-tools-for-stm32.12.3.rel1.win32_1.1.0.202410251130/tools/bin/../lib/gcc/arm-none-eabi/12.3.1/../../../../arm-none-eabi/lib/thumb/v7e-m+fp/hard\libc_nano.a
LOAD C:/ST/STM32CubeIDE_1.16.1/STM32CubeIDE/plugins/com.st.stm32cube.ide.mcu.externaltools.gnu-tools-for-stm32.12.3.rel1.win32_1.1.0.202410251130/tools/bin/../lib/gcc/arm-none-eabi/12.3.1/../../../../arm-none-eabi/lib/thumb/v7e-m+fp/hard\libnosys.a
END GROUP
START GROUP
LOAD C:/ST/STM32CubeIDE_1.16.1/STM32CubeIDE/plugins/com.st.stm32cube.ide.mcu.externaltools.gnu-tools-for-stm32.12.3.rel1.win32_1.1.0.202410251130/tools/bin/../lib/gcc/arm-none-eabi/12.3.1/thumb/v7e-m+fp/hard\libgcc.a
LOAD C:/ST/STM32CubeIDE_1.16.1/STM32CubeIDE/plugins/com.st.stm32cube.ide.mcu.externaltools.gnu-tools-for-stm32.12.3.rel1.win32_1.1.0.202410251130/tools/bin/../lib/gcc/arm-none-eabi/12.3.1/../../../../arm-none-eabi/lib/thumb/v7e-m+fp/hard\libc_nano.a
LOAD C:/ST/STM32CubeIDE_1.16.1/STM32CubeIDE/plugins/com.st.stm32cube.ide.mcu.externaltools.gnu-tools-for-stm32.12.3.rel1.win32_1.1.0.202410251130/tools/bin/../lib/gcc/arm-none-eabi/12.3.1/../../../../arm-none-eabi/lib/thumb/v7e-m+fp/hard\libnosys.a
END GROUP
LOAD C:/ST/STM32CubeIDE_1.16.1/STM32CubeIDE/plugins/com.st.stm32cube.ide.mcu.externaltools.gnu-tools-for-stm32.12.3.rel1.win32_1.1.0.202410251130/tools/bin/../lib/gcc/arm-none-eabi/12.3.1/thumb/v7e-m+fp/hard/crtend.o
LOAD C:/ST/STM32CubeIDE_1.16.1/STM32CubeIDE/plugins/com.st.stm32cube.ide.mcu.externaltools.gnu-tools-for-stm32.12.3.rel1.win32_1.1.0.202410251130/tools/bin/../lib/gcc/arm-none-eabi/12.3.1/thumb/v7e-m+fp/hard/crtn.o
                0x20020000                        _estack = (ORIGIN (RAM) + LENGTH (RAM))
                0x00000200                        _Min_Heap_Size = 0x200
                0x00000400                        _Min_Stack_Size = 0x400

.isr_vector     0x08000000      0x198
                0x08000000                        . = ALIGN (0x4)
 *(.isr_vector)
 .isr_vector    0x08000000      0x198 ./Source/ThirdParty/Core/Startup/startup_stm32f411retx.o
                0x08000000                g_pfnVectors
                0x08000198                        . = ALIGN (0x4)

.text           0x080001a0     0x8f54
                0x080001a0                        . = ALIGN (0x4)
 *(.text)
 .text          0x080001a0       0x40 C:/ST/STM32CubeIDE_1.16.1/STM32CubeIDE/plugins/com.st.stm32cube.ide.mcu.externaltools.gnu-tools-for-stm32.12.3.rel1.win32_1.1.0.202410251130/tools/bin/../lib/gcc/arm-none-eabi/12.3.1/thumb/v7e-m+fp/hard/crtbegin.o
 .text          0x080001e0       0x10 C:/ST/STM32CubeIDE_1.16.1/STM32CubeIDE/plugins/com.st.stm32cube.ide.mcu.externaltools.gnu-tools-for-stm32.12.3.rel1.win32_1.1.0.202410251130/tools/bin/../lib/gcc/arm-none-eabi/12.3.1/../../../../arm-none-eabi/lib/thumb/v7e-m+fp/hard\libc_nano.a(libc_a-strlen.o)
                0x080001e0                strlen
 .text          0x080001f0       0xa0 C:/ST/STM32CubeIDE_1.16.1/STM32CubeIDE/plugins/com.st.stm32cube.ide.mcu.externaltools.gnu-tools-for-stm32.12.3.rel1.win32_1.1.0.202410251130/tools/bin/../lib/gcc/arm-none-eabi/12.3.1/../../../../arm-none-eabi/lib/thumb/v7e-m+fp/hard\libc_nano.a(libc_a-memchr.o)
                0x080001f0                memchr
 .text          0x08000290       0x30 C:/ST/STM32CubeIDE_1.16.1/STM32CubeIDE/plugins/com.st.stm32cube.ide.mcu.externaltools.gnu-tools-for-stm32.12.3.rel1.win32_1.1.0.202410251130/tools/bin/../lib/gcc/arm-none-eabi/12.3.1/thumb/v7e-m+fp/hard\libgcc.a(_aeabi_uldivmod.o)
                0x08000290                __aeabi_uldivmod
 .text          0x080002c0      0x2bc C:/ST/STM32CubeIDE_1.16.1/STM32CubeIDE/plugins/com.st.stm32cube.ide.mcu.externaltools.gnu-tools-for-stm32.12.3.rel1.win32_1.1.0.202410251130/tools/bin/../lib/gcc/arm-none-eabi/12.3.1/thumb/v7e-m+fp/hard\libgcc.a(_udivmoddi4.o)
                0x080002c0                __udivmoddi4
 .text          0x0800057c        0x4 C:/ST/STM32CubeIDE_1.16.1/STM32CubeIDE/plugins/com.st.stm32cube.ide.mcu.externaltools.gnu-tools-for-stm32.12.3.rel1.win32_1.1.0.202410251130/tools/bin/../lib/gcc/arm-none-eabi/12.3.1/thumb/v7e-m+fp/hard\libgcc.a(_dvmd_tls.o)
                0x0800057c                __aeabi_idiv0
                0x0800057c                __aeabi_ldiv0
 *(.text*)
 .text.CMD_API_FindCommand
                0x08000580      0x118 ./Source/API/cmd_api.o
                0x08000580                CMD_API_FindCommand
 .text.CMD_API_Helper_FindNextArgUInt
                0x08000698      0x124 ./Source/API/cmd_api_helper.o
                0x08000698                CMD_API_Helper_FindNextArgUInt
 .text.Debug_API_Init
                0x080007bc       0x64 ./Source/API/debug_api.o
                0x080007bc                Debug_API_Init
 .text.Debug_API_Print
                0x08000820      0x128 ./Source/API/debug_api.o
                0x08000820                Debug_API_Print
 .text.Heap_API_Init
                0x08000948       0x34 ./Source/API/heap_api.o
                0x08000948                Heap_API_Init
 .text.Heap_API_MemoryAllocate
                0x0800097c       0x64 ./Source/API/heap_api.o
                0x0800097c                Heap_API_MemoryAllocate
 .text.Heap_API_Free
                0x080009e0       0x48 ./Source/API/heap_api.o
                0x080009e0                Heap_API_Free
 .text.LED_API_Blink_Timer_Callback
                0x08000a28       0x86 ./Source/API/led_api.o
 *fill*         0x08000aae        0x2 
 .text.LED_API_Init
                0x08000ab0       0xfc ./Source/API/led_api.o
                0x08000ab0                LED_API_Init
 .text.LED_API_TurnOn
                0x08000bac       0x78 ./Source/API/led_api.o
                0x08000bac                LED_API_TurnOn
 .text.LED_API_TurnOff
                0x08000c24       0x60 ./Source/API/led_api.o
                0x08000c24                LED_API_TurnOff
 .text.LED_API_Toggle
                0x08000c84       0x4c ./Source/API/led_api.o
                0x08000c84                LED_API_Toggle
 .text.LED_API_Blink
                0x08000cd0      0x134 ./Source/API/led_api.o
                0x08000cd0                LED_API_Blink
 .text.LED_API_IsCorrectLed
                0x08000e04       0x22 ./Source/API/led_api.o
                0x08000e04                LED_API_IsCorrectLed
 .text.LED_API_IsCorrectBlinkTime
                0x08000e26       0x2e ./Source/API/led_api.o
                0x08000e26                LED_API_IsCorrectBlinkTime
 .text.LED_API_IsCorrectBlinkFrequency
                0x08000e54       0x2e ./Source/API/led_api.o
                0x08000e54                LED_API_IsCorrectBlinkFrequency
 *fill*         0x08000e82        0x2 
 .text.UART_API_FsmThread
                0x08000e84      0x218 ./Source/API/uart_api.o
 .text.UART_API_BufferIncrement
                0x0800109c       0x7c ./Source/API/uart_api.o
 .text.UART_API_IsDelimiterReceived
                0x08001118       0xa8 ./Source/API/uart_api.o
 .text.UART_API_Init
                0x080011c0      0x1d8 ./Source/API/uart_api.o
                0x080011c0                UART_API_Init
 .text.UART_API_Send
                0x08001398       0x9c ./Source/API/uart_api.o
                0x08001398                UART_API_Send
 .text.UART_API_Receive
                0x08001434       0x58 ./Source/API/uart_api.o
                0x08001434                UART_API_Receive
 .text.CLI_APP_Thread
                0x0800148c       0x6c ./Source/APP/cli_app.o
 .text.CLI_APP_Init
                0x080014f8       0x88 ./Source/APP/cli_app.o
                0x080014f8                CLI_APP_Init
 .text.CLI_APP_Led_Handlers_Common
                0x08001580      0x164 ./Source/APP/cli_cmd_handlers.o
 .text.CLI_APP_Led_Handlers_Set
                0x080016e4       0x2c ./Source/APP/cli_cmd_handlers.o
                0x080016e4                CLI_APP_Led_Handlers_Set
 .text.CLI_APP_Led_Handlers_Reset
                0x08001710       0x2c ./Source/APP/cli_cmd_handlers.o
                0x08001710                CLI_APP_Led_Handlers_Reset
 .text.CLI_APP_Led_Handlers_Toggle
                0x0800173c       0x2c ./Source/APP/cli_cmd_handlers.o
                0x0800173c                CLI_APP_Led_Handlers_Toggle
 .text.CLI_APP_Led_Handlers_Blink
                0x08001768      0x214 ./Source/APP/cli_cmd_handlers.o
                0x08001768                CLI_APP_Led_Handlers_Blink
 .text.LED_APP_Thread
                0x0800197c      0x3d0 ./Source/APP/led_app.o
 .text.LED_APP_Init
                0x08001d4c       0x7c ./Source/APP/led_app.o
                0x08001d4c                LED_APP_Init
 .text.LED_APP_Add_Task
                0x08001dc8       0x44 ./Source/APP/led_app.o
                0x08001dc8                LED_APP_Add_Task
 .text.__NVIC_SetPriorityGrouping
                0x08001e0c       0x48 ./Source/APP/main.o
 .text.__NVIC_GetPriorityGrouping
                0x08001e54       0x1c ./Source/APP/main.o
 .text.__NVIC_SetPriority
                0x08001e70       0x54 ./Source/APP/main.o
 .text.NVIC_EncodePriority
                0x08001ec4       0x66 ./Source/APP/main.o
 *fill*         0x08001f2a        0x2 
 .text.LL_RCC_HSI_Enable
                0x08001f2c       0x20 ./Source/APP/main.o
 .text.LL_RCC_HSI_IsReady
                0x08001f4c       0x24 ./Source/APP/main.o
 .text.LL_RCC_HSI_SetCalibTrimming
                0x08001f70       0x2c ./Source/APP/main.o
 .text.LL_RCC_SetSysClkSource
                0x08001f9c       0x28 ./Source/APP/main.o
 .text.LL_RCC_GetSysClkSource
                0x08001fc4       0x1c ./Source/APP/main.o
 .text.LL_RCC_SetAHBPrescaler
                0x08001fe0       0x28 ./Source/APP/main.o
 .text.LL_RCC_SetAPB1Prescaler
                0x08002008       0x28 ./Source/APP/main.o
 .text.LL_RCC_SetAPB2Prescaler
                0x08002030       0x28 ./Source/APP/main.o
 .text.LL_RCC_PLL_Enable
                0x08002058       0x20 ./Source/APP/main.o
 .text.LL_RCC_PLL_IsReady
                0x08002078       0x28 ./Source/APP/main.o
 .text.LL_RCC_PLL_ConfigDomain_SYS
                0x080020a0       0x4c ./Source/APP/main.o
 .text.LL_APB1_GRP1_EnableClock
                0x080020ec       0x30 ./Source/APP/main.o
 .text.LL_APB2_GRP1_EnableClock
                0x0800211c       0x30 ./Source/APP/main.o
 .text.LL_FLASH_SetLatency
                0x0800214c       0x28 ./Source/APP/main.o
 .text.LL_FLASH_GetLatency
                0x08002174       0x1c ./Source/APP/main.o
 .text.LL_PWR_SetRegulVoltageScaling
                0x08002190       0x28 ./Source/APP/main.o
 .text.LL_PWR_IsActiveFlag_VOS
                0x080021b8       0x28 ./Source/APP/main.o
 .text.LL_TIM_EnableCounter
                0x080021e0       0x20 ./Source/APP/main.o
 .text.LL_TIM_ClearFlag_UPDATE
                0x08002200       0x1c ./Source/APP/main.o
 .text.LL_TIM_IsActiveFlag_UPDATE
                0x0800221c       0x26 ./Source/APP/main.o
 .text.LL_TIM_EnableIT_UPDATE
                0x08002242       0x20 ./Source/APP/main.o
 *fill*         0x08002262        0x2 
 .text.SystemClock_Config
                0x08002264       0xa4 ./Source/APP/main.o
 .text.configureTimerForRunTimeStats
                0x08002308       0x24 ./Source/APP/main.o
                0x08002308                configureTimerForRunTimeStats
 .text.getRunTimeCounterValue
                0x0800232c       0x18 ./Source/APP/main.o
                0x0800232c                getRunTimeCounterValue
 .text.TIM1_UP_TIM10_IRQHandler
                0x08002344       0x2c ./Source/APP/main.o
                0x08002344                TIM1_UP_TIM10_IRQHandler
 .text.main     0x08002370       0x98 ./Source/APP/main.o
                0x08002370                main
 .text.HAL_TIM_PeriodElapsedCallback
                0x08002408       0x1e ./Source/APP/main.o
                0x08002408                HAL_TIM_PeriodElapsedCallback
 *fill*         0x08002426        0x2 
 .text.LL_EXTI_IsActiveFlag_0_31
                0x08002428       0x2c ./Source/Driver/exti_driver.o
 .text.LL_EXTI_ClearFlag_0_31
                0x08002454       0x20 ./Source/Driver/exti_driver.o
 .text.EXTIx_IRQHandler
                0x08002474       0x94 ./Source/Driver/exti_driver.o
 .text.EXTI0_IRQHandler
                0x08002508        0xe ./Source/Driver/exti_driver.o
                0x08002508                EXTI0_IRQHandler
 .text.EXTI1_IRQHandler
                0x08002516        0xe ./Source/Driver/exti_driver.o
                0x08002516                EXTI1_IRQHandler
 .text.LL_GPIO_GetPinMode
                0x08002524       0x6e ./Source/Driver/gpio_driver.o
 .text.LL_GPIO_SetOutputPin
                0x08002592       0x1c ./Source/Driver/gpio_driver.o
 .text.LL_GPIO_ResetOutputPin
                0x080025ae       0x1e ./Source/Driver/gpio_driver.o
 .text.LL_GPIO_TogglePin
                0x080025cc       0x32 ./Source/Driver/gpio_driver.o
 *fill*         0x080025fe        0x2 
 .text.LL_AHB1_GRP1_EnableClock
                0x08002600       0x30 ./Source/Driver/gpio_driver.o
 .text.GPIO_Driver_InitAllPins
                0x08002630       0xf4 ./Source/Driver/gpio_driver.o
                0x08002630                GPIO_Driver_InitAllPins
 .text.GPIO_Driver_WritePin
                0x08002724       0x94 ./Source/Driver/gpio_driver.o
                0x08002724                GPIO_Driver_WritePin
 .text.GPIO_Driver_TogglePin
                0x080027b8       0x40 ./Source/Driver/gpio_driver.o
                0x080027b8                GPIO_Driver_TogglePin
 .text.__NVIC_GetPriorityGrouping
                0x080027f8       0x1c ./Source/Driver/timer_driver.o
 .text.__NVIC_EnableIRQ
                0x08002814       0x3c ./Source/Driver/timer_driver.o
 .text.__NVIC_SetPriority
                0x08002850       0x54 ./Source/Driver/timer_driver.o
 .text.NVIC_EncodePriority
                0x080028a4       0x66 ./Source/Driver/timer_driver.o
 *fill*         0x0800290a        0x2 
 .text.LL_APB1_GRP1_EnableClock
                0x0800290c       0x30 ./Source/Driver/timer_driver.o
 .text.LL_APB2_GRP1_EnableClock
                0x0800293c       0x30 ./Source/Driver/timer_driver.o
 .text.LL_TIM_EnableCounter
                0x0800296c       0x20 ./Source/Driver/timer_driver.o
 .text.LL_TIM_DisableARRPreload
                0x0800298c       0x20 ./Source/Driver/timer_driver.o
 .text.LL_TIM_SetClockSource
                0x080029ac       0x2a ./Source/Driver/timer_driver.o
 .text.LL_TIM_SetTriggerOutput
                0x080029d6       0x26 ./Source/Driver/timer_driver.o
 .text.LL_TIM_DisableMasterSlaveMode
                0x080029fc       0x20 ./Source/Driver/timer_driver.o
 .text.Timer_Driver_InitAllTimers
                0x08002a1c      0x204 ./Source/Driver/timer_driver.o
                0x08002a1c                Timer_Driver_InitAllTimers
 .text.Timer_Driver_Start
                0x08002c20       0x68 ./Source/Driver/timer_driver.o
                0x08002c20                Timer_Driver_Start
 .text.__NVIC_EnableIRQ
                0x08002c88       0x3c ./Source/Driver/uart_driver.o
 .text.LL_APB1_GRP1_EnableClock
                0x08002cc4       0x30 ./Source/Driver/uart_driver.o
 .text.LL_USART_Enable
                0x08002cf4       0x20 ./Source/Driver/uart_driver.o
 .text.LL_USART_IsEnabled
                0x08002d14       0x28 ./Source/Driver/uart_driver.o
 .text.LL_USART_ConfigAsyncMode
                0x08002d3c       0x2c ./Source/Driver/uart_driver.o
 .text.LL_USART_IsActiveFlag_RXNE
                0x08002d68       0x26 ./Source/Driver/uart_driver.o
 .text.LL_USART_IsActiveFlag_TXE
                0x08002d8e       0x26 ./Source/Driver/uart_driver.o
 .text.LL_USART_EnableIT_RXNE
                0x08002db4       0x46 ./Source/Driver/uart_driver.o
 .text.LL_USART_ReceiveData8
                0x08002dfa       0x1a ./Source/Driver/uart_driver.o
 .text.LL_USART_TransmitData8
                0x08002e14       0x1e ./Source/Driver/uart_driver.o
 *fill*         0x08002e32        0x2 
 .text.UARTx_ISRHandler
                0x08002e34       0x8c ./Source/Driver/uart_driver.o
 .text.USART2_IRQHandler
                0x08002ec0        0xe ./Source/Driver/uart_driver.o
                0x08002ec0                USART2_IRQHandler
 *fill*         0x08002ece        0x2 
 .text.UART_Driver_Init
                0x08002ed0      0x1a0 ./Source/Driver/uart_driver.o
                0x08002ed0                UART_Driver_Init
 .text.UART_Driver_SendByte
                0x08003070       0x80 ./Source/Driver/uart_driver.o
                0x08003070                UART_Driver_SendByte
 .text.UART_Driver_SendBytes
                0x080030f0       0x68 ./Source/Driver/uart_driver.o
                0x080030f0                UART_Driver_SendBytes
 .text.UART_Driver_ReceiveByte
                0x08003158       0x64 ./Source/Driver/uart_driver.o
                0x08003158                UART_Driver_ReceiveByte
 .text.HAL_InitTick
                0x080031bc       0xf8 ./Source/ThirdParty/Core/Src/stm32f4xx_hal_timebase_tim.o
                0x080031bc                HAL_InitTick
 .text.NMI_Handler
                0x080032b4        0x8 ./Source/ThirdParty/Core/Src/stm32f4xx_it.o
                0x080032b4                NMI_Handler
 .text.HardFault_Handler
                0x080032bc        0x8 ./Source/ThirdParty/Core/Src/stm32f4xx_it.o
                0x080032bc                HardFault_Handler
 .text.MemManage_Handler
                0x080032c4        0x8 ./Source/ThirdParty/Core/Src/stm32f4xx_it.o
                0x080032c4                MemManage_Handler
 .text.BusFault_Handler
                0x080032cc        0x8 ./Source/ThirdParty/Core/Src/stm32f4xx_it.o
                0x080032cc                BusFault_Handler
 .text.UsageFault_Handler
                0x080032d4        0x8 ./Source/ThirdParty/Core/Src/stm32f4xx_it.o
                0x080032d4                UsageFault_Handler
 .text.DebugMon_Handler
                0x080032dc        0xe ./Source/ThirdParty/Core/Src/stm32f4xx_it.o
                0x080032dc                DebugMon_Handler
 *fill*         0x080032ea        0x2 
 .text.TIM2_IRQHandler
                0x080032ec       0x14 ./Source/ThirdParty/Core/Src/stm32f4xx_it.o
                0x080032ec                TIM2_IRQHandler
 .text.I2C1_EV_IRQHandler
                0x08003300        0xe ./Source/ThirdParty/Core/Src/stm32f4xx_it.o
                0x08003300                I2C1_EV_IRQHandler
 *fill*         0x0800330e        0x2 
 .text.SystemInit
                0x08003310       0x24 ./Source/ThirdParty/Core/Src/system_stm32f4xx.o
                0x08003310                SystemInit
 .text.Reset_Handler
                0x08003334       0x50 ./Source/ThirdParty/Core/Startup/startup_stm32f411retx.o
                0x08003334                Reset_Handler
 .text.Default_Handler
                0x08003384        0x2 ./Source/ThirdParty/Core/Startup/startup_stm32f411retx.o
                0x08003384                RTC_Alarm_IRQHandler
                0x08003384                EXTI2_IRQHandler
                0x08003384                SPI4_IRQHandler
                0x08003384                TIM1_CC_IRQHandler
                0x08003384                DMA2_Stream5_IRQHandler
                0x08003384                DMA1_Stream5_IRQHandler
                0x08003384                PVD_IRQHandler
                0x08003384                SDIO_IRQHandler
                0x08003384                TAMP_STAMP_IRQHandler
                0x08003384                EXTI3_IRQHandler
                0x08003384                I2C3_ER_IRQHandler
                0x08003384                I2C2_EV_IRQHandler
                0x08003384                DMA1_Stream2_IRQHandler
                0x08003384                FPU_IRQHandler
                0x08003384                DMA2_Stream2_IRQHandler
                0x08003384                SPI1_IRQHandler
                0x08003384                TIM1_BRK_TIM9_IRQHandler
                0x08003384                DMA2_Stream3_IRQHandler
                0x08003384                USART6_IRQHandler
                0x08003384                DMA2_Stream0_IRQHandler
                0x08003384                TIM4_IRQHandler
                0x08003384                DMA1_Stream6_IRQHandler
                0x08003384                DMA1_Stream1_IRQHandler
                0x08003384                TIM3_IRQHandler
                0x08003384                RCC_IRQHandler
                0x08003384                Default_Handler
                0x08003384                EXTI15_10_IRQHandler
                0x08003384                ADC_IRQHandler
                0x08003384                DMA1_Stream7_IRQHandler
                0x08003384                SPI5_IRQHandler
                0x08003384                TIM5_IRQHandler
                0x08003384                DMA2_Stream7_IRQHandler
                0x08003384                I2C3_EV_IRQHandler
                0x08003384                EXTI9_5_IRQHandler
                0x08003384                RTC_WKUP_IRQHandler
                0x08003384                SPI2_IRQHandler
                0x08003384                DMA1_Stream0_IRQHandler
                0x08003384                EXTI4_IRQHandler
                0x08003384                WWDG_IRQHandler
                0x08003384                OTG_FS_WKUP_IRQHandler
                0x08003384                TIM1_TRG_COM_TIM11_IRQHandler
                0x08003384                I2C2_ER_IRQHandler
                0x08003384                DMA2_Stream1_IRQHandler
                0x08003384                FLASH_IRQHandler
                0x08003384                DMA2_Stream4_IRQHandler
                0x08003384                USART1_IRQHandler
                0x08003384                OTG_FS_IRQHandler
                0x08003384                SPI3_IRQHandler
                0x08003384                DMA1_Stream4_IRQHandler
                0x08003384                I2C1_ER_IRQHandler
                0x08003384                DMA2_Stream6_IRQHandler
                0x08003384                DMA1_Stream3_IRQHandler
 *fill*         0x08003386        0x2 
 .text.HAL_IncTick
                0x08003388       0x28 ./Source/ThirdParty/Drivers/STM32F4xx_HAL_Driver/Src/stm32f4xx_hal.o
                0x08003388                HAL_IncTick
 .text.__NVIC_GetPriorityGrouping
                0x080033b0       0x1c ./Source/ThirdParty/Drivers/STM32F4xx_HAL_Driver/Src/stm32f4xx_hal_cortex.o
 .text.__NVIC_EnableIRQ
                0x080033cc       0x3c ./Source/ThirdParty/Drivers/STM32F4xx_HAL_Driver/Src/stm32f4xx_hal_cortex.o
 .text.__NVIC_SetPriority
                0x08003408       0x54 ./Source/ThirdParty/Drivers/STM32F4xx_HAL_Driver/Src/stm32f4xx_hal_cortex.o
 .text.NVIC_EncodePriority
                0x0800345c       0x66 ./Source/ThirdParty/Drivers/STM32F4xx_HAL_Driver/Src/stm32f4xx_hal_cortex.o
 .text.HAL_NVIC_SetPriority
                0x080034c2       0x38 ./Source/ThirdParty/Drivers/STM32F4xx_HAL_Driver/Src/stm32f4xx_hal_cortex.o
                0x080034c2                HAL_NVIC_SetPriority
 .text.HAL_NVIC_EnableIRQ
                0x080034fa       0x1c ./Source/ThirdParty/Drivers/STM32F4xx_HAL_Driver/Src/stm32f4xx_hal_cortex.o
                0x080034fa                HAL_NVIC_EnableIRQ
 *fill*         0x08003516        0x2 
 .text.HAL_RCC_GetHCLKFreq
                0x08003518       0x18 ./Source/ThirdParty/Drivers/STM32F4xx_HAL_Driver/Src/stm32f4xx_hal_rcc.o
                0x08003518                HAL_RCC_GetHCLKFreq
 .text.HAL_RCC_GetPCLK1Freq
                0x08003530       0x28 ./Source/ThirdParty/Drivers/STM32F4xx_HAL_Driver/Src/stm32f4xx_hal_rcc.o
                0x08003530                HAL_RCC_GetPCLK1Freq
 .text.HAL_RCC_GetClockConfig
                0x08003558       0x64 ./Source/ThirdParty/Drivers/STM32F4xx_HAL_Driver/Src/stm32f4xx_hal_rcc.o
                0x08003558                HAL_RCC_GetClockConfig
 .text.HAL_TIM_Base_Init
                0x080035bc       0x9e ./Source/ThirdParty/Drivers/STM32F4xx_HAL_Driver/Src/stm32f4xx_hal_tim.o
                0x080035bc                HAL_TIM_Base_Init
 .text.HAL_TIM_Base_MspInit
                0x0800365a       0x14 ./Source/ThirdParty/Drivers/STM32F4xx_HAL_Driver/Src/stm32f4xx_hal_tim.o
                0x0800365a                HAL_TIM_Base_MspInit
 *fill*         0x0800366e        0x2 
 .text.HAL_TIM_Base_Start_IT
                0x08003670       0xc4 ./Source/ThirdParty/Drivers/STM32F4xx_HAL_Driver/Src/stm32f4xx_hal_tim.o
                0x08003670                HAL_TIM_Base_Start_IT
 .text.HAL_TIM_IRQHandler
                0x08003734      0x1e0 ./Source/ThirdParty/Drivers/STM32F4xx_HAL_Driver/Src/stm32f4xx_hal_tim.o
                0x08003734                HAL_TIM_IRQHandler
 .text.HAL_TIM_OC_DelayElapsedCallback
                0x08003914       0x14 ./Source/ThirdParty/Drivers/STM32F4xx_HAL_Driver/Src/stm32f4xx_hal_tim.o
                0x08003914                HAL_TIM_OC_DelayElapsedCallback
 .text.HAL_TIM_IC_CaptureCallback
                0x08003928       0x14 ./Source/ThirdParty/Drivers/STM32F4xx_HAL_Driver/Src/stm32f4xx_hal_tim.o
                0x08003928                HAL_TIM_IC_CaptureCallback
 .text.HAL_TIM_PWM_PulseFinishedCallback
                0x0800393c       0x14 ./Source/ThirdParty/Drivers/STM32F4xx_HAL_Driver/Src/stm32f4xx_hal_tim.o
                0x0800393c                HAL_TIM_PWM_PulseFinishedCallback
 .text.HAL_TIM_TriggerCallback
                0x08003950       0x14 ./Source/ThirdParty/Drivers/STM32F4xx_HAL_Driver/Src/stm32f4xx_hal_tim.o
                0x08003950                HAL_TIM_TriggerCallback
 .text.TIM_Base_SetConfig
                0x08003964      0x118 ./Source/ThirdParty/Drivers/STM32F4xx_HAL_Driver/Src/stm32f4xx_hal_tim.o
                0x08003964                TIM_Base_SetConfig
 .text.HAL_TIMEx_CommutCallback
                0x08003a7c       0x14 ./Source/ThirdParty/Drivers/STM32F4xx_HAL_Driver/Src/stm32f4xx_hal_tim_ex.o
                0x08003a7c                HAL_TIMEx_CommutCallback
 .text.HAL_TIMEx_BreakCallback
                0x08003a90       0x14 ./Source/ThirdParty/Drivers/STM32F4xx_HAL_Driver/Src/stm32f4xx_hal_tim_ex.o
                0x08003a90                HAL_TIMEx_BreakCallback
 .text.LL_GPIO_SetPinMode
                0x08003aa4       0x7a ./Source/ThirdParty/Drivers/STM32F4xx_HAL_Driver/Src/stm32f4xx_ll_gpio.o
 .text.LL_GPIO_SetPinOutputType
                0x08003b1e       0x30 ./Source/ThirdParty/Drivers/STM32F4xx_HAL_Driver/Src/stm32f4xx_ll_gpio.o
 .text.LL_GPIO_SetPinSpeed
                0x08003b4e       0x7a ./Source/ThirdParty/Drivers/STM32F4xx_HAL_Driver/Src/stm32f4xx_ll_gpio.o
 .text.LL_GPIO_SetPinPull
                0x08003bc8       0x7a ./Source/ThirdParty/Drivers/STM32F4xx_HAL_Driver/Src/stm32f4xx_ll_gpio.o
 .text.LL_GPIO_SetAFPin_0_7
                0x08003c42       0x7a ./Source/ThirdParty/Drivers/STM32F4xx_HAL_Driver/Src/stm32f4xx_ll_gpio.o
 .text.LL_GPIO_SetAFPin_8_15
                0x08003cbc       0x7e ./Source/ThirdParty/Drivers/STM32F4xx_HAL_Driver/Src/stm32f4xx_ll_gpio.o
 .text.LL_GPIO_Init
                0x08003d3a      0x102 ./Source/ThirdParty/Drivers/STM32F4xx_HAL_Driver/Src/stm32f4xx_ll_gpio.o
                0x08003d3a                LL_GPIO_Init
 .text.LL_RCC_GetSysClkSource
                0x08003e3c       0x1c ./Source/ThirdParty/Drivers/STM32F4xx_HAL_Driver/Src/stm32f4xx_ll_rcc.o
 .text.LL_RCC_GetAHBPrescaler
                0x08003e58       0x1c ./Source/ThirdParty/Drivers/STM32F4xx_HAL_Driver/Src/stm32f4xx_ll_rcc.o
 .text.LL_RCC_GetAPB1Prescaler
                0x08003e74       0x1c ./Source/ThirdParty/Drivers/STM32F4xx_HAL_Driver/Src/stm32f4xx_ll_rcc.o
 .text.LL_RCC_GetAPB2Prescaler
                0x08003e90       0x1c ./Source/ThirdParty/Drivers/STM32F4xx_HAL_Driver/Src/stm32f4xx_ll_rcc.o
 .text.LL_RCC_PLL_GetMainSource
                0x08003eac       0x1c ./Source/ThirdParty/Drivers/STM32F4xx_HAL_Driver/Src/stm32f4xx_ll_rcc.o
 .text.LL_RCC_PLL_GetN
                0x08003ec8       0x1c ./Source/ThirdParty/Drivers/STM32F4xx_HAL_Driver/Src/stm32f4xx_ll_rcc.o
 .text.LL_RCC_PLL_GetP
                0x08003ee4       0x1c ./Source/ThirdParty/Drivers/STM32F4xx_HAL_Driver/Src/stm32f4xx_ll_rcc.o
 .text.LL_RCC_PLL_GetDivider
                0x08003f00       0x1c ./Source/ThirdParty/Drivers/STM32F4xx_HAL_Driver/Src/stm32f4xx_ll_rcc.o
 .text.LL_RCC_GetSystemClocksFreq
                0x08003f1c       0x4a ./Source/ThirdParty/Drivers/STM32F4xx_HAL_Driver/Src/stm32f4xx_ll_rcc.o
                0x08003f1c                LL_RCC_GetSystemClocksFreq
 *fill*         0x08003f66        0x2 
 .text.RCC_GetSystemClockFreq
                0x08003f68       0x50 ./Source/ThirdParty/Drivers/STM32F4xx_HAL_Driver/Src/stm32f4xx_ll_rcc.o
                0x08003f68                RCC_GetSystemClockFreq
 .text.RCC_GetHCLKClockFreq
                0x08003fb8       0x2c ./Source/ThirdParty/Drivers/STM32F4xx_HAL_Driver/Src/stm32f4xx_ll_rcc.o
                0x08003fb8                RCC_GetHCLKClockFreq
 .text.RCC_GetPCLK1ClockFreq
                0x08003fe4       0x28 ./Source/ThirdParty/Drivers/STM32F4xx_HAL_Driver/Src/stm32f4xx_ll_rcc.o
                0x08003fe4                RCC_GetPCLK1ClockFreq
 .text.RCC_GetPCLK2ClockFreq
                0x0800400c       0x28 ./Source/ThirdParty/Drivers/STM32F4xx_HAL_Driver/Src/stm32f4xx_ll_rcc.o
                0x0800400c                RCC_GetPCLK2ClockFreq
 .text.RCC_PLL_GetFreqDomain_SYS
                0x08004034       0x7c ./Source/ThirdParty/Drivers/STM32F4xx_HAL_Driver/Src/stm32f4xx_ll_rcc.o
                0x08004034                RCC_PLL_GetFreqDomain_SYS
 .text.LL_TIM_SetPrescaler
                0x080040b0       0x1c ./Source/ThirdParty/Drivers/STM32F4xx_HAL_Driver/Src/stm32f4xx_ll_tim.o
 .text.LL_TIM_SetAutoReload
                0x080040cc       0x1c ./Source/ThirdParty/Drivers/STM32F4xx_HAL_Driver/Src/stm32f4xx_ll_tim.o
 .text.LL_TIM_SetRepetitionCounter
                0x080040e8       0x1c ./Source/ThirdParty/Drivers/STM32F4xx_HAL_Driver/Src/stm32f4xx_ll_tim.o
 .text.LL_TIM_GenerateEvent_UPDATE
                0x08004104       0x20 ./Source/ThirdParty/Drivers/STM32F4xx_HAL_Driver/Src/stm32f4xx_ll_tim.o
 .text.LL_TIM_Init
                0x08004124       0xf4 ./Source/ThirdParty/Drivers/STM32F4xx_HAL_Driver/Src/stm32f4xx_ll_tim.o
                0x08004124                LL_TIM_Init
 .text.LL_USART_IsEnabled
                0x08004218       0x28 ./Source/ThirdParty/Drivers/STM32F4xx_HAL_Driver/Src/stm32f4xx_ll_usart.o
 .text.LL_USART_SetStopBitsLength
                0x08004240       0x26 ./Source/ThirdParty/Drivers/STM32F4xx_HAL_Driver/Src/stm32f4xx_ll_usart.o
 .text.LL_USART_SetHWFlowCtrl
                0x08004266       0x26 ./Source/ThirdParty/Drivers/STM32F4xx_HAL_Driver/Src/stm32f4xx_ll_usart.o
 .text.LL_USART_SetBaudRate
                0x0800428c      0x45c ./Source/ThirdParty/Drivers/STM32F4xx_HAL_Driver/Src/stm32f4xx_ll_usart.o
 .text.LL_USART_Init
                0x080046e8       0xc8 ./Source/ThirdParty/Drivers/STM32F4xx_HAL_Driver/Src/stm32f4xx_ll_usart.o
                0x080046e8                LL_USART_Init
 .text.LL_SetSystemCoreClock
                0x080047b0       0x20 ./Source/ThirdParty/Drivers/STM32F4xx_HAL_Driver/Src/stm32f4xx_ll_utils.o
                0x080047b0                LL_SetSystemCoreClock
 .text.__NVIC_SetPriority
                0x080047d0       0x54 ./Source/ThirdParty/Middlewares/Third_Party/FreeRTOS/Source/CMSIS_RTOS_V2/cmsis_os2.o
 .text.SysTick_Handler
                0x08004824       0x20 ./Source/ThirdParty/Middlewares/Third_Party/FreeRTOS/Source/CMSIS_RTOS_V2/cmsis_os2.o
                0x08004824                SysTick_Handler
 .text.SVC_Setup
                0x08004844       0x12 ./Source/ThirdParty/Middlewares/Third_Party/FreeRTOS/Source/CMSIS_RTOS_V2/cmsis_os2.o
 *fill*         0x08004856        0x2 
 .text.osKernelInitialize
                0x08004858       0x48 ./Source/ThirdParty/Middlewares/Third_Party/FreeRTOS/Source/CMSIS_RTOS_V2/cmsis_os2.o
                0x08004858                osKernelInitialize
 .text.osKernelStart
                0x080048a0       0x4c ./Source/ThirdParty/Middlewares/Third_Party/FreeRTOS/Source/CMSIS_RTOS_V2/cmsis_os2.o
                0x080048a0                osKernelStart
 .text.osThreadNew
                0x080048ec      0x124 ./Source/ThirdParty/Middlewares/Third_Party/FreeRTOS/Source/CMSIS_RTOS_V2/cmsis_os2.o
                0x080048ec                osThreadNew
 .text.TimerCallback
                0x08004a10       0x2a ./Source/ThirdParty/Middlewares/Third_Party/FreeRTOS/Source/CMSIS_RTOS_V2/cmsis_os2.o
 *fill*         0x08004a3a        0x2 
 .text.osTimerNew
                0x08004a3c       0xf8 ./Source/ThirdParty/Middlewares/Third_Party/FreeRTOS/Source/CMSIS_RTOS_V2/cmsis_os2.o
                0x08004a3c                osTimerNew
 .text.osTimerStart
                0x08004b34       0x5c ./Source/ThirdParty/Middlewares/Third_Party/FreeRTOS/Source/CMSIS_RTOS_V2/cmsis_os2.o
                0x08004b34                osTimerStart
 .text.osTimerStop
                0x08004b90       0x6e ./Source/ThirdParty/Middlewares/Third_Party/FreeRTOS/Source/CMSIS_RTOS_V2/cmsis_os2.o
                0x08004b90                osTimerStop
 .text.osMutexNew
                0x08004bfe      0x10c ./Source/ThirdParty/Middlewares/Third_Party/FreeRTOS/Source/CMSIS_RTOS_V2/cmsis_os2.o
                0x08004bfe                osMutexNew
 .text.osMutexAcquire
                0x08004d0a       0x96 ./Source/ThirdParty/Middlewares/Third_Party/FreeRTOS/Source/CMSIS_RTOS_V2/cmsis_os2.o
                0x08004d0a                osMutexAcquire
 .text.osMutexRelease
                0x08004da0       0x7a ./Source/ThirdParty/Middlewares/Third_Party/FreeRTOS/Source/CMSIS_RTOS_V2/cmsis_os2.o
                0x08004da0                osMutexRelease
 .text.osMessageQueueNew
                0x08004e1a       0xe6 ./Source/ThirdParty/Middlewares/Third_Party/FreeRTOS/Source/CMSIS_RTOS_V2/cmsis_os2.o
                0x08004e1a                osMessageQueueNew
 .text.osMessageQueuePut
                0x08004f00       0xc0 ./Source/ThirdParty/Middlewares/Third_Party/FreeRTOS/Source/CMSIS_RTOS_V2/cmsis_os2.o
                0x08004f00                osMessageQueuePut
 .text.osMessageQueueGet
                0x08004fc0       0xbc ./Source/ThirdParty/Middlewares/Third_Party/FreeRTOS/Source/CMSIS_RTOS_V2/cmsis_os2.o
                0x08004fc0                osMessageQueueGet
 .text.vApplicationGetIdleTaskMemory
                0x0800507c       0x34 ./Source/ThirdParty/Middlewares/Third_Party/FreeRTOS/Source/CMSIS_RTOS_V2/cmsis_os2.o
                0x0800507c                vApplicationGetIdleTaskMemory
 .text.vApplicationGetTimerTaskMemory
                0x080050b0       0x34 ./Source/ThirdParty/Middlewares/Third_Party/FreeRTOS/Source/CMSIS_RTOS_V2/cmsis_os2.o
                0x080050b0                vApplicationGetTimerTaskMemory
 .text.vListInitialise
                0x080050e4       0x40 ./Source/ThirdParty/Middlewares/Third_Party/FreeRTOS/Source/list.o
                0x080050e4                vListInitialise
 .text.vListInitialiseItem
                0x08005124       0x1a ./Source/ThirdParty/Middlewares/Third_Party/FreeRTOS/Source/list.o
                0x08005124                vListInitialiseItem
 .text.vListInsertEnd
                0x0800513e       0x48 ./Source/ThirdParty/Middlewares/Third_Party/FreeRTOS/Source/list.o
                0x0800513e                vListInsertEnd
 .text.vListInsert
                0x08005186       0x72 ./Source/ThirdParty/Middlewares/Third_Party/FreeRTOS/Source/list.o
                0x08005186                vListInsert
 .text.uxListRemove
                0x080051f8       0x54 ./Source/ThirdParty/Middlewares/Third_Party/FreeRTOS/Source/list.o
                0x080051f8                uxListRemove
 .text.xQueueGenericReset
                0x0800524c       0xd4 ./Source/ThirdParty/Middlewares/Third_Party/FreeRTOS/Source/queue.o
                0x0800524c                xQueueGenericReset
 .text.xQueueGenericCreateStatic
                0x08005320       0xfa ./Source/ThirdParty/Middlewares/Third_Party/FreeRTOS/Source/queue.o
                0x08005320                xQueueGenericCreateStatic
 .text.xQueueGenericCreate
                0x0800541a       0x76 ./Source/ThirdParty/Middlewares/Third_Party/FreeRTOS/Source/queue.o
                0x0800541a                xQueueGenericCreate
 .text.prvInitialiseNewQueue
                0x08005490       0x46 ./Source/ThirdParty/Middlewares/Third_Party/FreeRTOS/Source/queue.o
 .text.prvInitialiseMutex
                0x080054d6       0x34 ./Source/ThirdParty/Middlewares/Third_Party/FreeRTOS/Source/queue.o
 .text.xQueueCreateMutex
                0x0800550a       0x30 ./Source/ThirdParty/Middlewares/Third_Party/FreeRTOS/Source/queue.o
                0x0800550a                xQueueCreateMutex
 .text.xQueueCreateMutexStatic
                0x0800553a       0x36 ./Source/ThirdParty/Middlewares/Third_Party/FreeRTOS/Source/queue.o
                0x0800553a                xQueueCreateMutexStatic
 .text.xQueueGiveMutexRecursive
                0x08005570       0x6a ./Source/ThirdParty/Middlewares/Third_Party/FreeRTOS/Source/queue.o
                0x08005570                xQueueGiveMutexRecursive
 .text.xQueueTakeMutexRecursive
                0x080055da       0x6e ./Source/ThirdParty/Middlewares/Third_Party/FreeRTOS/Source/queue.o
                0x080055da                xQueueTakeMutexRecursive
 .text.xQueueGenericSend
                0x08005648      0x204 ./Source/ThirdParty/Middlewares/Third_Party/FreeRTOS/Source/queue.o
                0x08005648                xQueueGenericSend
 .text.xQueueGenericSendFromISR
                0x0800584c      0x13c ./Source/ThirdParty/Middlewares/Third_Party/FreeRTOS/Source/queue.o
                0x0800584c                xQueueGenericSendFromISR
 .text.xQueueReceive
                0x08005988      0x1c4 ./Source/ThirdParty/Middlewares/Third_Party/FreeRTOS/Source/queue.o
                0x08005988                xQueueReceive
 .text.xQueueSemaphoreTake
                0x08005b4c      0x220 ./Source/ThirdParty/Middlewares/Third_Party/FreeRTOS/Source/queue.o
                0x08005b4c                xQueueSemaphoreTake
 .text.xQueueReceiveFromISR
                0x08005d6c      0x104 ./Source/ThirdParty/Middlewares/Third_Party/FreeRTOS/Source/queue.o
                0x08005d6c                xQueueReceiveFromISR
 .text.prvGetDisinheritPriorityAfterTimeout
                0x08005e70       0x30 ./Source/ThirdParty/Middlewares/Third_Party/FreeRTOS/Source/queue.o
 .text.prvCopyDataToQueue
                0x08005ea0       0xd4 ./Source/ThirdParty/Middlewares/Third_Party/FreeRTOS/Source/queue.o
 .text.prvCopyDataFromQueue
                0x08005f74       0x4c ./Source/ThirdParty/Middlewares/Third_Party/FreeRTOS/Source/queue.o
 .text.prvUnlockQueue
                0x08005fc0       0xa4 ./Source/ThirdParty/Middlewares/Third_Party/FreeRTOS/Source/queue.o
 .text.prvIsQueueEmpty
                0x08006064       0x2c ./Source/ThirdParty/Middlewares/Third_Party/FreeRTOS/Source/queue.o
 .text.prvIsQueueFull
                0x08006090       0x30 ./Source/ThirdParty/Middlewares/Third_Party/FreeRTOS/Source/queue.o
 .text.vQueueAddToRegistry
                0x080060c0       0x54 ./Source/ThirdParty/Middlewares/Third_Party/FreeRTOS/Source/queue.o
                0x080060c0                vQueueAddToRegistry
 .text.vQueueWaitForMessageRestricted
                0x08006114       0x68 ./Source/ThirdParty/Middlewares/Third_Party/FreeRTOS/Source/queue.o
                0x08006114                vQueueWaitForMessageRestricted
 .text.xTaskCreateStatic
                0x0800617c       0xc0 ./Source/ThirdParty/Middlewares/Third_Party/FreeRTOS/Source/tasks.o
                0x0800617c                xTaskCreateStatic
 .text.xTaskCreate
                0x0800623c       0x8a ./Source/ThirdParty/Middlewares/Third_Party/FreeRTOS/Source/tasks.o
                0x0800623c                xTaskCreate
 *fill*         0x080062c6        0x2 
 .text.prvInitialiseNewTask
                0x080062c8      0x15c ./Source/ThirdParty/Middlewares/Third_Party/FreeRTOS/Source/tasks.o
 .text.prvAddNewTaskToReadyList
                0x08006424       0xe0 ./Source/ThirdParty/Middlewares/Third_Party/FreeRTOS/Source/tasks.o
 .text.vTaskStartScheduler
                0x08006504       0xe4 ./Source/ThirdParty/Middlewares/Third_Party/FreeRTOS/Source/tasks.o
                0x08006504                vTaskStartScheduler
 .text.vTaskSuspendAll
                0x080065e8       0x1c ./Source/ThirdParty/Middlewares/Third_Party/FreeRTOS/Source/tasks.o
                0x080065e8                vTaskSuspendAll
 .text.xTaskResumeAll
                0x08006604      0x13c ./Source/ThirdParty/Middlewares/Third_Party/FreeRTOS/Source/tasks.o
                0x08006604                xTaskResumeAll
 .text.xTaskGetTickCount
                0x08006740       0x20 ./Source/ThirdParty/Middlewares/Third_Party/FreeRTOS/Source/tasks.o
                0x08006740                xTaskGetTickCount
 .text.xTaskIncrementTick
                0x08006760      0x174 ./Source/ThirdParty/Middlewares/Third_Party/FreeRTOS/Source/tasks.o
                0x08006760                xTaskIncrementTick
 .text.vTaskSwitchContext
                0x080068d4      0x100 ./Source/ThirdParty/Middlewares/Third_Party/FreeRTOS/Source/tasks.o
                0x080068d4                vTaskSwitchContext
 .text.vTaskPlaceOnEventList
                0x080069d4       0x4c ./Source/ThirdParty/Middlewares/Third_Party/FreeRTOS/Source/tasks.o
                0x080069d4                vTaskPlaceOnEventList
 .text.vTaskPlaceOnEventListRestricted
                0x08006a20       0x58 ./Source/ThirdParty/Middlewares/Third_Party/FreeRTOS/Source/tasks.o
                0x08006a20                vTaskPlaceOnEventListRestricted
 .text.xTaskRemoveFromEventList
                0x08006a78       0xc8 ./Source/ThirdParty/Middlewares/Third_Party/FreeRTOS/Source/tasks.o
                0x08006a78                xTaskRemoveFromEventList
 .text.vTaskInternalSetTimeOutState
                0x08006b40       0x2c ./Source/ThirdParty/Middlewares/Third_Party/FreeRTOS/Source/tasks.o
                0x08006b40                vTaskInternalSetTimeOutState
 .text.xTaskCheckForTimeOut
                0x08006b6c       0xc8 ./Source/ThirdParty/Middlewares/Third_Party/FreeRTOS/Source/tasks.o
                0x08006b6c                xTaskCheckForTimeOut
 .text.vTaskMissedYield
                0x08006c34       0x18 ./Source/ThirdParty/Middlewares/Third_Party/FreeRTOS/Source/tasks.o
                0x08006c34                vTaskMissedYield
 .text.prvIdleTask
                0x08006c4c       0x30 ./Source/ThirdParty/Middlewares/Third_Party/FreeRTOS/Source/tasks.o
 .text.prvInitialiseTaskLists
                0x08006c7c       0x80 ./Source/ThirdParty/Middlewares/Third_Party/FreeRTOS/Source/tasks.o
 .text.prvCheckTasksWaitingTermination
                0x08006cfc       0x5c ./Source/ThirdParty/Middlewares/Third_Party/FreeRTOS/Source/tasks.o
 .text.prvDeleteTCB
                0x08006d58       0x6a ./Source/ThirdParty/Middlewares/Third_Party/FreeRTOS/Source/tasks.o
 *fill*         0x08006dc2        0x2 
 .text.prvResetNextTaskUnblockTime
                0x08006dc4       0x40 ./Source/ThirdParty/Middlewares/Third_Party/FreeRTOS/Source/tasks.o
 .text.xTaskGetCurrentTaskHandle
                0x08006e04       0x20 ./Source/ThirdParty/Middlewares/Third_Party/FreeRTOS/Source/tasks.o
                0x08006e04                xTaskGetCurrentTaskHandle
 .text.xTaskGetSchedulerState
                0x08006e24       0x3c ./Source/ThirdParty/Middlewares/Third_Party/FreeRTOS/Source/tasks.o
                0x08006e24                xTaskGetSchedulerState
 .text.xTaskPriorityInherit
                0x08006e60       0xd0 ./Source/ThirdParty/Middlewares/Third_Party/FreeRTOS/Source/tasks.o
                0x08006e60                xTaskPriorityInherit
 .text.xTaskPriorityDisinherit
                0x08006f30       0xe0 ./Source/ThirdParty/Middlewares/Third_Party/FreeRTOS/Source/tasks.o
                0x08006f30                xTaskPriorityDisinherit
 .text.vTaskPriorityDisinheritAfterTimeout
                0x08007010      0x108 ./Source/ThirdParty/Middlewares/Third_Party/FreeRTOS/Source/tasks.o
                0x08007010                vTaskPriorityDisinheritAfterTimeout
 .text.pvTaskIncrementMutexHeldCount
                0x08007118       0x28 ./Source/ThirdParty/Middlewares/Third_Party/FreeRTOS/Source/tasks.o
                0x08007118                pvTaskIncrementMutexHeldCount
 .text.prvAddCurrentTaskToDelayedList
                0x08007140       0xa8 ./Source/ThirdParty/Middlewares/Third_Party/FreeRTOS/Source/tasks.o
 .text.xTimerCreateTimerTask
                0x080071e8       0x94 ./Source/ThirdParty/Middlewares/Third_Party/FreeRTOS/Source/timers.o
                0x080071e8                xTimerCreateTimerTask
 .text.xTimerCreate
                0x0800727c       0x42 ./Source/ThirdParty/Middlewares/Third_Party/FreeRTOS/Source/timers.o
                0x0800727c                xTimerCreate
 .text.xTimerCreateStatic
                0x080072be       0x80 ./Source/ThirdParty/Middlewares/Third_Party/FreeRTOS/Source/timers.o
                0x080072be                xTimerCreateStatic
 .text.prvInitialiseNewTimer
                0x0800733e       0x78 ./Source/ThirdParty/Middlewares/Third_Party/FreeRTOS/Source/timers.o
 *fill*         0x080073b6        0x2 
 .text.xTimerGenericCommand
                0x080073b8       0x9c ./Source/ThirdParty/Middlewares/Third_Party/FreeRTOS/Source/timers.o
                0x080073b8                xTimerGenericCommand
 .text.prvProcessExpiredTimer
                0x08007454       0x9c ./Source/ThirdParty/Middlewares/Third_Party/FreeRTOS/Source/timers.o
 .text.prvTimerTask
                0x080074f0       0x26 ./Source/ThirdParty/Middlewares/Third_Party/FreeRTOS/Source/timers.o
 *fill*         0x08007516        0x2 
 .text.prvProcessTimerOrBlockTask
                0x08007518       0x9c ./Source/ThirdParty/Middlewares/Third_Party/FreeRTOS/Source/timers.o
 .text.prvGetNextExpireTime
                0x080075b4       0x48 ./Source/ThirdParty/Middlewares/Third_Party/FreeRTOS/Source/timers.o
 .text.prvSampleTimeNow
                0x080075fc       0x40 ./Source/ThirdParty/Middlewares/Third_Party/FreeRTOS/Source/timers.o
 .text.prvInsertTimerInActiveList
                0x0800763c       0x84 ./Source/ThirdParty/Middlewares/Third_Party/FreeRTOS/Source/timers.o
 .text.prvProcessReceivedCommands
                0x080076c0      0x1cc ./Source/ThirdParty/Middlewares/Third_Party/FreeRTOS/Source/timers.o
 .text.prvSwitchTimerLists
                0x0800788c       0xcc ./Source/ThirdParty/Middlewares/Third_Party/FreeRTOS/Source/timers.o
 .text.prvCheckForValidListAndQueue
                0x08007958       0x80 ./Source/ThirdParty/Middlewares/Third_Party/FreeRTOS/Source/timers.o
 .text.xTimerIsTimerActive
                0x080079d8       0x54 ./Source/ThirdParty/Middlewares/Third_Party/FreeRTOS/Source/timers.o
                0x080079d8                xTimerIsTimerActive
 .text.pvTimerGetTimerID
                0x08007a2c       0x42 ./Source/ThirdParty/Middlewares/Third_Party/FreeRTOS/Source/timers.o
                0x08007a2c                pvTimerGetTimerID
 *fill*         0x08007a6e        0x2 
 .text.pxPortInitialiseStack
                0x08007a70       0x68 ./Source/ThirdParty/Middlewares/Third_Party/FreeRTOS/Source/portable/GCC/ARM_CM4F/port.o
                0x08007a70                pxPortInitialiseStack
 .text.prvTaskExitError
                0x08007ad8       0x5c ./Source/ThirdParty/Middlewares/Third_Party/FreeRTOS/Source/portable/GCC/ARM_CM4F/port.o
 *fill*         0x08007b34        0xc 
 .text.SVC_Handler
                0x08007b40       0x28 ./Source/ThirdParty/Middlewares/Third_Party/FreeRTOS/Source/portable/GCC/ARM_CM4F/port.o
                0x08007b40                SVC_Handler
 .text.prvPortStartFirstTask
                0x08007b68       0x28 ./Source/ThirdParty/Middlewares/Third_Party/FreeRTOS/Source/portable/GCC/ARM_CM4F/port.o
 .text.xPortStartScheduler
                0x08007b90      0x148 ./Source/ThirdParty/Middlewares/Third_Party/FreeRTOS/Source/portable/GCC/ARM_CM4F/port.o
                0x08007b90                xPortStartScheduler
 .text.vPortEnterCritical
                0x08007cd8       0x64 ./Source/ThirdParty/Middlewares/Third_Party/FreeRTOS/Source/portable/GCC/ARM_CM4F/port.o
                0x08007cd8                vPortEnterCritical
 .text.vPortExitCritical
                0x08007d3c       0x54 ./Source/ThirdParty/Middlewares/Third_Party/FreeRTOS/Source/portable/GCC/ARM_CM4F/port.o
                0x08007d3c                vPortExitCritical
 .text.PendSV_Handler
                0x08007d90       0x68 ./Source/ThirdParty/Middlewares/Third_Party/FreeRTOS/Source/portable/GCC/ARM_CM4F/port.o
                0x08007d90                PendSV_Handler
 .text.xPortSysTickHandler
                0x08007df8       0x44 ./Source/ThirdParty/Middlewares/Third_Party/FreeRTOS/Source/portable/GCC/ARM_CM4F/port.o
                0x08007df8                xPortSysTickHandler
 .text.vPortSetupTimerInterrupt
                0x08007e3c       0x48 ./Source/ThirdParty/Middlewares/Third_Party/FreeRTOS/Source/portable/GCC/ARM_CM4F/port.o
                0x08007e3c                vPortSetupTimerInterrupt
 .text.vPortEnableVFP
                0x08007e84       0x14 ./Source/ThirdParty/Middlewares/Third_Party/FreeRTOS/Source/portable/GCC/ARM_CM4F/port.o
 .text.vPortValidateInterruptPriority
                0x08007e98       0x84 ./Source/ThirdParty/Middlewares/Third_Party/FreeRTOS/Source/portable/GCC/ARM_CM4F/port.o
                0x08007e98                vPortValidateInterruptPriority
 .text.pvPortMalloc
                0x08007f1c      0x19c ./Source/ThirdParty/Middlewares/Third_Party/FreeRTOS/Source/portable/MemMang/heap_4.o
                0x08007f1c                pvPortMalloc
 .text.vPortFree
                0x080080b8       0xc8 ./Source/ThirdParty/Middlewares/Third_Party/FreeRTOS/Source/portable/MemMang/heap_4.o
                0x080080b8                vPortFree
 .text.prvHeapInit
                0x08008180       0xc4 ./Source/ThirdParty/Middlewares/Third_Party/FreeRTOS/Source/portable/MemMang/heap_4.o
 .text.prvInsertBlockIntoFreeList
                0x08008244       0xb4 ./Source/ThirdParty/Middlewares/Third_Party/FreeRTOS/Source/portable/MemMang/heap_4.o
 .text.Ring_Buffer_Init
                0x080082f8       0x64 ./Source/Utility/ring_buffer.o
                0x080082f8                Ring_Buffer_Init
 .text.Ring_Buffer_IsFull
                0x0800835c       0x30 ./Source/Utility/ring_buffer.o
                0x0800835c                Ring_Buffer_IsFull
 .text.Ring_Buffer_IsEmpty
                0x0800838c       0x2c ./Source/Utility/ring_buffer.o
                0x0800838c                Ring_Buffer_IsEmpty
 .text.Ring_Buffer_Push
                0x080083b8       0x74 ./Source/Utility/ring_buffer.o
                0x080083b8                Ring_Buffer_Push
 .text.Ring_Buffer_Pop
                0x0800842c       0x72 ./Source/Utility/ring_buffer.o
                0x0800842c                Ring_Buffer_Pop
 *fill*         0x0800849e        0x2 
 .text.calloc   0x080084a0       0x10 C:/ST/STM32CubeIDE_1.16.1/STM32CubeIDE/plugins/com.st.stm32cube.ide.mcu.externaltools.gnu-tools-for-stm32.12.3.rel1.win32_1.1.0.202410251130/tools/bin/../lib/gcc/arm-none-eabi/12.3.1/../../../../arm-none-eabi/lib/thumb/v7e-m+fp/hard\libc_nano.a(libc_a-calloc.o)
                0x080084a0                calloc
 .text._calloc_r
                0x080084b0       0x28 C:/ST/STM32CubeIDE_1.16.1/STM32CubeIDE/plugins/com.st.stm32cube.ide.mcu.externaltools.gnu-tools-for-stm32.12.3.rel1.win32_1.1.0.202410251130/tools/bin/../lib/gcc/arm-none-eabi/12.3.1/../../../../arm-none-eabi/lib/thumb/v7e-m+fp/hard\libc_nano.a(libc_a-callocr.o)
                0x080084b0                _calloc_r
 .text.malloc   0x080084d8       0x10 C:/ST/STM32CubeIDE_1.16.1/STM32CubeIDE/plugins/com.st.stm32cube.ide.mcu.externaltools.gnu-tools-for-stm32.12.3.rel1.win32_1.1.0.202410251130/tools/bin/../lib/gcc/arm-none-eabi/12.3.1/../../../../arm-none-eabi/lib/thumb/v7e-m+fp/hard\libc_nano.a(libc_a-malloc.o)
                0x080084d8                malloc
 .text.free     0x080084e8       0x10 C:/ST/STM32CubeIDE_1.16.1/STM32CubeIDE/plugins/com.st.stm32cube.ide.mcu.externaltools.gnu-tools-for-stm32.12.3.rel1.win32_1.1.0.202410251130/tools/bin/../lib/gcc/arm-none-eabi/12.3.1/../../../../arm-none-eabi/lib/thumb/v7e-m+fp/hard\libc_nano.a(libc_a-malloc.o)
                0x080084e8                free
 .text.sbrk_aligned
                0x080084f8       0x44 C:/ST/STM32CubeIDE_1.16.1/STM32CubeIDE/plugins/com.st.stm32cube.ide.mcu.externaltools.gnu-tools-for-stm32.12.3.rel1.win32_1.1.0.202410251130/tools/bin/../lib/gcc/arm-none-eabi/12.3.1/../../../../arm-none-eabi/lib/thumb/v7e-m+fp/hard\libc_nano.a(libc_a-mallocr.o)
 .text._malloc_r
                0x0800853c      0x100 C:/ST/STM32CubeIDE_1.16.1/STM32CubeIDE/plugins/com.st.stm32cube.ide.mcu.externaltools.gnu-tools-for-stm32.12.3.rel1.win32_1.1.0.202410251130/tools/bin/../lib/gcc/arm-none-eabi/12.3.1/../../../../arm-none-eabi/lib/thumb/v7e-m+fp/hard\libc_nano.a(libc_a-mallocr.o)
                0x0800853c                _malloc_r
 .text.__malloc_lock
                0x0800863c        0xc C:/ST/STM32CubeIDE_1.16.1/STM32CubeIDE/plugins/com.st.stm32cube.ide.mcu.externaltools.gnu-tools-for-stm32.12.3.rel1.win32_1.1.0.202410251130/tools/bin/../lib/gcc/arm-none-eabi/12.3.1/../../../../arm-none-eabi/lib/thumb/v7e-m+fp/hard\libc_nano.a(libc_a-mlock.o)
                0x0800863c                __malloc_lock
 .text.__malloc_unlock
                0x08008648        0xc C:/ST/STM32CubeIDE_1.16.1/STM32CubeIDE/plugins/com.st.stm32cube.ide.mcu.externaltools.gnu-tools-for-stm32.12.3.rel1.win32_1.1.0.202410251130/tools/bin/../lib/gcc/arm-none-eabi/12.3.1/../../../../arm-none-eabi/lib/thumb/v7e-m+fp/hard\libc_nano.a(libc_a-mlock.o)
                0x08008648                __malloc_unlock
 .text._strtoul_l.constprop.0
                0x08008654       0xdc C:/ST/STM32CubeIDE_1.16.1/STM32CubeIDE/plugins/com.st.stm32cube.ide.mcu.externaltools.gnu-tools-for-stm32.12.3.rel1.win32_1.1.0.202410251130/tools/bin/../lib/gcc/arm-none-eabi/12.3.1/../../../../arm-none-eabi/lib/thumb/v7e-m+fp/hard\libc_nano.a(libc_a-strtoul.o)
 .text.strtoul  0x08008730       0x14 C:/ST/STM32CubeIDE_1.16.1/STM32CubeIDE/plugins/com.st.stm32cube.ide.mcu.externaltools.gnu-tools-for-stm32.12.3.rel1.win32_1.1.0.202410251130/tools/bin/../lib/gcc/arm-none-eabi/12.3.1/../../../../arm-none-eabi/lib/thumb/v7e-m+fp/hard\libc_nano.a(libc_a-strtoul.o)
                0x08008730                strtoul
 .text.snprintf
                0x08008744       0x68 C:/ST/STM32CubeIDE_1.16.1/STM32CubeIDE/plugins/com.st.stm32cube.ide.mcu.externaltools.gnu-tools-for-stm32.12.3.rel1.win32_1.1.0.202410251130/tools/bin/../lib/gcc/arm-none-eabi/12.3.1/../../../../arm-none-eabi/lib/thumb/v7e-m+fp/hard\libc_nano.a(libc_a-snprintf.o)
                0x08008744                sniprintf
                0x08008744                snprintf
 .text.sprintf  0x080087ac       0x40 C:/ST/STM32CubeIDE_1.16.1/STM32CubeIDE/plugins/com.st.stm32cube.ide.mcu.externaltools.gnu-tools-for-stm32.12.3.rel1.win32_1.1.0.202410251130/tools/bin/../lib/gcc/arm-none-eabi/12.3.1/../../../../arm-none-eabi/lib/thumb/v7e-m+fp/hard\libc_nano.a(libc_a-sprintf.o)
                0x080087ac                siprintf
                0x080087ac                sprintf
 .text._vsprintf_r
                0x080087ec       0x2c C:/ST/STM32CubeIDE_1.16.1/STM32CubeIDE/plugins/com.st.stm32cube.ide.mcu.externaltools.gnu-tools-for-stm32.12.3.rel1.win32_1.1.0.202410251130/tools/bin/../lib/gcc/arm-none-eabi/12.3.1/../../../../arm-none-eabi/lib/thumb/v7e-m+fp/hard\libc_nano.a(libc_a-vsprintf.o)
                0x080087ec                _vsprintf_r
                0x080087ec                _vsiprintf_r
 .text.vsprintf
                0x08008818       0x14 C:/ST/STM32CubeIDE_1.16.1/STM32CubeIDE/plugins/com.st.stm32cube.ide.mcu.externaltools.gnu-tools-for-stm32.12.3.rel1.win32_1.1.0.202410251130/tools/bin/../lib/gcc/arm-none-eabi/12.3.1/../../../../arm-none-eabi/lib/thumb/v7e-m+fp/hard\libc_nano.a(libc_a-vsprintf.o)
                0x08008818                vsiprintf
                0x08008818                vsprintf
 .text.memset   0x0800882c       0x10 C:/ST/STM32CubeIDE_1.16.1/STM32CubeIDE/plugins/com.st.stm32cube.ide.mcu.externaltools.gnu-tools-for-stm32.12.3.rel1.win32_1.1.0.202410251130/tools/bin/../lib/gcc/arm-none-eabi/12.3.1/../../../../arm-none-eabi/lib/thumb/v7e-m+fp/hard\libc_nano.a(libc_a-memset.o)
                0x0800882c                memset
 .text.strncmp  0x0800883c       0x24 C:/ST/STM32CubeIDE_1.16.1/STM32CubeIDE/plugins/com.st.stm32cube.ide.mcu.externaltools.gnu-tools-for-stm32.12.3.rel1.win32_1.1.0.202410251130/tools/bin/../lib/gcc/arm-none-eabi/12.3.1/../../../../arm-none-eabi/lib/thumb/v7e-m+fp/hard\libc_nano.a(libc_a-strncmp.o)
                0x0800883c                strncmp
 .text.strstr   0x08008860       0x2c C:/ST/STM32CubeIDE_1.16.1/STM32CubeIDE/plugins/com.st.stm32cube.ide.mcu.externaltools.gnu-tools-for-stm32.12.3.rel1.win32_1.1.0.202410251130/tools/bin/../lib/gcc/arm-none-eabi/12.3.1/../../../../arm-none-eabi/lib/thumb/v7e-m+fp/hard\libc_nano.a(libc_a-strstr.o)
                0x08008860                strstr
 .text._reclaim_reent
                0x0800888c       0xac C:/ST/STM32CubeIDE_1.16.1/STM32CubeIDE/plugins/com.st.stm32cube.ide.mcu.externaltools.gnu-tools-for-stm32.12.3.rel1.win32_1.1.0.202410251130/tools/bin/../lib/gcc/arm-none-eabi/12.3.1/../../../../arm-none-eabi/lib/thumb/v7e-m+fp/hard\libc_nano.a(libc_a-reent.o)
                0x0800888c                _reclaim_reent
 .text._sbrk_r  0x08008938       0x20 C:/ST/STM32CubeIDE_1.16.1/STM32CubeIDE/plugins/com.st.stm32cube.ide.mcu.externaltools.gnu-tools-for-stm32.12.3.rel1.win32_1.1.0.202410251130/tools/bin/../lib/gcc/arm-none-eabi/12.3.1/../../../../arm-none-eabi/lib/thumb/v7e-m+fp/hard\libc_nano.a(libc_a-sbrkr.o)
                0x08008938                _sbrk_r
 .text.__libc_init_array
                0x08008958       0x48 C:/ST/STM32CubeIDE_1.16.1/STM32CubeIDE/plugins/com.st.stm32cube.ide.mcu.externaltools.gnu-tools-for-stm32.12.3.rel1.win32_1.1.0.202410251130/tools/bin/../lib/gcc/arm-none-eabi/12.3.1/../../../../arm-none-eabi/lib/thumb/v7e-m+fp/hard\libc_nano.a(libc_a-init.o)
                0x08008958                __libc_init_array
 .text.__retarget_lock_acquire_recursive
                0x080089a0        0x2 C:/ST/STM32CubeIDE_1.16.1/STM32CubeIDE/plugins/com.st.stm32cube.ide.mcu.externaltools.gnu-tools-for-stm32.12.3.rel1.win32_1.1.0.202410251130/tools/bin/../lib/gcc/arm-none-eabi/12.3.1/../../../../arm-none-eabi/lib/thumb/v7e-m+fp/hard\libc_nano.a(libc_a-lock.o)
                0x080089a0                __retarget_lock_acquire_recursive
 .text.__retarget_lock_release_recursive
                0x080089a2        0x2 C:/ST/STM32CubeIDE_1.16.1/STM32CubeIDE/plugins/com.st.stm32cube.ide.mcu.externaltools.gnu-tools-for-stm32.12.3.rel1.win32_1.1.0.202410251130/tools/bin/../lib/gcc/arm-none-eabi/12.3.1/../../../../arm-none-eabi/lib/thumb/v7e-m+fp/hard\libc_nano.a(libc_a-lock.o)
                0x080089a2                __retarget_lock_release_recursive
 .text.memcpy   0x080089a4       0x1c C:/ST/STM32CubeIDE_1.16.1/STM32CubeIDE/plugins/com.st.stm32cube.ide.mcu.externaltools.gnu-tools-for-stm32.12.3.rel1.win32_1.1.0.202410251130/tools/bin/../lib/gcc/arm-none-eabi/12.3.1/../../../../arm-none-eabi/lib/thumb/v7e-m+fp/hard\libc_nano.a(libc_a-memcpy-stub.o)
                0x080089a4                memcpy
 .text._free_r  0x080089c0       0x94 C:/ST/STM32CubeIDE_1.16.1/STM32CubeIDE/plugins/com.st.stm32cube.ide.mcu.externaltools.gnu-tools-for-stm32.12.3.rel1.win32_1.1.0.202410251130/tools/bin/../lib/gcc/arm-none-eabi/12.3.1/../../../../arm-none-eabi/lib/thumb/v7e-m+fp/hard\libc_nano.a(libc_a-freer.o)
                0x080089c0                _free_r
 .text.__ssputs_r
                0x08008a54       0xb6 C:/ST/STM32CubeIDE_1.16.1/STM32CubeIDE/plugins/com.st.stm32cube.ide.mcu.externaltools.gnu-tools-for-stm32.12.3.rel1.win32_1.1.0.202410251130/tools/bin/../lib/gcc/arm-none-eabi/12.3.1/../../../../arm-none-eabi/lib/thumb/v7e-m+fp/hard\libc_nano.a(libc_a-nano-svfprintf.o)
                0x08008a54                __ssputs_r
 *fill*         0x08008b0a        0x2 
 .text._svfprintf_r
                0x08008b0c      0x1f8 C:/ST/STM32CubeIDE_1.16.1/STM32CubeIDE/plugins/com.st.stm32cube.ide.mcu.externaltools.gnu-tools-for-stm32.12.3.rel1.win32_1.1.0.202410251130/tools/bin/../lib/gcc/arm-none-eabi/12.3.1/../../../../arm-none-eabi/lib/thumb/v7e-m+fp/hard\libc_nano.a(libc_a-nano-svfprintf.o)
                0x08008b0c                _svfiprintf_r
                0x08008b0c                _svfprintf_r
 .text._printf_common
                0x08008d04       0xda C:/ST/STM32CubeIDE_1.16.1/STM32CubeIDE/plugins/com.st.stm32cube.ide.mcu.externaltools.gnu-tools-for-stm32.12.3.rel1.win32_1.1.0.202410251130/tools/bin/../lib/gcc/arm-none-eabi/12.3.1/../../../../arm-none-eabi/lib/thumb/v7e-m+fp/hard\libc_nano.a(libc_a-nano-vfprintf_i.o)
                0x08008d04                _printf_common
 *fill*         0x08008dde        0x2 
 .text._printf_i
                0x08008de0      0x240 C:/ST/STM32CubeIDE_1.16.1/STM32CubeIDE/plugins/com.st.stm32cube.ide.mcu.externaltools.gnu-tools-for-stm32.12.3.rel1.win32_1.1.0.202410251130/tools/bin/../lib/gcc/arm-none-eabi/12.3.1/../../../../arm-none-eabi/lib/thumb/v7e-m+fp/hard\libc_nano.a(libc_a-nano-vfprintf_i.o)
                0x08008de0                _printf_i
 .text.memmove  0x08009020       0x34 C:/ST/STM32CubeIDE_1.16.1/STM32CubeIDE/plugins/com.st.stm32cube.ide.mcu.externaltools.gnu-tools-for-stm32.12.3.rel1.win32_1.1.0.202410251130/tools/bin/../lib/gcc/arm-none-eabi/12.3.1/../../../../arm-none-eabi/lib/thumb/v7e-m+fp/hard\libc_nano.a(libc_a-memmove.o)
                0x08009020                memmove
 .text._realloc_r
                0x08009054       0x5c C:/ST/STM32CubeIDE_1.16.1/STM32CubeIDE/plugins/com.st.stm32cube.ide.mcu.externaltools.gnu-tools-for-stm32.12.3.rel1.win32_1.1.0.202410251130/tools/bin/../lib/gcc/arm-none-eabi/12.3.1/../../../../arm-none-eabi/lib/thumb/v7e-m+fp/hard\libc_nano.a(libc_a-reallocr.o)
                0x08009054                _realloc_r
 .text._malloc_usable_size_r
                0x080090b0       0x10 C:/ST/STM32CubeIDE_1.16.1/STM32CubeIDE/plugins/com.st.stm32cube.ide.mcu.externaltools.gnu-tools-for-stm32.12.3.rel1.win32_1.1.0.202410251130/tools/bin/../lib/gcc/arm-none-eabi/12.3.1/../../../../arm-none-eabi/lib/thumb/v7e-m+fp/hard\libc_nano.a(libc_a-msizer.o)
                0x080090b0                _malloc_usable_size_r
 .text._sbrk    0x080090c0       0x1c C:/ST/STM32CubeIDE_1.16.1/STM32CubeIDE/plugins/com.st.stm32cube.ide.mcu.externaltools.gnu-tools-for-stm32.12.3.rel1.win32_1.1.0.202410251130/tools/bin/../lib/gcc/arm-none-eabi/12.3.1/../../../../arm-none-eabi/lib/thumb/v7e-m+fp/hard\libnosys.a(sbrk.o)
                0x080090c0                _sbrk
 *(.glue_7)
 .glue_7        0x080090dc        0x0 linker stubs
 *(.glue_7t)
 .glue_7t       0x080090dc        0x0 linker stubs
 *(.eh_frame)
 .eh_frame      0x080090dc        0x0 C:/ST/STM32CubeIDE_1.16.1/STM32CubeIDE/plugins/com.st.stm32cube.ide.mcu.externaltools.gnu-tools-for-stm32.12.3.rel1.win32_1.1.0.202410251130/tools/bin/../lib/gcc/arm-none-eabi/12.3.1/thumb/v7e-m+fp/hard/crtbegin.o
 *(.init)
 .init          0x080090dc        0x4 C:/ST/STM32CubeIDE_1.16.1/STM32CubeIDE/plugins/com.st.stm32cube.ide.mcu.externaltools.gnu-tools-for-stm32.12.3.rel1.win32_1.1.0.202410251130/tools/bin/../lib/gcc/arm-none-eabi/12.3.1/thumb/v7e-m+fp/hard/crti.o
                0x080090dc                _init
 .init          0x080090e0        0x8 C:/ST/STM32CubeIDE_1.16.1/STM32CubeIDE/plugins/com.st.stm32cube.ide.mcu.externaltools.gnu-tools-for-stm32.12.3.rel1.win32_1.1.0.202410251130/tools/bin/../lib/gcc/arm-none-eabi/12.3.1/thumb/v7e-m+fp/hard/crtn.o
 *(.fini)
 .fini          0x080090e8        0x4 C:/ST/STM32CubeIDE_1.16.1/STM32CubeIDE/plugins/com.st.stm32cube.ide.mcu.externaltools.gnu-tools-for-stm32.12.3.rel1.win32_1.1.0.202410251130/tools/bin/../lib/gcc/arm-none-eabi/12.3.1/thumb/v7e-m+fp/hard/crti.o
                0x080090e8                _fini
 .fini          0x080090ec        0x8 C:/ST/STM32CubeIDE_1.16.1/STM32CubeIDE/plugins/com.st.stm32cube.ide.mcu.externaltools.gnu-tools-for-stm32.12.3.rel1.win32_1.1.0.202410251130/tools/bin/../lib/gcc/arm-none-eabi/12.3.1/thumb/v7e-m+fp/hard/crtn.o
                0x080090f4                        . = ALIGN (0x4)
                0x080090f4                        _etext = .

.vfp11_veneer   0x080090f4        0x0
 .vfp11_veneer  0x080090f4        0x0 linker stubs

.v4_bx          0x080090f4        0x0
 .v4_bx         0x080090f4        0x0 linker stubs

.iplt           0x080090f4        0x0
 .iplt          0x080090f4        0x0 C:/ST/STM32CubeIDE_1.16.1/STM32CubeIDE/plugins/com.st.stm32cube.ide.mcu.externaltools.gnu-tools-for-stm32.12.3.rel1.win32_1.1.0.202410251130/tools/bin/../lib/gcc/arm-none-eabi/12.3.1/thumb/v7e-m+fp/hard/crtbegin.o

.rodata         0x080090f4      0x9c8
                0x080090f4                        . = ALIGN (0x4)
 *(.rodata)
 .rodata        0x080090f4       0x69 ./Source/API/cmd_api.o
 *fill*         0x0800915d        0x3 
 .rodata        0x08009160       0xbd ./Source/API/cmd_api_helper.o
 *fill*         0x0800921d        0x3 
 .rodata        0x08009220       0x4b ./Source/API/debug_api.o
 *fill*         0x0800926b        0x1 
 .rodata        0x0800926c        0xb ./Source/API/heap_api.o
 *fill*         0x08009277        0x1 
 .rodata        0x08009278       0x36 ./Source/API/led_api.o
 *fill*         0x080092ae        0x2 
 .rodata        0x080092b0       0x2f ./Source/API/uart_api.o
 *fill*         0x080092df        0x1 
 .rodata        0x080092e0       0x60 ./Source/APP/cli_app.o
 .rodata        0x08009340      0x113 ./Source/APP/cli_cmd_handlers.o
 *fill*         0x08009453        0x1 
 .rodata        0x08009454      0x148 ./Source/APP/led_app.o
 .rodata        0x0800959c       0x2a ./Source/APP/main.o
 *fill*         0x080095c6        0x2 
 .rodata        0x080095c8        0x5 ./Source/ThirdParty/Middlewares/Third_Party/FreeRTOS/Source/tasks.o
 *fill*         0x080095cd        0x3 
 .rodata        0x080095d0        0xd ./Source/ThirdParty/Middlewares/Third_Party/FreeRTOS/Source/timers.o
 *(.rodata*)
 *fill*         0x080095dd        0x3 
 .rodata.g_debug_api_mutex_attributes
                0x080095e0       0x10 ./Source/API/debug_api.o
 .rodata.g_heap_mutex_attributes
                0x080095f0       0x10 ./Source/API/heap_api.o
 .rodata.g_basic_led_control_static_lut
                0x08009600       0x24 ./Source/API/led_api.o
 .rodata.g_fsm_thread_attributes
                0x08009624       0x24 ./Source/API/uart_api.o
 .rodata.g_static_uart_lut
                0x08009648       0x2c ./Source/API/uart_api.o
 .rodata.g_cli_thread_attributes
                0x08009674       0x24 ./Source/APP/cli_app.o
 .rodata.g_led_thread_attributes
                0x08009698       0x24 ./Source/APP/led_app.o
 .rodata.g_led_message_queue_attributes
                0x080096bc       0x18 ./Source/APP/led_app.o
 .rodata.g_static_exti_lut
                0x080096d4       0x28 ./Source/Driver/exti_driver.o
 .rodata.g_static_gpio_lut
                0x080096fc      0x160 ./Source/Driver/gpio_driver.o
 .rodata.g_static_timer_lut
                0x0800985c       0xc0 ./Source/Driver/timer_driver.o
 .rodata.g_static_uart_lut
                0x0800991c       0x30 ./Source/Driver/uart_driver.o
 .rodata.g_static_baudrate_lut
                0x0800994c       0x24 ./Source/Driver/uart_driver.o
 .rodata.AHBPrescTable
                0x08009970       0x10 ./Source/ThirdParty/Core/Src/system_stm32f4xx.o
                0x08009970                AHBPrescTable
 .rodata.APBPrescTable
                0x08009980        0x8 ./Source/ThirdParty/Core/Src/system_stm32f4xx.o
                0x08009980                APBPrescTable
 .rodata._ctype_
                0x08009988      0x101 C:/ST/STM32CubeIDE_1.16.1/STM32CubeIDE/plugins/com.st.stm32cube.ide.mcu.externaltools.gnu-tools-for-stm32.12.3.rel1.win32_1.1.0.202410251130/tools/bin/../lib/gcc/arm-none-eabi/12.3.1/../../../../arm-none-eabi/lib/thumb/v7e-m+fp/hard\libc_nano.a(libc_a-ctype_.o)
                0x08009988                _ctype_
 .rodata._svfprintf_r.str1.1
                0x08009a89       0x11 C:/ST/STM32CubeIDE_1.16.1/STM32CubeIDE/plugins/com.st.stm32cube.ide.mcu.externaltools.gnu-tools-for-stm32.12.3.rel1.win32_1.1.0.202410251130/tools/bin/../lib/gcc/arm-none-eabi/12.3.1/../../../../arm-none-eabi/lib/thumb/v7e-m+fp/hard\libc_nano.a(libc_a-nano-svfprintf.o)
 .rodata._printf_i.str1.1
                0x08009a9a       0x22 C:/ST/STM32CubeIDE_1.16.1/STM32CubeIDE/plugins/com.st.stm32cube.ide.mcu.externaltools.gnu-tools-for-stm32.12.3.rel1.win32_1.1.0.202410251130/tools/bin/../lib/gcc/arm-none-eabi/12.3.1/../../../../arm-none-eabi/lib/thumb/v7e-m+fp/hard\libc_nano.a(libc_a-nano-vfprintf_i.o)
                0x08009abc                        . = ALIGN (0x4)

.ARM.extab      0x08009abc        0x0
                0x08009abc                        . = ALIGN (0x4)
 *(.ARM.extab* .gnu.linkonce.armextab.*)
                0x08009abc                        . = ALIGN (0x4)

.ARM            0x08009abc        0x8
                0x08009abc                        . = ALIGN (0x4)
                0x08009abc                        __exidx_start = .
 *(.ARM.exidx*)
 .ARM.exidx     0x08009abc        0x8 C:/ST/STM32CubeIDE_1.16.1/STM32CubeIDE/plugins/com.st.stm32cube.ide.mcu.externaltools.gnu-tools-for-stm32.12.3.rel1.win32_1.1.0.202410251130/tools/bin/../lib/gcc/arm-none-eabi/12.3.1/../../../../arm-none-eabi/lib/thumb/v7e-m+fp/hard\libc_nano.a(libc_a-strlen.o)
 .ARM.exidx     0x08009ac4        0x0 C:/ST/STM32CubeIDE_1.16.1/STM32CubeIDE/plugins/com.st.stm32cube.ide.mcu.externaltools.gnu-tools-for-stm32.12.3.rel1.win32_1.1.0.202410251130/tools/bin/../lib/gcc/arm-none-eabi/12.3.1/../../../../arm-none-eabi/lib/thumb/v7e-m+fp/hard\libc_nano.a(libc_a-memchr.o)
                                  0x8 (size before relaxing)
 .ARM.exidx     0x08009ac4        0x0 C:/ST/STM32CubeIDE_1.16.1/STM32CubeIDE/plugins/com.st.stm32cube.ide.mcu.externaltools.gnu-tools-for-stm32.12.3.rel1.win32_1.1.0.202410251130/tools/bin/../lib/gcc/arm-none-eabi/12.3.1/thumb/v7e-m+fp/hard\libgcc.a(_udivmoddi4.o)
                                  0x8 (size before relaxing)
                0x08009ac4                        __exidx_end = .
                0x08009ac4                        . = ALIGN (0x4)

.rel.dyn        0x08009ac4        0x0
 .rel.iplt      0x08009ac4        0x0 C:/ST/STM32CubeIDE_1.16.1/STM32CubeIDE/plugins/com.st.stm32cube.ide.mcu.externaltools.gnu-tools-for-stm32.12.3.rel1.win32_1.1.0.202410251130/tools/bin/../lib/gcc/arm-none-eabi/12.3.1/thumb/v7e-m+fp/hard/crtbegin.o

.preinit_array  0x08009ac4        0x0
                0x08009ac4                        . = ALIGN (0x4)
                0x08009ac4                        PROVIDE (__preinit_array_start = .)
 *(.preinit_array*)
                0x08009ac4                        PROVIDE (__preinit_array_end = .)
                0x08009ac4                        . = ALIGN (0x4)

.init_array     0x08009ac4        0x4
                0x08009ac4                        . = ALIGN (0x4)
                0x08009ac4                        PROVIDE (__init_array_start = .)
 *(SORT_BY_NAME(.init_array.*))
 *(.init_array*)
 .init_array    0x08009ac4        0x4 C:/ST/STM32CubeIDE_1.16.1/STM32CubeIDE/plugins/com.st.stm32cube.ide.mcu.externaltools.gnu-tools-for-stm32.12.3.rel1.win32_1.1.0.202410251130/tools/bin/../lib/gcc/arm-none-eabi/12.3.1/thumb/v7e-m+fp/hard/crtbegin.o
                0x08009ac8                        PROVIDE (__init_array_end = .)
                0x08009ac8                        . = ALIGN (0x4)

.fini_array     0x08009ac8        0x4
                0x08009ac8                        . = ALIGN (0x4)
                [!provide]                        PROVIDE (__fini_array_start = .)
 *(SORT_BY_NAME(.fini_array.*))
 *(.fini_array*)
 .fini_array    0x08009ac8        0x4 C:/ST/STM32CubeIDE_1.16.1/STM32CubeIDE/plugins/com.st.stm32cube.ide.mcu.externaltools.gnu-tools-for-stm32.12.3.rel1.win32_1.1.0.202410251130/tools/bin/../lib/gcc/arm-none-eabi/12.3.1/thumb/v7e-m+fp/hard/crtbegin.o
                [!provide]                        PROVIDE (__fini_array_end = .)
                0x08009acc                        . = ALIGN (0x4)
                0x08009acc                        _sidata = LOADADDR (.data)

.data           0x20000000      0x118 load address 0x08009acc
                0x20000000                        . = ALIGN (0x4)
                0x20000000                        _sdata = .
 *(.data)
 *(.data*)
 .data.trace_module_name
                0x20000000        0x4 ./Source/API/cmd_api.o
 .data.trace_module_name
                0x20000004        0x4 ./Source/API/cmd_api_helper.o
 .data.g_led_blink_lut
                0x20000008       0x18 ./Source/API/led_api.o
 .data.trace_module_name
                0x20000020        0x4 ./Source/APP/cli_app.o
 .data.g_response
                0x20000024        0x8 ./Source/APP/cli_app.o
 .data.g_static_cli_lut
                0x2000002c       0x78 ./Source/APP/cli_app.o
 .data.trace_module_name
                0x200000a4        0x4 ./Source/APP/cli_cmd_handlers.o
 .data.trace_module_name
                0x200000a8        0x4 ./Source/APP/led_app.o
 .data.g_received_task
                0x200000ac        0x8 ./Source/APP/led_app.o
 .data.trace_module_name
                0x200000b4        0x4 ./Source/APP/main.o
 .data.SystemCoreClock
                0x200000b8        0x4 ./Source/ThirdParty/Core/Src/system_stm32f4xx.o
                0x200000b8                SystemCoreClock
 .data.uwTickPrio
                0x200000bc        0x4 ./Source/ThirdParty/Drivers/STM32F4xx_HAL_Driver/Src/stm32f4xx_hal.o
                0x200000bc                uwTickPrio
 .data.uwTickFreq
                0x200000c0        0x1 ./Source/ThirdParty/Drivers/STM32F4xx_HAL_Driver/Src/stm32f4xx_hal.o
                0x200000c0                uwTickFreq
 *fill*         0x200000c1        0x3 
 .data.uxCriticalNesting
                0x200000c4        0x4 ./Source/ThirdParty/Middlewares/Third_Party/FreeRTOS/Source/portable/GCC/ARM_CM4F/port.o
 .data._impure_ptr
                0x200000c8        0x4 C:/ST/STM32CubeIDE_1.16.1/STM32CubeIDE/plugins/com.st.stm32cube.ide.mcu.externaltools.gnu-tools-for-stm32.12.3.rel1.win32_1.1.0.202410251130/tools/bin/../lib/gcc/arm-none-eabi/12.3.1/../../../../arm-none-eabi/lib/thumb/v7e-m+fp/hard\libc_nano.a(libc_a-impure.o)
                0x200000c8                _impure_ptr
 .data._impure_data
                0x200000cc       0x4c C:/ST/STM32CubeIDE_1.16.1/STM32CubeIDE/plugins/com.st.stm32cube.ide.mcu.externaltools.gnu-tools-for-stm32.12.3.rel1.win32_1.1.0.202410251130/tools/bin/../lib/gcc/arm-none-eabi/12.3.1/../../../../arm-none-eabi/lib/thumb/v7e-m+fp/hard\libc_nano.a(libc_a-impure.o)
                0x200000cc                _impure_data
 *(.RamFunc)
 *(.RamFunc*)
                0x20000118                        . = ALIGN (0x4)
                0x20000118                        _edata = .

.igot.plt       0x20000118        0x0 load address 0x08009be4
 .igot.plt      0x20000118        0x0 C:/ST/STM32CubeIDE_1.16.1/STM32CubeIDE/plugins/com.st.stm32cube.ide.mcu.externaltools.gnu-tools-for-stm32.12.3.rel1.win32_1.1.0.202410251130/tools/bin/../lib/gcc/arm-none-eabi/12.3.1/thumb/v7e-m+fp/hard/crtbegin.o
                0x20000118                        . = ALIGN (0x4)

.bss            0x20000118     0x4dac load address 0x08009be4
                0x20000118                        _sbss = .
                0x20000118                        __bss_start__ = _sbss
 *(.bss)
 .bss           0x20000118       0x1c C:/ST/STM32CubeIDE_1.16.1/STM32CubeIDE/plugins/com.st.stm32cube.ide.mcu.externaltools.gnu-tools-for-stm32.12.3.rel1.win32_1.1.0.202410251130/tools/bin/../lib/gcc/arm-none-eabi/12.3.1/thumb/v7e-m+fp/hard/crtbegin.o
 *(.bss*)
 .bss.g_debug_message_buffer
                0x20000134      0x100 ./Source/API/debug_api.o
 .bss.g_is_initialized
                0x20000234        0x1 ./Source/API/debug_api.o
 *fill*         0x20000235        0x3 
 .bss.g_debug_api_mutex
                0x20000238        0x4 ./Source/API/debug_api.o
 .bss.debug_message.1
                0x2000023c        0x8 ./Source/API/debug_api.o
 .bss.message_lenght.0
                0x20000244        0x4 ./Source/API/debug_api.o
 .bss.g_heap_mutex
                0x20000248        0x4 ./Source/API/heap_api.o
 .bss.g_is_initialized
                0x2000024c        0x1 ./Source/API/led_api.o
 *fill*         0x2000024d        0x3 
 .bss.g_fsm_thread_id
                0x20000250        0x4 ./Source/API/uart_api.o
 .bss.g_dynamic_uart_lut
                0x20000254       0x1c ./Source/API/uart_api.o
 .bss.g_is_initialized
                0x20000270        0x1 ./Source/APP/cli_app.o
 *fill*         0x20000271        0x3 
 .bss.g_cli_thread_id
                0x20000274        0x4 ./Source/APP/cli_app.o
 .bss.g_response_buffer
                0x20000278       0x80 ./Source/APP/cli_app.o
 .bss.g_command
                0x200002f8        0x8 ./Source/APP/cli_app.o
 .bss.g_is_initialized
                0x20000300        0x1 ./Source/APP/led_app.o
 *fill*         0x20000301        0x3 
 .bss.g_led_thread_id
                0x20000304        0x4 ./Source/APP/led_app.o
 .bss.g_led_message_queue_id
                0x20000308        0x4 ./Source/APP/led_app.o
 .bss.ulHighFrequencyTimerTicks
                0x2000030c        0x4 ./Source/APP/main.o
                0x2000030c                ulHighFrequencyTimerTicks
 .bss.g_dynamic_exti_lut
                0x20000310       0x10 ./Source/Driver/exti_driver.o
 .bss.g_is_all_pin_initialized
                0x20000320        0x1 ./Source/Driver/gpio_driver.o
 .bss.g_is_all_timers_init
                0x20000321        0x1 ./Source/Driver/timer_driver.o
 *fill*         0x20000322        0x2 
 .bss.g_is_counter_enable
                0x20000324        0x3 ./Source/Driver/timer_driver.o
 *fill*         0x20000327        0x1 
 .bss.g_ring_buffer
                0x20000328        0x4 ./Source/Driver/uart_driver.o
                0x20000328                g_ring_buffer
 .bss.htim2     0x2000032c       0x48 ./Source/ThirdParty/Core/Src/stm32f4xx_hal_timebase_tim.o
                0x2000032c                htim2
 .bss.uwTick    0x20000374        0x4 ./Source/ThirdParty/Drivers/STM32F4xx_HAL_Driver/Src/stm32f4xx_hal.o
                0x20000374                uwTick
 .bss.KernelState
                0x20000378        0x4 ./Source/ThirdParty/Middlewares/Third_Party/FreeRTOS/Source/CMSIS_RTOS_V2/cmsis_os2.o
 .bss.Idle_TCB.3
                0x2000037c       0xb0 ./Source/ThirdParty/Middlewares/Third_Party/FreeRTOS/Source/CMSIS_RTOS_V2/cmsis_os2.o
 .bss.Idle_Stack.2
                0x2000042c      0x200 ./Source/ThirdParty/Middlewares/Third_Party/FreeRTOS/Source/CMSIS_RTOS_V2/cmsis_os2.o
 .bss.Timer_TCB.1
                0x2000062c       0xb0 ./Source/ThirdParty/Middlewares/Third_Party/FreeRTOS/Source/CMSIS_RTOS_V2/cmsis_os2.o
 .bss.Timer_Stack.0
                0x200006dc      0x400 ./Source/ThirdParty/Middlewares/Third_Party/FreeRTOS/Source/CMSIS_RTOS_V2/cmsis_os2.o
 .bss.xQueueRegistry
                0x20000adc       0x40 ./Source/ThirdParty/Middlewares/Third_Party/FreeRTOS/Source/queue.o
                0x20000adc                xQueueRegistry
 .bss.pxCurrentTCB
                0x20000b1c        0x4 ./Source/ThirdParty/Middlewares/Third_Party/FreeRTOS/Source/tasks.o
                0x20000b1c                pxCurrentTCB
 .bss.pxReadyTasksLists
                0x20000b20      0x460 ./Source/ThirdParty/Middlewares/Third_Party/FreeRTOS/Source/tasks.o
 .bss.xDelayedTaskList1
                0x20000f80       0x14 ./Source/ThirdParty/Middlewares/Third_Party/FreeRTOS/Source/tasks.o
 .bss.xDelayedTaskList2
                0x20000f94       0x14 ./Source/ThirdParty/Middlewares/Third_Party/FreeRTOS/Source/tasks.o
 .bss.pxDelayedTaskList
                0x20000fa8        0x4 ./Source/ThirdParty/Middlewares/Third_Party/FreeRTOS/Source/tasks.o
 .bss.pxOverflowDelayedTaskList
                0x20000fac        0x4 ./Source/ThirdParty/Middlewares/Third_Party/FreeRTOS/Source/tasks.o
 .bss.xPendingReadyList
                0x20000fb0       0x14 ./Source/ThirdParty/Middlewares/Third_Party/FreeRTOS/Source/tasks.o
 .bss.xTasksWaitingTermination
                0x20000fc4       0x14 ./Source/ThirdParty/Middlewares/Third_Party/FreeRTOS/Source/tasks.o
 .bss.uxDeletedTasksWaitingCleanUp
                0x20000fd8        0x4 ./Source/ThirdParty/Middlewares/Third_Party/FreeRTOS/Source/tasks.o
 .bss.xSuspendedTaskList
                0x20000fdc       0x14 ./Source/ThirdParty/Middlewares/Third_Party/FreeRTOS/Source/tasks.o
 .bss.uxCurrentNumberOfTasks
                0x20000ff0        0x4 ./Source/ThirdParty/Middlewares/Third_Party/FreeRTOS/Source/tasks.o
 .bss.xTickCount
                0x20000ff4        0x4 ./Source/ThirdParty/Middlewares/Third_Party/FreeRTOS/Source/tasks.o
 .bss.uxTopReadyPriority
                0x20000ff8        0x4 ./Source/ThirdParty/Middlewares/Third_Party/FreeRTOS/Source/tasks.o
 .bss.xSchedulerRunning
                0x20000ffc        0x4 ./Source/ThirdParty/Middlewares/Third_Party/FreeRTOS/Source/tasks.o
 .bss.xPendedTicks
                0x20001000        0x4 ./Source/ThirdParty/Middlewares/Third_Party/FreeRTOS/Source/tasks.o
 .bss.xYieldPending
                0x20001004        0x4 ./Source/ThirdParty/Middlewares/Third_Party/FreeRTOS/Source/tasks.o
 .bss.xNumOfOverflows
                0x20001008        0x4 ./Source/ThirdParty/Middlewares/Third_Party/FreeRTOS/Source/tasks.o
 .bss.uxTaskNumber
                0x2000100c        0x4 ./Source/ThirdParty/Middlewares/Third_Party/FreeRTOS/Source/tasks.o
 .bss.xNextTaskUnblockTime
                0x20001010        0x4 ./Source/ThirdParty/Middlewares/Third_Party/FreeRTOS/Source/tasks.o
 .bss.xIdleTaskHandle
                0x20001014        0x4 ./Source/ThirdParty/Middlewares/Third_Party/FreeRTOS/Source/tasks.o
 .bss.uxSchedulerSuspended
                0x20001018        0x4 ./Source/ThirdParty/Middlewares/Third_Party/FreeRTOS/Source/tasks.o
 .bss.ulTaskSwitchedInTime
                0x2000101c        0x4 ./Source/ThirdParty/Middlewares/Third_Party/FreeRTOS/Source/tasks.o
 .bss.ulTotalRunTime
                0x20001020        0x4 ./Source/ThirdParty/Middlewares/Third_Party/FreeRTOS/Source/tasks.o
 .bss.xActiveTimerList1
                0x20001024       0x14 ./Source/ThirdParty/Middlewares/Third_Party/FreeRTOS/Source/timers.o
 .bss.xActiveTimerList2
                0x20001038       0x14 ./Source/ThirdParty/Middlewares/Third_Party/FreeRTOS/Source/timers.o
 .bss.pxCurrentTimerList
                0x2000104c        0x4 ./Source/ThirdParty/Middlewares/Third_Party/FreeRTOS/Source/timers.o
 .bss.pxOverflowTimerList
                0x20001050        0x4 ./Source/ThirdParty/Middlewares/Third_Party/FreeRTOS/Source/timers.o
 .bss.xTimerQueue
                0x20001054        0x4 ./Source/ThirdParty/Middlewares/Third_Party/FreeRTOS/Source/timers.o
 .bss.xTimerTaskHandle
                0x20001058        0x4 ./Source/ThirdParty/Middlewares/Third_Party/FreeRTOS/Source/timers.o
 .bss.xLastTime.2
                0x2000105c        0x4 ./Source/ThirdParty/Middlewares/Third_Party/FreeRTOS/Source/timers.o
 .bss.ucStaticTimerQueueStorage.1
                0x20001060       0xa0 ./Source/ThirdParty/Middlewares/Third_Party/FreeRTOS/Source/timers.o
 .bss.xStaticTimerQueue.0
                0x20001100       0x50 ./Source/ThirdParty/Middlewares/Third_Party/FreeRTOS/Source/timers.o
 .bss.ucMaxSysCallPriority
                0x20001150        0x1 ./Source/ThirdParty/Middlewares/Third_Party/FreeRTOS/Source/portable/GCC/ARM_CM4F/port.o
 *fill*         0x20001151        0x3 
 .bss.ulMaxPRIGROUPValue
                0x20001154        0x4 ./Source/ThirdParty/Middlewares/Third_Party/FreeRTOS/Source/portable/GCC/ARM_CM4F/port.o
 .bss.ucHeap    0x20001158     0x3c00 ./Source/ThirdParty/Middlewares/Third_Party/FreeRTOS/Source/portable/MemMang/heap_4.o
 .bss.xStart    0x20004d58        0x8 ./Source/ThirdParty/Middlewares/Third_Party/FreeRTOS/Source/portable/MemMang/heap_4.o
 .bss.pxEnd     0x20004d60        0x4 ./Source/ThirdParty/Middlewares/Third_Party/FreeRTOS/Source/portable/MemMang/heap_4.o
 .bss.xFreeBytesRemaining
                0x20004d64        0x4 ./Source/ThirdParty/Middlewares/Third_Party/FreeRTOS/Source/portable/MemMang/heap_4.o
 .bss.xMinimumEverFreeBytesRemaining
                0x20004d68        0x4 ./Source/ThirdParty/Middlewares/Third_Party/FreeRTOS/Source/portable/MemMang/heap_4.o
 .bss.xNumberOfSuccessfulAllocations
                0x20004d6c        0x4 ./Source/ThirdParty/Middlewares/Third_Party/FreeRTOS/Source/portable/MemMang/heap_4.o
 .bss.xNumberOfSuccessfulFrees
                0x20004d70        0x4 ./Source/ThirdParty/Middlewares/Third_Party/FreeRTOS/Source/portable/MemMang/heap_4.o
 .bss.xBlockAllocatedBit
                0x20004d74        0x4 ./Source/ThirdParty/Middlewares/Third_Party/FreeRTOS/Source/portable/MemMang/heap_4.o
 .bss.__malloc_sbrk_start
                0x20004d78        0x4 C:/ST/STM32CubeIDE_1.16.1/STM32CubeIDE/plugins/com.st.stm32cube.ide.mcu.externaltools.gnu-tools-for-stm32.12.3.rel1.win32_1.1.0.202410251130/tools/bin/../lib/gcc/arm-none-eabi/12.3.1/../../../../arm-none-eabi/lib/thumb/v7e-m+fp/hard\libc_nano.a(libc_a-mallocr.o)
                0x20004d78                __malloc_sbrk_start
 .bss.__malloc_free_list
                0x20004d7c        0x4 C:/ST/STM32CubeIDE_1.16.1/STM32CubeIDE/plugins/com.st.stm32cube.ide.mcu.externaltools.gnu-tools-for-stm32.12.3.rel1.win32_1.1.0.202410251130/tools/bin/../lib/gcc/arm-none-eabi/12.3.1/../../../../arm-none-eabi/lib/thumb/v7e-m+fp/hard\libc_nano.a(libc_a-mallocr.o)
                0x20004d7c                __malloc_free_list
 .bss.__sf      0x20004d80      0x138 C:/ST/STM32CubeIDE_1.16.1/STM32CubeIDE/plugins/com.st.stm32cube.ide.mcu.externaltools.gnu-tools-for-stm32.12.3.rel1.win32_1.1.0.202410251130/tools/bin/../lib/gcc/arm-none-eabi/12.3.1/../../../../arm-none-eabi/lib/thumb/v7e-m+fp/hard\libc_nano.a(libc_a-findfp.o)
                0x20004d80                __sf
 .bss.errno     0x20004eb8        0x4 C:/ST/STM32CubeIDE_1.16.1/STM32CubeIDE/plugins/com.st.stm32cube.ide.mcu.externaltools.gnu-tools-for-stm32.12.3.rel1.win32_1.1.0.202410251130/tools/bin/../lib/gcc/arm-none-eabi/12.3.1/../../../../arm-none-eabi/lib/thumb/v7e-m+fp/hard\libc_nano.a(libc_a-reent.o)
                0x20004eb8                errno
 .bss.__lock___malloc_recursive_mutex
                0x20004ebc        0x1 C:/ST/STM32CubeIDE_1.16.1/STM32CubeIDE/plugins/com.st.stm32cube.ide.mcu.externaltools.gnu-tools-for-stm32.12.3.rel1.win32_1.1.0.202410251130/tools/bin/../lib/gcc/arm-none-eabi/12.3.1/../../../../arm-none-eabi/lib/thumb/v7e-m+fp/hard\libc_nano.a(libc_a-lock.o)
                0x20004ebc                __lock___malloc_recursive_mutex
 *fill*         0x20004ebd        0x3 
 .bss.heap_end.0
                0x20004ec0        0x4 C:/ST/STM32CubeIDE_1.16.1/STM32CubeIDE/plugins/com.st.stm32cube.ide.mcu.externaltools.gnu-tools-for-stm32.12.3.rel1.win32_1.1.0.202410251130/tools/bin/../lib/gcc/arm-none-eabi/12.3.1/../../../../arm-none-eabi/lib/thumb/v7e-m+fp/hard\libnosys.a(sbrk.o)
 *(COMMON)
                0x20004ec4                        . = ALIGN (0x4)
                0x20004ec4                        _ebss = .
                0x20004ec4                        __bss_end__ = _ebss

._user_heap_stack
                0x20004ec4      0x604 load address 0x08009be4
                0x20004ec8                        . = ALIGN (0x8)
 *fill*         0x20004ec4        0x4 
                0x20004ec8                        PROVIDE (end = .)
                [!provide]                        PROVIDE (_end = .)
                0x200050c8                        . = (. + _Min_Heap_Size)
 *fill*         0x20004ec8      0x200 
                0x200054c8                        . = (. + _Min_Stack_Size)
 *fill*         0x200050c8      0x400 
                0x200054c8                        . = ALIGN (0x8)

/DISCARD/
 libc.a(*)