Archive member included to satisfy reference by file (symbol)

C:/ST/STM32CubeIDE_1.16.1/STM32CubeIDE/plugins/com.st.stm32cube.ide.mcu.externaltools.gnu-tools-for-stm32.12.3.rel1.win32_1.1.0.202410251130/tools/bin/../lib/gcc/arm-none-eabi/12.3.1/../../../../arm-none-eabi/lib/thumb/v7e-m+fp/hard\libc_nano.a(libc_a-calloc.o)
                              ./Source/API/heap_api.o (calloc)
C:/ST/STM32CubeIDE_1.16.1/STM32CubeIDE/plugins/com.st.stm32cube.ide.mcu.externaltools.gnu-tools-for-stm32.12.3.rel1.win32_1.1.0.202410251130/tools/bin/../lib/gcc/arm-none-eabi/12.3.1/../../../../arm-none-eabi/lib/thumb/v7e-m+fp/hard\libc_nano.a(libc_a-callocr.o)
                              C:/ST/STM32CubeIDE_1.16.1/STM32CubeIDE/plugins/com.st.stm32cube.ide.mcu.externaltools.gnu-tools-for-stm32.12.3.rel1.win32_1.1.0.202410251130/tools/bin/../lib/gcc/arm-none-eabi/12.3.1/../../../../arm-none-eabi/lib/thumb/v7e-m+fp/hard\libc_nano.a(libc_a-calloc.o) (_calloc_r)
C:/ST/STM32CubeIDE_1.16.1/STM32CubeIDE/plugins/com.st.stm32cube.ide.mcu.externaltools.gnu-tools-for-stm32.12.3.rel1.win32_1.1.0.202410251130/tools/bin/../lib/gcc/arm-none-eabi/12.3.1/../../../../arm-none-eabi/lib/thumb/v7e-m+fp/hard\libc_nano.a(libc_a-exit.o)
                              C:/ST/STM32CubeIDE_1.16.1/STM32CubeIDE/plugins/com.st.stm32cube.ide.mcu.externaltools.gnu-tools-for-stm32.12.3.rel1.win32_1.1.0.202410251130/tools/bin/../lib/gcc/arm-none-eabi/12.3.1/../../../../arm-none-eabi/lib/thumb/v7e-m+fp/hard/crt0.o (exit)
C:/ST/STM32CubeIDE_1.16.1/STM32CubeIDE/plugins/com.st.stm32cube.ide.mcu.externaltools.gnu-tools-for-stm32.12.3.rel1.win32_1.1.0.202410251130/tools/bin/../lib/gcc/arm-none-eabi/12.3.1/../../../../arm-none-eabi/lib/thumb/v7e-m+fp/hard\libc_nano.a(libc_a-malloc.o)
                              ./Source/Utility/ring_buffer.o (malloc)
C:/ST/STM32CubeIDE_1.16.1/STM32CubeIDE/plugins/com.st.stm32cube.ide.mcu.externaltools.gnu-tools-for-stm32.12.3.rel1.win32_1.1.0.202410251130/tools/bin/../lib/gcc/arm-none-eabi/12.3.1/../../../../arm-none-eabi/lib/thumb/v7e-m+fp/hard\libc_nano.a(libc_a-mallocr.o)
                              C:/ST/STM32CubeIDE_1.16.1/STM32CubeIDE/plugins/com.st.stm32cube.ide.mcu.externaltools.gnu-tools-for-stm32.12.3.rel1.win32_1.1.0.202410251130/tools/bin/../lib/gcc/arm-none-eabi/12.3.1/../../../../arm-none-eabi/lib/thumb/v7e-m+fp/hard\libc_nano.a(libc_a-callocr.o) (_malloc_r)
C:/ST/STM32CubeIDE_1.16.1/STM32CubeIDE/plugins/com.st.stm32cube.ide.mcu.externaltools.gnu-tools-for-stm32.12.3.rel1.win32_1.1.0.202410251130/tools/bin/../lib/gcc/arm-none-eabi/12.3.1/../../../../arm-none-eabi/lib/thumb/v7e-m+fp/hard\libc_nano.a(libc_a-mlock.o)
                              C:/ST/STM32CubeIDE_1.16.1/STM32CubeIDE/plugins/com.st.stm32cube.ide.mcu.externaltools.gnu-tools-for-stm32.12.3.rel1.win32_1.1.0.202410251130/tools/bin/../lib/gcc/arm-none-eabi/12.3.1/../../../../arm-none-eabi/lib/thumb/v7e-m+fp/hard\libc_nano.a(libc_a-mallocr.o) (__malloc_lock)
C:/ST/STM32CubeIDE_1.16.1/STM32CubeIDE/plugins/com.st.stm32cube.ide.mcu.externaltools.gnu-tools-for-stm32.12.3.rel1.win32_1.1.0.202410251130/tools/bin/../lib/gcc/arm-none-eabi/12.3.1/../../../../arm-none-eabi/lib/thumb/v7e-m+fp/hard\libc_nano.a(libc_a-strtoul.o)
                              ./Source/API/cmd_api_helper.o (strtoul)
C:/ST/STM32CubeIDE_1.16.1/STM32CubeIDE/plugins/com.st.stm32cube.ide.mcu.externaltools.gnu-tools-for-stm32.12.3.rel1.win32_1.1.0.202410251130/tools/bin/../lib/gcc/arm-none-eabi/12.3.1/../../../../arm-none-eabi/lib/thumb/v7e-m+fp/hard\libc_nano.a(libc_a-ctype_.o)
                              C:/ST/STM32CubeIDE_1.16.1/STM32CubeIDE/plugins/com.st.stm32cube.ide.mcu.externaltools.gnu-tools-for-stm32.12.3.rel1.win32_1.1.0.202410251130/tools/bin/../lib/gcc/arm-none-eabi/12.3.1/../../../../arm-none-eabi/lib/thumb/v7e-m+fp/hard\libc_nano.a(libc_a-strtoul.o) (_ctype_)
C:/ST/STM32CubeIDE_1.16.1/STM32CubeIDE/plugins/com.st.stm32cube.ide.mcu.externaltools.gnu-tools-for-stm32.12.3.rel1.win32_1.1.0.202410251130/tools/bin/../lib/gcc/arm-none-eabi/12.3.1/../../../../arm-none-eabi/lib/thumb/v7e-m+fp/hard\libc_nano.a(libc_a-findfp.o)
                              ./Source/ThirdParty/Middlewares/Third_Party/FreeRTOS/Source/tasks.o (__sf)
C:/ST/STM32CubeIDE_1.16.1/STM32CubeIDE/plugins/com.st.stm32cube.ide.mcu.externaltools.gnu-tools-for-stm32.12.3.rel1.win32_1.1.0.202410251130/tools/bin/../lib/gcc/arm-none-eabi/12.3.1/../../../../arm-none-eabi/lib/thumb/v7e-m+fp/hard\libc_nano.a(libc_a-fwalk.o)
                              C:/ST/STM32CubeIDE_1.16.1/STM32CubeIDE/plugins/com.st.stm32cube.ide.mcu.externaltools.gnu-tools-for-stm32.12.3.rel1.win32_1.1.0.202410251130/tools/bin/../lib/gcc/arm-none-eabi/12.3.1/../../../../arm-none-eabi/lib/thumb/v7e-m+fp/hard\libc_nano.a(libc_a-findfp.o) (_fwalk_sglue)
[...]
Memory Configuration

Name             Origin             Length             Attributes
RAM              0x20000000         0x00020000         xrw
FLASH            0x08000000         0x00080000         xr
*default*        0x00000000         0xffffffff

Linker script and memory map

LOAD C:/ST/STM32CubeIDE_1.16.1/STM32CubeIDE/plugins/com.st.stm32cube.ide.mcu.externaltools.gnu-tools-for-stm32.12.3.rel1.win32_1.1.0.202410251130/tools/bin/../lib/gcc/arm-none-eabi/12.3.1/thumb/v7e-m+fp/hard/crti.o
LOAD C:/ST/STM32CubeIDE_1.16.1/STM32CubeIDE/plugins/com.st.stm32cube.ide.mcu.externaltools.gnu-tools-for-stm32.12.3.rel1.win32_1.1.0.202410251130/tools/bin/../lib/gcc/arm-none-eabi/12.3.1/thumb/v7e-m+fp/hard/crtbegin.o
LOAD C:/ST/STM32CubeIDE_1.16.1/STM32CubeIDE/plugins/com.st.stm32cube.ide.mcu.externaltools.gnu-tools-for-stm32.12.3.rel1.win32_1.1.0.202410251130/tools/bin/../lib/gcc/arm-none-eabi/12.3.1/../../../../arm-none-eabi/lib/thumb/v7e-m+fp/hard/crt0.o
LOAD ./Source/API/button_api.o
LOAD ./Source/API/cmd_api.o
LOAD ./Source/API/cmd_api_helper.o
LOAD ./Source/API/debug_api.o
LOAD ./Source/API/heap_api.o
LOAD ./Source/API/led_api.o
LOAD ./Source/API/motor_api.o
LOAD ./Source/API/tcrt5000_api.o
LOAD ./Source/API/uart_api.o
LOAD ./Source/APP/cli_app.o
LOAD ./Source/APP/cli_cmd_handlers.o
LOAD ./Source/APP/led_app.o
LOAD ./Source/APP/main.o
LOAD ./Source/APP/motor_app.o
LOAD ./Source/APP/tracker_app.o
LOAD ./Source/Driver/exti_driver.o
LOAD ./Source/Driver/gpio_driver.o
LOAD ./Source/Driver/motor_driver.o
LOAD ./Source/Driver/pwm_driver.o
LOAD ./Source/Driver/timer_driver.o
LOAD ./Source/Driver/uart_driver.o
LOAD ./Source/ThirdParty/Core/Src/freertos.o
LOAD ./Source/ThirdParty/Core/Src/gpio.o
LOAD ./Source/ThirdParty/Core/Src/i2c.o
LOAD ./Source/ThirdParty/Core/Src/stm32f4xx_hal_msp.o
LOAD ./Source/ThirdParty/Core/Src/stm32f4xx_hal_timebase_tim.o
LOAD ./Source/ThirdParty/Core/Src/stm32f4xx_it.o
LOAD ./Source/ThirdParty/Core/Src/system_stm32f4xx.o
LOAD ./Source/ThirdParty/Core/Src/tim.o
LOAD ./Source/ThirdParty/Core/Src/usart.o
LOAD ./Source/ThirdParty/Core/Startup/startup_stm32f411retx.o
LOAD ./Source/ThirdParty/Drivers/STM32F4xx_HAL_Driver/Src/stm32f4xx_hal.o
LOAD ./Source/ThirdParty/Drivers/STM32F4xx_HAL_Driver/Src/stm32f4xx_hal_cortex.o
LOAD ./Source/ThirdParty/Drivers/STM32F4xx_HAL_Driver/Src/stm32f4xx_hal_dma.o
LOAD ./Source/ThirdParty/Drivers/STM32F4xx_HAL_Driver/Src/stm32f4xx_hal_dma_ex.o
LOAD ./Source/ThirdParty/Drivers/STM32F4xx_HAL_Driver/Src/stm32f4xx_hal_exti.o
LOAD ./Source/ThirdParty/Drivers/STM32F4xx_HAL_Driver/Src/stm32f4xx_hal_flash.o
LOAD ./Source/ThirdParty/Drivers/STM32F4xx_HAL_Driver/Src/stm32f4xx_hal_flash_ex.o
LOAD ./Source/ThirdParty/Drivers/STM32F4xx_HAL_Driver/Src/stm32f4xx_hal_flash_ramfunc.o
LOAD ./Source/ThirdParty/Drivers/STM32F4xx_HAL_Driver/Src/stm32f4xx_hal_gpio.o
LOAD ./Source/ThirdParty/Drivers/STM32F4xx_HAL_Driver/Src/stm32f4xx_hal_pwr.o
LOAD ./Source/ThirdParty/Drivers/STM32F4xx_HAL_Driver/Src/stm32f4xx_hal_pwr_ex.o
LOAD ./Source/ThirdParty/Drivers/STM32F4xx_HAL_Driver/Src/stm32f4xx_hal_rcc.o
LOAD ./Source/ThirdParty/Drivers/STM32F4xx_HAL_Driver/Src/stm32f4xx_hal_rcc_ex.o
LOAD ./Source/ThirdParty/Drivers/STM32F4xx_HAL_Driver/Src/stm32f4xx_hal_tim.o
LOAD ./Source/ThirdParty/Drivers/STM32F4xx_HAL_Driver/Src/stm32f4xx_hal_tim_ex.o
LOAD ./Source/ThirdParty/Drivers/STM32F4xx_HAL_Driver/Src/stm32f4xx_ll_dma.o
LOAD ./Source/ThirdParty/Drivers/STM32F4xx_HAL_Driver/Src/stm32f4xx_ll_exti.o
LOAD ./Source/ThirdParty/Drivers/STM32F4xx_HAL_Driver/Src/stm32f4xx_ll_gpio.o
LOAD ./Source/ThirdParty/Drivers/STM32F4xx_HAL_Driver/Src/stm32f4xx_ll_i2c.o
LOAD ./Source/ThirdParty/Drivers/STM32F4xx_HAL_Driver/Src/stm32f4xx_ll_rcc.o
LOAD ./Source/ThirdParty/Drivers/STM32F4xx_HAL_Driver/Src/stm32f4xx_ll_tim.o
LOAD ./Source/ThirdParty/Drivers/STM32F4xx_HAL_Driver/Src/stm32f4xx_ll_usart.o
LOAD ./Source/ThirdParty/Drivers/STM32F4xx_HAL_Driver/Src/stm32f4xx_ll_utils.o
LOAD ./Source/ThirdParty/Middlewares/Third_Party/FreeRTOS/Source/CMSIS_RTOS_V2/cmsis_os2.o
LOAD ./Source/ThirdParty/Middlewares/Third_Party/FreeRTOS/Source/croutine.o
LOAD ./Source/ThirdParty/Middlewares/Third_Party/FreeRTOS/Source/event_groups.o
LOAD ./Source/ThirdParty/Middlewares/Third_Party/FreeRTOS/Source/list.o
LOAD ./Source/ThirdParty/Middlewares/Third_Party/FreeRTOS/Source/queue.o
LOAD ./Source/ThirdParty/Middlewares/Third_Party/FreeRTOS/Source/stream_buffer.o
LOAD ./Source/ThirdParty/Middlewares/Third_Party/FreeRTOS/Source/tasks.o
LOAD ./Source/ThirdParty/Middlewares/Third_Party/FreeRTOS/Source/timers.o
LOAD ./Source/ThirdParty/Middlewares/Third_Party/FreeRTOS/Source/portable/GCC/ARM_CM4F/port.o
LOAD ./Source/ThirdParty/Middlewares/Third_Party/FreeRTOS/Source/portable/MemMang/heap_4.o
LOAD ./Source/Utility/error_messages.o
LOAD ./Source/Utility/ring_buffer.o
START GROUP
LOAD C:/ST/STM32CubeIDE_1.16.1/STM32CubeIDE/plugins/com.st.stm32cube.ide.mcu.externaltools.gnu-tools-for-stm32.12.3.rel1.win32_1.1.0.202410251130/tools/bin/../lib/gcc/arm-none-eabi/12.3.1/../../../../arm-none-eabi/lib/thumb/v7e-m+fp/hard\libc_nano.a
LOAD C:/ST/STM32CubeIDE_1.16.1/STM32CubeIDE/plugins/com.st.stm32cube.ide.mcu.externaltools.gnu-tools-for-stm32.12.3.rel1.win32_1.1.0.202410251130/tools/bin/../lib/gcc/arm-none-eabi/12.3.1/../../../../arm-none-eabi/lib/thumb/v7e-m+fp/hard\libm.a
END GROUP
START GROUP
LOAD C:/ST/STM32CubeIDE_1.16.1/STM32CubeIDE/plugins/com.st.stm32cube.ide.mcu.externaltools.gnu-tools-for-stm32.12.3.rel1.win32_1.1.0.202410251130/tools/bin/../lib/gcc/arm-none-eabi/12.3.1/thumb/v7e-m+fp/hard\libgcc.a
LOAD C:/ST/STM32CubeIDE_1.16.1/STM32CubeIDE/plugins/com.st.stm32cube.ide.mcu.externaltools.gnu-tools-for-stm32.12.3.rel1.win32_1.1.0.202410251130/tools/bin/../lib/gcc/arm-none-eabi/12.3.1/../../../../arm-none-eabi/lib/thumb/v7e-m+fp/hard\libc_nano.a
END GROUP
START GROUP
LOAD C:/ST/STM32CubeIDE_1.16.1/STM32CubeIDE/plugins/com.st.stm32cube.ide.mcu.externaltools.gnu-tools-for-stm32.12.3.rel1.win32_1.1.0.202410251130/tools/bin/../lib/gcc/arm-none-eabi/12.3.1/thumb/v7e-m+fp/hard\libgcc.a
LOAD C:/ST/STM32CubeIDE_1.16.1/STM32CubeIDE/plugins/com.st.stm32cube.ide.mcu.externaltools.gnu-tools-for-stm32.12.3.rel1.win32_1.1.0.202410251130/tools/bin/../lib/gcc/arm-none-eabi/12.3.1/../../../../arm-none-eabi/lib/thumb/v7e-m+fp/hard\libc_nano.a
LOAD C:/ST/STM32CubeIDE_1.16.1/STM32CubeIDE/plugins/com.st.stm32cube.ide.mcu.externaltools.gnu-tools-for-stm32.12.3.rel1.win32_1.1.0.202410251130/tools/bin/../lib/gcc/arm-none-eabi/12.3.1/../../../../arm-none-eabi/lib/thumb/v7e-m+fp/hard\libnosys.a
END GROUP
START GROUP
LOAD C:/ST/STM32CubeIDE_1.16.1/STM32CubeIDE/plugins/com.st.stm32cube.ide.mcu.externaltools.gnu-tools-for-stm32.12.3.rel1.win32_1.1.0.202410251130/tools/bin/../lib/gcc/arm-none-eabi/12.3.1/thumb/v7e-m+fp/hard\libgcc.a
LOAD C:/ST/STM32CubeIDE_1.16.1/STM32CubeIDE/plugins/com.st.stm32cube.ide.mcu.externaltools.gnu-tools-for-stm32.12.3.rel1.win32_1.1.0.202410251130/tools/bin/../lib/gcc/arm-none-eabi/12.3.1/../../../../arm-none-eabi/lib/thumb/v7e-m+fp/hard\libc_nano.a
LOAD C:/ST/STM32CubeIDE_1.16.1/STM32CubeIDE/plugins/com.st.stm32cube.ide.mcu.externaltools.gnu-tools-for-stm32.12.3.rel1.win32_1.1.0.202410251130/tools/bin/../lib/gcc/arm-none-eabi/12.3.1/../../../../arm-none-eabi/lib/thumb/v7e-m+fp/hard\libnosys.a
END GROUP
LOAD C:/ST/STM32CubeIDE_1.16.1/STM32CubeIDE/plugins/com.st.stm32cube.ide.mcu.externaltools.gnu-tools-for-stm32.12.3.rel1.win32_1.1.0.202410251130/tools/bin/../lib/gcc/arm-none-eabi/12.3.1/thumb/v7e-m+fp/hard/crtend.o
LOAD C:/ST/STM32CubeIDE_1.16.1/STM32CubeIDE/plugins/com.st.stm32cube.ide.mcu.externaltools.gnu-tools-for-stm32.12.3.rel1.win32_1.1.0.202410251130/tools/bin/../lib/gcc/arm-none-eabi/12.3.1/thumb/v7e-m+fp/hard/crtn.o
                0x20020000                        _estack = (ORIGIN (RAM) + LENGTH (RAM))
                0x00000200                        _Min_Heap_Size = 0x200
                0x00000400                        _Min_Stack_Size = 0x400

.isr_vector     0x08000000      0x198
                0x08000000                        . = ALIGN (0x4)
 *(.isr_vector)
 .isr_vector    0x08000000      0x198 ./Source/ThirdParty/Core/Startup/startup_stm32f411retx.o
                0x08000000                g_pfnVectors
                0x08000198                        . = ALIGN (0x4)

.text           0x080001a0     0xc4d4
                0x080001a0                        . = ALIGN (0x4)
 *(.text)
 .text          0x080001a0       0x40 C:/ST/STM32CubeIDE_1.16.1/STM32CubeIDE/plugins/com.st.stm32cube.ide.mcu.externaltools.gnu-tools-for-stm32.12.3.rel1.win32_1.1.0.202410251130/tools/bin/../lib/gcc/arm-none-eabi/12.3.1/thumb/v7e-m+fp/hard/crtbegin.o
 .text          0x080001e0       0x10 C:/ST/STM32CubeIDE_1.16.1/STM32CubeIDE/plugins/com.st.stm32cube.ide.mcu.externaltools.gnu-tools-for-stm32.12.3.rel1.win32_1.1.0.202410251130/tools/bin/../lib/gcc/arm-none-eabi/12.3.1/../../../../arm-none-eabi/lib/thumb/v7e-m+fp/hard\libc_nano.a(libc_a-strlen.o)
                0x080001e0                strlen
 .text          0x080001f0       0xa0 C:/ST/STM32CubeIDE_1.16.1/STM32CubeIDE/plugins/com.st.stm32cube.ide.mcu.externaltools.gnu-tools-for-stm32.12.3.rel1.win32_1.1.0.202410251130/tools/bin/../lib/gcc/arm-none-eabi/12.3.1/../../../../arm-none-eabi/lib/thumb/v7e-m+fp/hard\libc_nano.a(libc_a-memchr.o)
                0x080001f0                memchr
 .text          0x08000290       0x30 C:/ST/STM32CubeIDE_1.16.1/STM32CubeIDE/plugins/com.st.stm32cube.ide.mcu.externaltools.gnu-tools-for-stm32.12.3.rel1.win32_1.1.0.202410251130/tools/bin/../lib/gcc/arm-none-eabi/12.3.1/thumb/v7e-m+fp/hard\libgcc.a(_aeabi_uldivmod.o)
                0x08000290                __aeabi_uldivmod
 .text          0x080002c0      0x2bc C:/ST/STM32CubeIDE_1.16.1/STM32CubeIDE/plugins/com.st.stm32cube.ide.mcu.externaltools.gnu-tools-for-stm32.12.3.rel1.win32_1.1.0.202410251130/tools/bin/../lib/gcc/arm-none-eabi/12.3.1/thumb/v7e-m+fp/hard\libgcc.a(_udivmoddi4.o)
                0x080002c0                __udivmoddi4
 .text          0x0800057c        0x4 C:/ST/STM32CubeIDE_1.16.1/STM32CubeIDE/plugins/com.st.stm32cube.ide.mcu.externaltools.gnu-tools-for-stm32.12.3.rel1.win32_1.1.0.202410251130/tools/bin/../lib/gcc/arm-none-eabi/12.3.1/thumb/v7e-m+fp/hard\libgcc.a(_dvmd_tls.o)
                0x0800057c                __aeabi_idiv0
                0x0800057c                __aeabi_ldiv0
 *(.text*)
 .text.Button_API_Thread
                0x08000580      0x158 ./Source/API/button_api.o
 .text.Button_API_ExtiTriggered
                0x080006d8       0xa8 ./Source/API/button_api.o
 .text.Button_API_DebounceTimerCallback
                0x08000780       0xf4 ./Source/API/button_api.o
 .text.Button_API_Init
                0x08000874      0x110 ./Source/API/button_api.o
                0x08000874                Button_API_Init
 .text.Button_API_IsTriggered
                0x08000984       0x38 ./Source/API/button_api.o
                0x08000984                Button_API_IsTriggered
 .text.Button_API_ClearState
                0x080009bc       0x3c ./Source/API/button_api.o
                0x080009bc                Button_API_ClearState
 .text.Button_API_IsCorrectButton
                0x080009f8       0x22 ./Source/API/button_api.o
                0x080009f8                Button_API_IsCorrectButton
 *fill*         0x08000a1a        0x2 
 .text.CMD_API_FindCommand
                0x08000a1c      0x118 ./Source/API/cmd_api.o
                0x08000a1c                CMD_API_FindCommand
 .text.CMD_API_Helper_FindNextArgUInt
                0x08000b34      0x124 ./Source/API/cmd_api_helper.o
                0x08000b34                CMD_API_Helper_FindNextArgUInt
 .text.Debug_API_Init
                0x08000c58       0x64 ./Source/API/debug_api.o
                0x08000c58                Debug_API_Init
 .text.Debug_API_Print
                0x08000cbc      0x128 ./Source/API/debug_api.o
                0x08000cbc                Debug_API_Print
 .text.Heap_API_Init
                0x08000de4       0x34 ./Source/API/heap_api.o
                0x08000de4                Heap_API_Init
 .text.Heap_API_MemoryAllocate
                0x08000e18       0x64 ./Source/API/heap_api.o
                0x08000e18                Heap_API_MemoryAllocate
 .text.Heap_API_Free
                0x08000e7c       0x48 ./Source/API/heap_api.o
                0x08000e7c                Heap_API_Free
 .text.LED_API_Blink_Timer_Callback
                0x08000ec4       0x86 ./Source/API/led_api.o
 *fill*         0x08000f4a        0x2 
 .text.LED_API_Init
                0x08000f4c      0x1d4 ./Source/API/led_api.o
                0x08000f4c                LED_API_Init
 .text.LED_API_TurnOn
                0x08001120       0x78 ./Source/API/led_api.o
                0x08001120                LED_API_TurnOn
 .text.LED_API_TurnOff
                0x08001198       0x60 ./Source/API/led_api.o
                0x08001198                LED_API_TurnOff
 .text.LED_API_Toggle
                0x080011f8       0x4c ./Source/API/led_api.o
                0x080011f8                LED_API_Toggle
 .text.LED_API_Blink
                0x08001244      0x134 ./Source/API/led_api.o
                0x08001244                LED_API_Blink
 .text.LED_API_Set_Brightness
                0x08001378       0x80 ./Source/API/led_api.o
                0x08001378                LED_API_Set_Brightness
 .text.LED_API_Pulse
                0x080013f8      0x1c4 ./Source/API/led_api.o
                0x080013f8                LED_API_Pulse
 .text.LED_API_IsCorrectLed
                0x080015bc       0x22 ./Source/API/led_api.o
                0x080015bc                LED_API_IsCorrectLed
 .text.LED_API_IsCorrectBlinkTime
                0x080015de       0x2e ./Source/API/led_api.o
                0x080015de                LED_API_IsCorrectBlinkTime
 .text.LED_API_IsCorrectBlinkFrequency
                0x0800160c       0x2e ./Source/API/led_api.o
                0x0800160c                LED_API_IsCorrectBlinkFrequency
 .text.LED_API_IsCorrectPwmLed
                0x0800163a       0x22 ./Source/API/led_api.o
                0x0800163a                LED_API_IsCorrectPwmLed
 .text.LED_API_IsCorrectDutyCycle
                0x0800165c       0x18 ./Source/API/led_api.o
                0x0800165c                LED_API_IsCorrectDutyCycle
 .text.LED_API_IsCorrectPulseTime
                0x08001674       0x2e ./Source/API/led_api.o
                0x08001674                LED_API_IsCorrectPulseTime
 .text.LED_API_IsCorrectPulseFrequency
                0x080016a2       0x30 ./Source/API/led_api.o
                0x080016a2                LED_API_IsCorrectPulseFrequency
 *fill*         0x080016d2        0x2 
 .text.Motor_API_Scale_Speed
                0x080016d4       0xb4 ./Source/API/motor_api.o
 .text.Motor_API_SetMotorSpeed
                0x08001788      0x194 ./Source/API/motor_api.o
 .text.Motor_API_Statup_TimerCallback
                0x0800191c       0x28 ./Source/API/motor_api.o
 .text.Motor_API_Init
                0x08001944      0x168 ./Source/API/motor_api.o
                0x08001944                Motor_API_Init
 .text.Motor_API_SetSpeed
                0x08001aac      0x26c ./Source/API/motor_api.o
                0x08001aac                Motor_API_SetSpeed
 .text.Motor_API_StopAllMotors
                0x08001d18       0x98 ./Source/API/motor_api.o
                0x08001d18                Motor_API_StopAllMotors
 .text.Motor_API_IsCorrectDirection
                0x08001db0       0x22 ./Source/API/motor_api.o
                0x08001db0                Motor_API_IsCorrectDirection
 .text.Motor_API_IsCorrectSpeed
                0x08001dd2       0x20 ./Source/API/motor_api.o
                0x08001dd2                Motor_API_IsCorrectSpeed
 *fill*         0x08001df2        0x2 
 .text.Motor_API_IsMotorEnabled
                0x08001df4       0x2c ./Source/API/motor_api.o
                0x08001df4                Motor_API_IsMotorEnabled
 .text.Tcrt5000_API_Thread
                0x08001e20       0xbc ./Source/API/tcrt5000_api.o
 .text.Tcrt5000_API_ExtiTriggered
                0x08001edc       0x74 ./Source/API/tcrt5000_api.o
 .text.Tcrt5000_API_DebounceTimerCallback
                0x08001f50      0x120 ./Source/API/tcrt5000_api.o
 .text.Tcrt5000_API_Init
                0x08002070      0x178 ./Source/API/tcrt5000_api.o
                0x08002070                Tcrt5000_API_Init
 .text.Tcrt5000_API_Enable
                0x080021e8       0x98 ./Source/API/tcrt5000_api.o
                0x080021e8                Tcrt5000_API_Enable
 .text.Tcrt5000_API_Disable
                0x08002280       0xa0 ./Source/API/tcrt5000_api.o
                0x08002280                Tcrt5000_API_Disable
 .text.Tcrt5000_API_GetData
                0x08002320       0x70 ./Source/API/tcrt5000_api.o
                0x08002320                Tcrt5000_API_GetData
 .text.Tcrt5000_API_ReadPinState
                0x08002390       0x58 ./Source/API/tcrt5000_api.o
                0x08002390                Tcrt5000_API_ReadPinState
 .text.Tcrt5000_API_ClearTrigger
                0x080023e8       0x44 ./Source/API/tcrt5000_api.o
                0x080023e8                Tcrt5000_API_ClearTrigger
 .text.Tcrt5000_API_IsCorrectTcrt5000
                0x0800242c       0x22 ./Source/API/tcrt5000_api.o
                0x0800242c                Tcrt5000_API_IsCorrectTcrt5000
 *fill*         0x0800244e        0x2 
 .text.UART_API_FsmThread
                0x08002450      0x218 ./Source/API/uart_api.o
 .text.UART_API_BufferIncrement
                0x08002668       0x7c ./Source/API/uart_api.o
 .text.UART_API_IsDelimiterReceived
                0x080026e4       0xa8 ./Source/API/uart_api.o
 .text.UART_API_Init
                0x0800278c      0x1d8 ./Source/API/uart_api.o
                0x0800278c                UART_API_Init
 .text.UART_API_Send
                0x08002964       0x9c ./Source/API/uart_api.o
                0x08002964                UART_API_Send
 .text.UART_API_Receive
                0x08002a00       0x58 ./Source/API/uart_api.o
                0x08002a00                UART_API_Receive
 .text.CLI_APP_Thread
                0x08002a58       0x6c ./Source/APP/cli_app.o
 .text.CLI_APP_Init
                0x08002ac4       0x88 ./Source/APP/cli_app.o
                0x08002ac4                CLI_APP_Init
 .text.CLI_APP_Led_Handlers_Common
                0x08002b4c      0x164 ./Source/APP/cli_cmd_handlers.o
 .text.CLI_APP_Tracker_Handlers_Common
                0x08002cb0       0xc4 ./Source/APP/cli_cmd_handlers.o
 .text.CLI_APP_Led_Handlers_Set
                0x08002d74       0x2c ./Source/APP/cli_cmd_handlers.o
                0x08002d74                CLI_APP_Led_Handlers_Set
 .text.CLI_APP_Led_Handlers_Reset
                0x08002da0       0x2c ./Source/APP/cli_cmd_handlers.o
                0x08002da0                CLI_APP_Led_Handlers_Reset
 .text.CLI_APP_Led_Handlers_Toggle
                0x08002dcc       0x2c ./Source/APP/cli_cmd_handlers.o
                0x08002dcc                CLI_APP_Led_Handlers_Toggle
 .text.CLI_APP_Led_Handlers_Blink
                0x08002df8      0x214 ./Source/APP/cli_cmd_handlers.o
                0x08002df8                CLI_APP_Led_Handlers_Blink
 .text.CLI_APP_Motors_Handlers_Stop
                0x0800300c       0xd0 ./Source/APP/cli_cmd_handlers.o
                0x0800300c                CLI_APP_Motors_Handlers_Stop
 .text.CLI_APP_Motors_Handlers_Set
                0x080030dc      0x1bc ./Source/APP/cli_cmd_handlers.o
                0x080030dc                CLI_APP_Motors_Handlers_Set
 .text.CLI_APP_Tracker_Handlers_Start
                0x08003298       0x2c ./Source/APP/cli_cmd_handlers.o
                0x08003298                CLI_APP_Tracker_Handlers_Start
 .text.CLI_APP_Tracker_Handlers_Stop
                0x080032c4       0x2c ./Source/APP/cli_cmd_handlers.o
                0x080032c4                CLI_APP_Tracker_Handlers_Stop
 .text.LED_APP_Thread
                0x080032f0      0x618 ./Source/APP/led_app.o
 .text.LED_APP_Init
                0x08003908       0x7c ./Source/APP/led_app.o
                0x08003908                LED_APP_Init
 .text.LED_APP_Add_Task
                0x08003984       0x44 ./Source/APP/led_app.o
                0x08003984                LED_APP_Add_Task
 .text.__NVIC_SetPriorityGrouping
                0x080039c8       0x48 ./Source/APP/main.o
 .text.__NVIC_GetPriorityGrouping
                0x08003a10       0x1c ./Source/APP/main.o
 .text.__NVIC_SetPriority
                0x08003a2c       0x54 ./Source/APP/main.o
 .text.NVIC_EncodePriority
                0x08003a80       0x66 ./Source/APP/main.o
 *fill*         0x08003ae6        0x2 
 .text.LL_RCC_HSI_Enable
                0x08003ae8       0x20 ./Source/APP/main.o
 .text.LL_RCC_HSI_IsReady
                0x08003b08       0x24 ./Source/APP/main.o
 .text.LL_RCC_HSI_SetCalibTrimming
                0x08003b2c       0x2c ./Source/APP/main.o
 .text.LL_RCC_SetSysClkSource
                0x08003b58       0x28 ./Source/APP/main.o
 .text.LL_RCC_GetSysClkSource
                0x08003b80       0x1c ./Source/APP/main.o
 .text.LL_RCC_SetAHBPrescaler
                0x08003b9c       0x28 ./Source/APP/main.o
 .text.LL_RCC_SetAPB1Prescaler
                0x08003bc4       0x28 ./Source/APP/main.o
 .text.LL_RCC_SetAPB2Prescaler
                0x08003bec       0x28 ./Source/APP/main.o
 .text.LL_RCC_PLL_Enable
                0x08003c14       0x20 ./Source/APP/main.o
 .text.LL_RCC_PLL_IsReady
                0x08003c34       0x28 ./Source/APP/main.o
 .text.LL_RCC_PLL_ConfigDomain_SYS
                0x08003c5c       0x4c ./Source/APP/main.o
 .text.LL_APB1_GRP1_EnableClock
                0x08003ca8       0x30 ./Source/APP/main.o
 .text.LL_APB2_GRP1_EnableClock
                0x08003cd8       0x30 ./Source/APP/main.o
 .text.LL_FLASH_SetLatency
                0x08003d08       0x28 ./Source/APP/main.o
 .text.LL_FLASH_GetLatency
                0x08003d30       0x1c ./Source/APP/main.o
 .text.LL_PWR_SetRegulVoltageScaling
                0x08003d4c       0x28 ./Source/APP/main.o
 .text.LL_PWR_IsActiveFlag_VOS
                0x08003d74       0x28 ./Source/APP/main.o
 .text.LL_TIM_EnableCounter
                0x08003d9c       0x20 ./Source/APP/main.o
 .text.LL_TIM_ClearFlag_UPDATE
                0x08003dbc       0x1c ./Source/APP/main.o
 .text.LL_TIM_IsActiveFlag_UPDATE
                0x08003dd8       0x26 ./Source/APP/main.o
 .text.LL_TIM_EnableIT_UPDATE
                0x08003dfe       0x20 ./Source/APP/main.o
 *fill*         0x08003e1e        0x2 
 .text.SystemClock_Config
                0x08003e20       0xa4 ./Source/APP/main.o
 .text.configureTimerForRunTimeStats
                0x08003ec4       0x24 ./Source/APP/main.o
                0x08003ec4                configureTimerForRunTimeStats
 .text.getRunTimeCounterValue
                0x08003ee8       0x18 ./Source/APP/main.o
                0x08003ee8                getRunTimeCounterValue
 .text.TIM1_UP_TIM10_IRQHandler
                0x08003f00       0x2c ./Source/APP/main.o
                0x08003f00                TIM1_UP_TIM10_IRQHandler
 .text.main     0x08003f2c       0xa0 ./Source/APP/main.o
                0x08003f2c                main
 .text.HAL_TIM_PeriodElapsedCallback
                0x08003fcc       0x1e ./Source/APP/main.o
                0x08003fcc                HAL_TIM_PeriodElapsedCallback
 *fill*         0x08003fea        0x2 
 .text.Motor_APP_Thread
                0x08003fec      0x1b0 ./Source/APP/motor_app.o
 .text.Motor_APP_Init
                0x0800419c       0x7c ./Source/APP/motor_app.o
                0x0800419c                Motor_APP_Init
 .text.Motor_APP_Add_Task
                0x08004218       0x44 ./Source/APP/motor_app.o
                0x08004218                Motor_APP_Add_Task
 .text.Tracker_APP_Thread
                0x0800425c      0x36c ./Source/APP/tracker_app.o
 .text.Tracker_APP_Process_Tcrt5000
                0x080045c8       0x7c ./Source/APP/tracker_app.o
 .text.Tracker_APP_Init
                0x08004644       0xb8 ./Source/APP/tracker_app.o
                0x08004644                Tracker_APP_Init
 .text.Tracker_APP_Add_Task
                0x080046fc       0x48 ./Source/APP/tracker_app.o
                0x080046fc                Tracker_APP_Add_Task
 .text.__NVIC_GetPriorityGrouping
                0x08004744       0x1c ./Source/Driver/exti_driver.o
 .text.__NVIC_EnableIRQ
                0x08004760       0x3c ./Source/Driver/exti_driver.o
 .text.__NVIC_SetPriority
                0x0800479c       0x54 ./Source/Driver/exti_driver.o
 .text.NVIC_EncodePriority
                0x080047f0       0x66 ./Source/Driver/exti_driver.o
 *fill*         0x08004856        0x2 
 .text.LL_SYSCFG_SetEXTISource
                0x08004858       0x6c ./Source/Driver/exti_driver.o
 .text.LL_EXTI_EnableIT_0_31
                0x080048c4       0x24 ./Source/Driver/exti_driver.o
 .text.LL_EXTI_DisableIT_0_31
                0x080048e8       0x28 ./Source/Driver/exti_driver.o
 .text.LL_EXTI_IsActiveFlag_0_31
                0x08004910       0x2c ./Source/Driver/exti_driver.o
 .text.LL_EXTI_ClearFlag_0_31
                0x0800493c       0x20 ./Source/Driver/exti_driver.o
 .text.EXTIx_IRQHandler
                0x0800495c       0x94 ./Source/Driver/exti_driver.o
 .text.EXTI0_IRQHandler
                0x080049f0        0xe ./Source/Driver/exti_driver.o
                0x080049f0                EXTI0_IRQHandler
 .text.EXTI1_IRQHandler
                0x080049fe        0xe ./Source/Driver/exti_driver.o
                0x080049fe                EXTI1_IRQHandler
 .text.Exti_Driver_InitDevice
                0x08004a0c      0x130 ./Source/Driver/exti_driver.o
                0x08004a0c                Exti_Driver_InitDevice
 .text.Exti_Driver_Disable_IT
                0x08004b3c       0x3c ./Source/Driver/exti_driver.o
                0x08004b3c                Exti_Driver_Disable_IT
 .text.Exti_Driver_Enable_IT
                0x08004b78       0x3c ./Source/Driver/exti_driver.o
                0x08004b78                Exti_Driver_Enable_IT
 .text.LL_GPIO_GetPinMode
                0x08004bb4       0x6e ./Source/Driver/gpio_driver.o
 .text.LL_GPIO_ReadInputPort
                0x08004c22       0x18 ./Source/Driver/gpio_driver.o
 .text.LL_GPIO_ReadOutputPort
                0x08004c3a       0x18 ./Source/Driver/gpio_driver.o
 .text.LL_GPIO_SetOutputPin
                0x08004c52       0x1c ./Source/Driver/gpio_driver.o
 .text.LL_GPIO_ResetOutputPin
                0x08004c6e       0x1e ./Source/Driver/gpio_driver.o
 .text.LL_GPIO_TogglePin
                0x08004c8c       0x32 ./Source/Driver/gpio_driver.o
 *fill*         0x08004cbe        0x2 
 .text.LL_AHB1_GRP1_EnableClock
                0x08004cc0       0x30 ./Source/Driver/gpio_driver.o
 .text.GPIO_Driver_InitAllPins
                0x08004cf0       0xf4 ./Source/Driver/gpio_driver.o
                0x08004cf0                GPIO_Driver_InitAllPins
 .text.GPIO_Driver_WritePin
                0x08004de4       0x94 ./Source/Driver/gpio_driver.o
                0x08004de4                GPIO_Driver_WritePin
 .text.GPIO_Driver_ReadPin
                0x08004e78       0xa8 ./Source/Driver/gpio_driver.o
                0x08004e78                GPIO_Driver_ReadPin
 .text.GPIO_Driver_TogglePin
                0x08004f20       0x40 ./Source/Driver/gpio_driver.o
                0x08004f20                GPIO_Driver_TogglePin
 .text.Motor_Driver_InitAllMotors
                0x08004f60       0x70 ./Source/Driver/motor_driver.o
                0x08004f60                Motor_Driver_InitAllMotors
 .text.Motor_Driver_EnableMotor
                0x08004fd0       0xac ./Source/Driver/motor_driver.o
                0x08004fd0                Motor_Driver_EnableMotor
 .text.Motor_Driver_SetSpeed
                0x0800507c      0x128 ./Source/Driver/motor_driver.o
                0x0800507c                Motor_Driver_SetSpeed
 .text.Motor_Driver_GetMaxSpeed
                0x080051a4       0x48 ./Source/Driver/motor_driver.o
                0x080051a4                Motor_Driver_GetMaxSpeed
 .text.LL_TIM_IsEnabledCounter
                0x080051ec       0x26 ./Source/Driver/pwm_driver.o
 .text.LL_TIM_CC_EnableChannel
                0x08005212       0x22 ./Source/Driver/pwm_driver.o
 .text.LL_TIM_OC_DisableFast
                0x08005234       0x8c ./Source/Driver/pwm_driver.o
 .text.LL_TIM_OC_EnablePreload
                0x080052c0       0x88 ./Source/Driver/pwm_driver.o
 .text.LL_TIM_OC_SetCompareCH1
                0x08005348       0x1c ./Source/Driver/pwm_driver.o
 .text.LL_TIM_OC_SetCompareCH2
                0x08005364       0x1c ./Source/Driver/pwm_driver.o
 .text.LL_TIM_OC_SetCompareCH3
                0x08005380       0x1c ./Source/Driver/pwm_driver.o
 .text.LL_TIM_OC_SetCompareCH4
                0x0800539c       0x1c ./Source/Driver/pwm_driver.o
 .text.PWM_Driver_InitAllDevices
                0x080053b8      0x1ec ./Source/Driver/pwm_driver.o
                0x080053b8                PWM_Driver_InitAllDevices
 .text.PWM_Driver_Enable_Device
                0x080055a4       0xa8 ./Source/Driver/pwm_driver.o
                0x080055a4                PWM_Driver_Enable_Device
 .text.PWM_Driver_Change_Duty_Cycle
                0x0800564c       0xa8 ./Source/Driver/pwm_driver.o
                0x0800564c                PWM_Driver_Change_Duty_Cycle
 .text.__NVIC_GetPriorityGrouping
                0x080056f4       0x1c ./Source/Driver/timer_driver.o
 .text.__NVIC_EnableIRQ
                0x08005710       0x3c ./Source/Driver/timer_driver.o
 .text.__NVIC_SetPriority
                0x0800574c       0x54 ./Source/Driver/timer_driver.o
 .text.NVIC_EncodePriority
                0x080057a0       0x66 ./Source/Driver/timer_driver.o
 *fill*         0x08005806        0x2 
 .text.LL_APB1_GRP1_EnableClock
                0x08005808       0x30 ./Source/Driver/timer_driver.o
 .text.LL_APB2_GRP1_EnableClock
                0x08005838       0x30 ./Source/Driver/timer_driver.o
 .text.LL_TIM_EnableCounter
                0x08005868       0x20 ./Source/Driver/timer_driver.o
 .text.LL_TIM_DisableARRPreload
                0x08005888       0x20 ./Source/Driver/timer_driver.o
 .text.LL_TIM_GetAutoReload
                0x080058a8       0x18 ./Source/Driver/timer_driver.o
 .text.LL_TIM_SetClockSource
                0x080058c0       0x2a ./Source/Driver/timer_driver.o
 .text.LL_TIM_SetTriggerOutput
                0x080058ea       0x26 ./Source/Driver/timer_driver.o
 .text.LL_TIM_DisableMasterSlaveMode
                0x08005910       0x20 ./Source/Driver/timer_driver.o
 .text.Timer_Driver_InitAllTimers
                0x08005930      0x204 ./Source/Driver/timer_driver.o
                0x08005930                Timer_Driver_InitAllTimers
 .text.Timer_Driver_Start
                0x08005b34       0x68 ./Source/Driver/timer_driver.o
                0x08005b34                Timer_Driver_Start
 .text.Timer_Driver_GetResolution
                0x08005b9c       0x34 ./Source/Driver/timer_driver.o
                0x08005b9c                Timer_Driver_GetResolution
 .text.__NVIC_EnableIRQ
                0x08005bd0       0x3c ./Source/Driver/uart_driver.o
 .text.LL_APB1_GRP1_EnableClock
                0x08005c0c       0x30 ./Source/Driver/uart_driver.o
 .text.LL_USART_Enable
                0x08005c3c       0x20 ./Source/Driver/uart_driver.o
 .text.LL_USART_IsEnabled
                0x08005c5c       0x28 ./Source/Driver/uart_driver.o
 .text.LL_USART_ConfigAsyncMode
                0x08005c84       0x2c ./Source/Driver/uart_driver.o
 .text.LL_USART_IsActiveFlag_RXNE
                0x08005cb0       0x26 ./Source/Driver/uart_driver.o
 .text.LL_USART_IsActiveFlag_TXE
                0x08005cd6       0x26 ./Source/Driver/uart_driver.o
 .text.LL_USART_EnableIT_RXNE
                0x08005cfc       0x46 ./Source/Driver/uart_driver.o
 .text.LL_USART_ReceiveData8
                0x08005d42       0x1a ./Source/Driver/uart_driver.o
 .text.LL_USART_TransmitData8
                0x08005d5c       0x1e ./Source/Driver/uart_driver.o
 *fill*         0x08005d7a        0x2 
 .text.UARTx_ISRHandler
                0x08005d7c       0x8c ./Source/Driver/uart_driver.o
 .text.USART2_IRQHandler
                0x08005e08        0xe ./Source/Driver/uart_driver.o
                0x08005e08                USART2_IRQHandler
 *fill*         0x08005e16        0x2 
 .text.UART_Driver_Init
                0x08005e18      0x1a0 ./Source/Driver/uart_driver.o
                0x08005e18                UART_Driver_Init
 .text.UART_Driver_SendByte
                0x08005fb8       0x80 ./Source/Driver/uart_driver.o
                0x08005fb8                UART_Driver_SendByte
 .text.UART_Driver_SendBytes
                0x08006038       0x68 ./Source/Driver/uart_driver.o
                0x08006038                UART_Driver_SendBytes
 .text.UART_Driver_ReceiveByte
                0x080060a0       0x64 ./Source/Driver/uart_driver.o
                0x080060a0                UART_Driver_ReceiveByte
 .text.HAL_InitTick
                0x08006104       0xf8 ./Source/ThirdParty/Core/Src/stm32f4xx_hal_timebase_tim.o
                0x08006104                HAL_InitTick
 .text.NMI_Handler
                0x080061fc        0x8 ./Source/ThirdParty/Core/Src/stm32f4xx_it.o
                0x080061fc                NMI_Handler
 .text.HardFault_Handler
                0x08006204        0x8 ./Source/ThirdParty/Core/Src/stm32f4xx_it.o
                0x08006204                HardFault_Handler
 .text.MemManage_Handler
                0x0800620c        0x8 ./Source/ThirdParty/Core/Src/stm32f4xx_it.o
                0x0800620c                MemManage_Handler
 .text.BusFault_Handler
                0x08006214        0x8 ./Source/ThirdParty/Core/Src/stm32f4xx_it.o
                0x08006214                BusFault_Handler
 .text.UsageFault_Handler
                0x0800621c        0x8 ./Source/ThirdParty/Core/Src/stm32f4xx_it.o
                0x0800621c                UsageFault_Handler
 .text.DebugMon_Handler
                0x08006224        0xe ./Source/ThirdParty/Core/Src/stm32f4xx_it.o
                0x08006224                DebugMon_Handler
 *fill*         0x08006232        0x2 
 .text.TIM2_IRQHandler
                0x08006234       0x14 ./Source/ThirdParty/Core/Src/stm32f4xx_it.o
                0x08006234                TIM2_IRQHandler
 .text.I2C1_EV_IRQHandler
                0x08006248        0xe ./Source/ThirdParty/Core/Src/stm32f4xx_it.o
                0x08006248                I2C1_EV_IRQHandler
 *fill*         0x08006256        0x2 
 .text.SystemInit
                0x08006258       0x24 ./Source/ThirdParty/Core/Src/system_stm32f4xx.o
                0x08006258                SystemInit
 .text.Reset_Handler
                0x0800627c       0x50 ./Source/ThirdParty/Core/Startup/startup_stm32f411retx.o
                0x0800627c                Reset_Handler
 .text.Default_Handler
                0x080062cc        0x2 ./Source/ThirdParty/Core/Startup/startup_stm32f411retx.o
                0x080062cc                RTC_Alarm_IRQHandler
                0x080062cc                EXTI2_IRQHandler
                0x080062cc                SPI4_IRQHandler
                0x080062cc                TIM1_CC_IRQHandler
                0x080062cc                DMA2_Stream5_IRQHandler
                0x080062cc                DMA1_Stream5_IRQHandler
                0x080062cc                PVD_IRQHandler
                0x080062cc                SDIO_IRQHandler
                0x080062cc                TAMP_STAMP_IRQHandler
                0x080062cc                EXTI3_IRQHandler
                0x080062cc                I2C3_ER_IRQHandler
                0x080062cc                I2C2_EV_IRQHandler
                0x080062cc                DMA1_Stream2_IRQHandler
                0x080062cc                FPU_IRQHandler
                0x080062cc                DMA2_Stream2_IRQHandler
                0x080062cc                SPI1_IRQHandler
                0x080062cc                TIM1_BRK_TIM9_IRQHandler
                0x080062cc                DMA2_Stream3_IRQHandler
                0x080062cc                USART6_IRQHandler
                0x080062cc                DMA2_Stream0_IRQHandler
                0x080062cc                TIM4_IRQHandler
                0x080062cc                DMA1_Stream6_IRQHandler
                0x080062cc                DMA1_Stream1_IRQHandler
                0x080062cc                TIM3_IRQHandler
                0x080062cc                RCC_IRQHandler
                0x080062cc                Default_Handler
                0x080062cc                EXTI15_10_IRQHandler
                0x080062cc                ADC_IRQHandler
                0x080062cc                DMA1_Stream7_IRQHandler
                0x080062cc                SPI5_IRQHandler
                0x080062cc                TIM5_IRQHandler
                0x080062cc                DMA2_Stream7_IRQHandler
                0x080062cc                I2C3_EV_IRQHandler
                0x080062cc                EXTI9_5_IRQHandler
                0x080062cc                RTC_WKUP_IRQHandler
                0x080062cc                SPI2_IRQHandler
                0x080062cc                DMA1_Stream0_IRQHandler
                0x080062cc                EXTI4_IRQHandler
                0x080062cc                WWDG_IRQHandler
                0x080062cc                OTG_FS_WKUP_IRQHandler
                0x080062cc                TIM1_TRG_COM_TIM11_IRQHandler
                0x080062cc                I2C2_ER_IRQHandler
                0x080062cc                DMA2_Stream1_IRQHandler
                0x080062cc                FLASH_IRQHandler
                0x080062cc                DMA2_Stream4_IRQHandler
                0x080062cc                USART1_IRQHandler
                0x080062cc                OTG_FS_IRQHandler
                0x080062cc                SPI3_IRQHandler
                0x080062cc                DMA1_Stream4_IRQHandler
                0x080062cc                I2C1_ER_IRQHandler
                0x080062cc                DMA2_Stream6_IRQHandler
                0x080062cc                DMA1_Stream3_IRQHandler
 *fill*         0x080062ce        0x2 
 .text.HAL_IncTick
                0x080062d0       0x28 ./Source/ThirdParty/Drivers/STM32F4xx_HAL_Driver/Src/stm32f4xx_hal.o
                0x080062d0                HAL_IncTick
 .text.__NVIC_GetPriorityGrouping
                0x080062f8       0x1c ./Source/ThirdParty/Drivers/STM32F4xx_HAL_Driver/Src/stm32f4xx_hal_cortex.o
 .text.__NVIC_EnableIRQ
                0x08006314       0x3c ./Source/ThirdParty/Drivers/STM32F4xx_HAL_Driver/Src/stm32f4xx_hal_cortex.o
 .text.__NVIC_SetPriority
                0x08006350       0x54 ./Source/ThirdParty/Drivers/STM32F4xx_HAL_Driver/Src/stm32f4xx_hal_cortex.o
 .text.NVIC_EncodePriority
                0x080063a4       0x66 ./Source/ThirdParty/Drivers/STM32F4xx_HAL_Driver/Src/stm32f4xx_hal_cortex.o
 .text.HAL_NVIC_SetPriority
                0x0800640a       0x38 ./Source/ThirdParty/Drivers/STM32F4xx_HAL_Driver/Src/stm32f4xx_hal_cortex.o
                0x0800640a                HAL_NVIC_SetPriority
 .text.HAL_NVIC_EnableIRQ
                0x08006442       0x1c ./Source/ThirdParty/Drivers/STM32F4xx_HAL_Driver/Src/stm32f4xx_hal_cortex.o
                0x08006442                HAL_NVIC_EnableIRQ
 *fill*         0x0800645e        0x2 
 .text.HAL_RCC_GetHCLKFreq
                0x08006460       0x18 ./Source/ThirdParty/Drivers/STM32F4xx_HAL_Driver/Src/stm32f4xx_hal_rcc.o
                0x08006460                HAL_RCC_GetHCLKFreq
 .text.HAL_RCC_GetPCLK1Freq
                0x08006478       0x28 ./Source/ThirdParty/Drivers/STM32F4xx_HAL_Driver/Src/stm32f4xx_hal_rcc.o
                0x08006478                HAL_RCC_GetPCLK1Freq
 .text.HAL_RCC_GetClockConfig
                0x080064a0       0x64 ./Source/ThirdParty/Drivers/STM32F4xx_HAL_Driver/Src/stm32f4xx_hal_rcc.o
                0x080064a0                HAL_RCC_GetClockConfig
 .text.HAL_TIM_Base_Init
                0x08006504       0x9e ./Source/ThirdParty/Drivers/STM32F4xx_HAL_Driver/Src/stm32f4xx_hal_tim.o
                0x08006504                HAL_TIM_Base_Init
 .text.HAL_TIM_Base_MspInit
                0x080065a2       0x14 ./Source/ThirdParty/Drivers/STM32F4xx_HAL_Driver/Src/stm32f4xx_hal_tim.o
                0x080065a2                HAL_TIM_Base_MspInit
 *fill*         0x080065b6        0x2 
 .text.HAL_TIM_Base_Start_IT
                0x080065b8       0xc4 ./Source/ThirdParty/Drivers/STM32F4xx_HAL_Driver/Src/stm32f4xx_hal_tim.o
                0x080065b8                HAL_TIM_Base_Start_IT
 .text.HAL_TIM_IRQHandler
                0x0800667c      0x1e0 ./Source/ThirdParty/Drivers/STM32F4xx_HAL_Driver/Src/stm32f4xx_hal_tim.o
                0x0800667c                HAL_TIM_IRQHandler
 .text.HAL_TIM_OC_DelayElapsedCallback
                0x0800685c       0x14 ./Source/ThirdParty/Drivers/STM32F4xx_HAL_Driver/Src/stm32f4xx_hal_tim.o
                0x0800685c                HAL_TIM_OC_DelayElapsedCallback
 .text.HAL_TIM_IC_CaptureCallback
                0x08006870       0x14 ./Source/ThirdParty/Drivers/STM32F4xx_HAL_Driver/Src/stm32f4xx_hal_tim.o
                0x08006870                HAL_TIM_IC_CaptureCallback
 .text.HAL_TIM_PWM_PulseFinishedCallback
                0x08006884       0x14 ./Source/ThirdParty/Drivers/STM32F4xx_HAL_Driver/Src/stm32f4xx_hal_tim.o
                0x08006884                HAL_TIM_PWM_PulseFinishedCallback
 .text.HAL_TIM_TriggerCallback
                0x08006898       0x14 ./Source/ThirdParty/Drivers/STM32F4xx_HAL_Driver/Src/stm32f4xx_hal_tim.o
                0x08006898                HAL_TIM_TriggerCallback
 .text.TIM_Base_SetConfig
                0x080068ac      0x118 ./Source/ThirdParty/Drivers/STM32F4xx_HAL_Driver/Src/stm32f4xx_hal_tim.o
                0x080068ac                TIM_Base_SetConfig
 .text.HAL_TIMEx_CommutCallback
                0x080069c4       0x14 ./Source/ThirdParty/Drivers/STM32F4xx_HAL_Driver/Src/stm32f4xx_hal_tim_ex.o
                0x080069c4                HAL_TIMEx_CommutCallback
 .text.HAL_TIMEx_BreakCallback
                0x080069d8       0x14 ./Source/ThirdParty/Drivers/STM32F4xx_HAL_Driver/Src/stm32f4xx_hal_tim_ex.o
                0x080069d8                HAL_TIMEx_BreakCallback
 .text.LL_EXTI_EnableIT_0_31
                0x080069ec       0x24 ./Source/ThirdParty/Drivers/STM32F4xx_HAL_Driver/Src/stm32f4xx_ll_exti.o
 .text.LL_EXTI_DisableIT_0_31
                0x08006a10       0x28 ./Source/ThirdParty/Drivers/STM32F4xx_HAL_Driver/Src/stm32f4xx_ll_exti.o
 .text.LL_EXTI_EnableEvent_0_31
                0x08006a38       0x24 ./Source/ThirdParty/Drivers/STM32F4xx_HAL_Driver/Src/stm32f4xx_ll_exti.o
 .text.LL_EXTI_DisableEvent_0_31
                0x08006a5c       0x28 ./Source/ThirdParty/Drivers/STM32F4xx_HAL_Driver/Src/stm32f4xx_ll_exti.o
 .text.LL_EXTI_EnableRisingTrig_0_31
                0x08006a84       0x24 ./Source/ThirdParty/Drivers/STM32F4xx_HAL_Driver/Src/stm32f4xx_ll_exti.o
 .text.LL_EXTI_DisableRisingTrig_0_31
                0x08006aa8       0x28 ./Source/ThirdParty/Drivers/STM32F4xx_HAL_Driver/Src/stm32f4xx_ll_exti.o
 .text.LL_EXTI_EnableFallingTrig_0_31
                0x08006ad0       0x24 ./Source/ThirdParty/Drivers/STM32F4xx_HAL_Driver/Src/stm32f4xx_ll_exti.o
 .text.LL_EXTI_DisableFallingTrig_0_31
                0x08006af4       0x28 ./Source/ThirdParty/Drivers/STM32F4xx_HAL_Driver/Src/stm32f4xx_ll_exti.o
 .text.LL_EXTI_Init
                0x08006b1c       0xfe ./Source/ThirdParty/Drivers/STM32F4xx_HAL_Driver/Src/stm32f4xx_ll_exti.o
                0x08006b1c                LL_EXTI_Init
 .text.LL_GPIO_SetPinMode
                0x08006c1a       0x7a ./Source/ThirdParty/Drivers/STM32F4xx_HAL_Driver/Src/stm32f4xx_ll_gpio.o
 .text.LL_GPIO_SetPinOutputType
                0x08006c94       0x30 ./Source/ThirdParty/Drivers/STM32F4xx_HAL_Driver/Src/stm32f4xx_ll_gpio.o
 .text.LL_GPIO_SetPinSpeed
                0x08006cc4       0x7a ./Source/ThirdParty/Drivers/STM32F4xx_HAL_Driver/Src/stm32f4xx_ll_gpio.o
 .text.LL_GPIO_SetPinPull
                0x08006d3e       0x7a ./Source/ThirdParty/Drivers/STM32F4xx_HAL_Driver/Src/stm32f4xx_ll_gpio.o
 .text.LL_GPIO_SetAFPin_0_7
                0x08006db8       0x7a ./Source/ThirdParty/Drivers/STM32F4xx_HAL_Driver/Src/stm32f4xx_ll_gpio.o
 .text.LL_GPIO_SetAFPin_8_15
                0x08006e32       0x7e ./Source/ThirdParty/Drivers/STM32F4xx_HAL_Driver/Src/stm32f4xx_ll_gpio.o
 .text.LL_GPIO_Init
                0x08006eb0      0x102 ./Source/ThirdParty/Drivers/STM32F4xx_HAL_Driver/Src/stm32f4xx_ll_gpio.o
                0x08006eb0                LL_GPIO_Init
 *fill*         0x08006fb2        0x2 
 .text.LL_RCC_GetSysClkSource
                0x08006fb4       0x1c ./Source/ThirdParty/Drivers/STM32F4xx_HAL_Driver/Src/stm32f4xx_ll_rcc.o
 .text.LL_RCC_GetAHBPrescaler
                0x08006fd0       0x1c ./Source/ThirdParty/Drivers/STM32F4xx_HAL_Driver/Src/stm32f4xx_ll_rcc.o
 .text.LL_RCC_GetAPB1Prescaler
                0x08006fec       0x1c ./Source/ThirdParty/Drivers/STM32F4xx_HAL_Driver/Src/stm32f4xx_ll_rcc.o
 .text.LL_RCC_GetAPB2Prescaler
                0x08007008       0x1c ./Source/ThirdParty/Drivers/STM32F4xx_HAL_Driver/Src/stm32f4xx_ll_rcc.o
 .text.LL_RCC_PLL_GetMainSource
                0x08007024       0x1c ./Source/ThirdParty/Drivers/STM32F4xx_HAL_Driver/Src/stm32f4xx_ll_rcc.o
 .text.LL_RCC_PLL_GetN
                0x08007040       0x1c ./Source/ThirdParty/Drivers/STM32F4xx_HAL_Driver/Src/stm32f4xx_ll_rcc.o
 .text.LL_RCC_PLL_GetP
                0x0800705c       0x1c ./Source/ThirdParty/Drivers/STM32F4xx_HAL_Driver/Src/stm32f4xx_ll_rcc.o
 .text.LL_RCC_PLL_GetDivider
                0x08007078       0x1c ./Source/ThirdParty/Drivers/STM32F4xx_HAL_Driver/Src/stm32f4xx_ll_rcc.o
 .text.LL_RCC_GetSystemClocksFreq
                0x08007094       0x4a ./Source/ThirdParty/Drivers/STM32F4xx_HAL_Driver/Src/stm32f4xx_ll_rcc.o
                0x08007094                LL_RCC_GetSystemClocksFreq
 *fill*         0x080070de        0x2 
 .text.RCC_GetSystemClockFreq
                0x080070e0       0x50 ./Source/ThirdParty/Drivers/STM32F4xx_HAL_Driver/Src/stm32f4xx_ll_rcc.o
                0x080070e0                RCC_GetSystemClockFreq
 .text.RCC_GetHCLKClockFreq
                0x08007130       0x2c ./Source/ThirdParty/Drivers/STM32F4xx_HAL_Driver/Src/stm32f4xx_ll_rcc.o
                0x08007130                RCC_GetHCLKClockFreq
 .text.RCC_GetPCLK1ClockFreq
                0x0800715c       0x28 ./Source/ThirdParty/Drivers/STM32F4xx_HAL_Driver/Src/stm32f4xx_ll_rcc.o
                0x0800715c                RCC_GetPCLK1ClockFreq
 .text.RCC_GetPCLK2ClockFreq
                0x08007184       0x28 ./Source/ThirdParty/Drivers/STM32F4xx_HAL_Driver/Src/stm32f4xx_ll_rcc.o
                0x08007184                RCC_GetPCLK2ClockFreq
 .text.RCC_PLL_GetFreqDomain_SYS
                0x080071ac       0x7c ./Source/ThirdParty/Drivers/STM32F4xx_HAL_Driver/Src/stm32f4xx_ll_rcc.o
                0x080071ac                RCC_PLL_GetFreqDomain_SYS
 .text.LL_TIM_SetPrescaler
                0x08007228       0x1c ./Source/ThirdParty/Drivers/STM32F4xx_HAL_Driver/Src/stm32f4xx_ll_tim.o
 .text.LL_TIM_SetAutoReload
                0x08007244       0x1c ./Source/ThirdParty/Drivers/STM32F4xx_HAL_Driver/Src/stm32f4xx_ll_tim.o
 .text.LL_TIM_SetRepetitionCounter
                0x08007260       0x1c ./Source/ThirdParty/Drivers/STM32F4xx_HAL_Driver/Src/stm32f4xx_ll_tim.o
 .text.LL_TIM_OC_SetCompareCH1
                0x0800727c       0x1c ./Source/ThirdParty/Drivers/STM32F4xx_HAL_Driver/Src/stm32f4xx_ll_tim.o
 .text.LL_TIM_OC_SetCompareCH2
                0x08007298       0x1c ./Source/ThirdParty/Drivers/STM32F4xx_HAL_Driver/Src/stm32f4xx_ll_tim.o
 .text.LL_TIM_OC_SetCompareCH3
                0x080072b4       0x1c ./Source/ThirdParty/Drivers/STM32F4xx_HAL_Driver/Src/stm32f4xx_ll_tim.o
 .text.LL_TIM_OC_SetCompareCH4
                0x080072d0       0x1c ./Source/ThirdParty/Drivers/STM32F4xx_HAL_Driver/Src/stm32f4xx_ll_tim.o
 .text.LL_TIM_GenerateEvent_UPDATE
                0x080072ec       0x20 ./Source/ThirdParty/Drivers/STM32F4xx_HAL_Driver/Src/stm32f4xx_ll_tim.o
 .text.LL_TIM_Init
                0x0800730c       0xf4 ./Source/ThirdParty/Drivers/STM32F4xx_HAL_Driver/Src/stm32f4xx_ll_tim.o
                0x0800730c                LL_TIM_Init
 .text.LL_TIM_OC_Init
                0x08007400       0x82 ./Source/ThirdParty/Drivers/STM32F4xx_HAL_Driver/Src/stm32f4xx_ll_tim.o
                0x08007400                LL_TIM_OC_Init
 *fill*         0x08007482        0x2 
 .text.OC1Config
                0x08007484       0xcc ./Source/ThirdParty/Drivers/STM32F4xx_HAL_Driver/Src/stm32f4xx_ll_tim.o
 .text.OC2Config
                0x08007550       0xd4 ./Source/ThirdParty/Drivers/STM32F4xx_HAL_Driver/Src/stm32f4xx_ll_tim.o
 .text.OC3Config
                0x08007624       0xd4 ./Source/ThirdParty/Drivers/STM32F4xx_HAL_Driver/Src/stm32f4xx_ll_tim.o
 .text.OC4Config
                0x080076f8       0xa4 ./Source/ThirdParty/Drivers/STM32F4xx_HAL_Driver/Src/stm32f4xx_ll_tim.o
 .text.LL_USART_IsEnabled
                0x0800779c       0x28 ./Source/ThirdParty/Drivers/STM32F4xx_HAL_Driver/Src/stm32f4xx_ll_usart.o
 .text.LL_USART_SetStopBitsLength
                0x080077c4       0x26 ./Source/ThirdParty/Drivers/STM32F4xx_HAL_Driver/Src/stm32f4xx_ll_usart.o
 .text.LL_USART_SetHWFlowCtrl
                0x080077ea       0x26 ./Source/ThirdParty/Drivers/STM32F4xx_HAL_Driver/Src/stm32f4xx_ll_usart.o
 .text.LL_USART_SetBaudRate
                0x08007810      0x45c ./Source/ThirdParty/Drivers/STM32F4xx_HAL_Driver/Src/stm32f4xx_ll_usart.o
 .text.LL_USART_Init
                0x08007c6c       0xc8 ./Source/ThirdParty/Drivers/STM32F4xx_HAL_Driver/Src/stm32f4xx_ll_usart.o
                0x08007c6c                LL_USART_Init
 .text.LL_SetSystemCoreClock
                0x08007d34       0x20 ./Source/ThirdParty/Drivers/STM32F4xx_HAL_Driver/Src/stm32f4xx_ll_utils.o
                0x08007d34                LL_SetSystemCoreClock
 .text.__NVIC_SetPriority
                0x08007d54       0x54 ./Source/ThirdParty/Middlewares/Third_Party/FreeRTOS/Source/CMSIS_RTOS_V2/cmsis_os2.o
 .text.SysTick_Handler
                0x08007da8       0x20 ./Source/ThirdParty/Middlewares/Third_Party/FreeRTOS/Source/CMSIS_RTOS_V2/cmsis_os2.o
                0x08007da8                SysTick_Handler
 .text.SVC_Setup
                0x08007dc8       0x12 ./Source/ThirdParty/Middlewares/Third_Party/FreeRTOS/Source/CMSIS_RTOS_V2/cmsis_os2.o
 *fill*         0x08007dda        0x2 
 .text.osKernelInitialize
                0x08007ddc       0x48 ./Source/ThirdParty/Middlewares/Third_Party/FreeRTOS/Source/CMSIS_RTOS_V2/cmsis_os2.o
                0x08007ddc                osKernelInitialize
 .text.osKernelStart
                0x08007e24       0x4c ./Source/ThirdParty/Middlewares/Third_Party/FreeRTOS/Source/CMSIS_RTOS_V2/cmsis_os2.o
                0x08007e24                osKernelStart
 .text.osThreadNew
                0x08007e70      0x124 ./Source/ThirdParty/Middlewares/Third_Party/FreeRTOS/Source/CMSIS_RTOS_V2/cmsis_os2.o
                0x08007e70                osThreadNew
 .text.TimerCallback
                0x08007f94       0x2a ./Source/ThirdParty/Middlewares/Third_Party/FreeRTOS/Source/CMSIS_RTOS_V2/cmsis_os2.o
 *fill*         0x08007fbe        0x2 
 .text.osTimerNew
                0x08007fc0       0xf8 ./Source/ThirdParty/Middlewares/Third_Party/FreeRTOS/Source/CMSIS_RTOS_V2/cmsis_os2.o
                0x08007fc0                osTimerNew
 .text.osTimerStart
                0x080080b8       0x5c ./Source/ThirdParty/Middlewares/Third_Party/FreeRTOS/Source/CMSIS_RTOS_V2/cmsis_os2.o
                0x080080b8                osTimerStart
 .text.osTimerStop
                0x08008114       0x6e ./Source/ThirdParty/Middlewares/Third_Party/FreeRTOS/Source/CMSIS_RTOS_V2/cmsis_os2.o
                0x08008114                osTimerStop
 .text.osMutexNew
                0x08008182      0x10c ./Source/ThirdParty/Middlewares/Third_Party/FreeRTOS/Source/CMSIS_RTOS_V2/cmsis_os2.o
                0x08008182                osMutexNew
 .text.osMutexAcquire
                0x0800828e       0x96 ./Source/ThirdParty/Middlewares/Third_Party/FreeRTOS/Source/CMSIS_RTOS_V2/cmsis_os2.o
                0x0800828e                osMutexAcquire
 .text.osMutexRelease
                0x08008324       0x7a ./Source/ThirdParty/Middlewares/Third_Party/FreeRTOS/Source/CMSIS_RTOS_V2/cmsis_os2.o
                0x08008324                osMutexRelease
 .text.osMessageQueueNew
                0x0800839e       0xe6 ./Source/ThirdParty/Middlewares/Third_Party/FreeRTOS/Source/CMSIS_RTOS_V2/cmsis_os2.o
                0x0800839e                osMessageQueueNew
 .text.osMessageQueuePut
                0x08008484       0xc0 ./Source/ThirdParty/Middlewares/Third_Party/FreeRTOS/Source/CMSIS_RTOS_V2/cmsis_os2.o
                0x08008484                osMessageQueuePut
 .text.osMessageQueueGet
                0x08008544       0xbc ./Source/ThirdParty/Middlewares/Third_Party/FreeRTOS/Source/CMSIS_RTOS_V2/cmsis_os2.o
                0x08008544                osMessageQueueGet
 .text.vApplicationGetIdleTaskMemory
                0x08008600       0x34 ./Source/ThirdParty/Middlewares/Third_Party/FreeRTOS/Source/CMSIS_RTOS_V2/cmsis_os2.o
                0x08008600                vApplicationGetIdleTaskMemory
 .text.vApplicationGetTimerTaskMemory
                0x08008634       0x34 ./Source/ThirdParty/Middlewares/Third_Party/FreeRTOS/Source/CMSIS_RTOS_V2/cmsis_os2.o
                0x08008634                vApplicationGetTimerTaskMemory
 .text.vListInitialise
                0x08008668       0x40 ./Source/ThirdParty/Middlewares/Third_Party/FreeRTOS/Source/list.o
                0x08008668                vListInitialise
 .text.vListInitialiseItem
                0x080086a8       0x1a ./Source/ThirdParty/Middlewares/Third_Party/FreeRTOS/Source/list.o
                0x080086a8                vListInitialiseItem
 .text.vListInsertEnd
                0x080086c2       0x48 ./Source/ThirdParty/Middlewares/Third_Party/FreeRTOS/Source/list.o
                0x080086c2                vListInsertEnd
 .text.vListInsert
                0x0800870a       0x72 ./Source/ThirdParty/Middlewares/Third_Party/FreeRTOS/Source/list.o
                0x0800870a                vListInsert
 .text.uxListRemove
                0x0800877c       0x54 ./Source/ThirdParty/Middlewares/Third_Party/FreeRTOS/Source/list.o
                0x0800877c                uxListRemove
 .text.xQueueGenericReset
                0x080087d0       0xd4 ./Source/ThirdParty/Middlewares/Third_Party/FreeRTOS/Source/queue.o
                0x080087d0                xQueueGenericReset
 .text.xQueueGenericCreateStatic
                0x080088a4       0xfa ./Source/ThirdParty/Middlewares/Third_Party/FreeRTOS/Source/queue.o
                0x080088a4                xQueueGenericCreateStatic
 .text.xQueueGenericCreate
                0x0800899e       0x76 ./Source/ThirdParty/Middlewares/Third_Party/FreeRTOS/Source/queue.o
                0x0800899e                xQueueGenericCreate
 .text.prvInitialiseNewQueue
                0x08008a14       0x46 ./Source/ThirdParty/Middlewares/Third_Party/FreeRTOS/Source/queue.o
 .text.prvInitialiseMutex
                0x08008a5a       0x34 ./Source/ThirdParty/Middlewares/Third_Party/FreeRTOS/Source/queue.o
 .text.xQueueCreateMutex
                0x08008a8e       0x30 ./Source/ThirdParty/Middlewares/Third_Party/FreeRTOS/Source/queue.o
                0x08008a8e                xQueueCreateMutex
 .text.xQueueCreateMutexStatic
                0x08008abe       0x36 ./Source/ThirdParty/Middlewares/Third_Party/FreeRTOS/Source/queue.o
                0x08008abe                xQueueCreateMutexStatic
 .text.xQueueGiveMutexRecursive
                0x08008af4       0x6a ./Source/ThirdParty/Middlewares/Third_Party/FreeRTOS/Source/queue.o
                0x08008af4                xQueueGiveMutexRecursive
 .text.xQueueTakeMutexRecursive
                0x08008b5e       0x6e ./Source/ThirdParty/Middlewares/Third_Party/FreeRTOS/Source/queue.o
                0x08008b5e                xQueueTakeMutexRecursive
 .text.xQueueGenericSend
                0x08008bcc      0x204 ./Source/ThirdParty/Middlewares/Third_Party/FreeRTOS/Source/queue.o
                0x08008bcc                xQueueGenericSend
 .text.xQueueGenericSendFromISR
                0x08008dd0      0x13c ./Source/ThirdParty/Middlewares/Third_Party/FreeRTOS/Source/queue.o
                0x08008dd0                xQueueGenericSendFromISR
 .text.xQueueReceive
                0x08008f0c      0x1c4 ./Source/ThirdParty/Middlewares/Third_Party/FreeRTOS/Source/queue.o
                0x08008f0c                xQueueReceive
 .text.xQueueSemaphoreTake
                0x080090d0      0x220 ./Source/ThirdParty/Middlewares/Third_Party/FreeRTOS/Source/queue.o
                0x080090d0                xQueueSemaphoreTake
 .text.xQueueReceiveFromISR
                0x080092f0      0x104 ./Source/ThirdParty/Middlewares/Third_Party/FreeRTOS/Source/queue.o
                0x080092f0                xQueueReceiveFromISR
 .text.prvGetDisinheritPriorityAfterTimeout
                0x080093f4       0x30 ./Source/ThirdParty/Middlewares/Third_Party/FreeRTOS/Source/queue.o
 .text.prvCopyDataToQueue
                0x08009424       0xd4 ./Source/ThirdParty/Middlewares/Third_Party/FreeRTOS/Source/queue.o
 .text.prvCopyDataFromQueue
                0x080094f8       0x4c ./Source/ThirdParty/Middlewares/Third_Party/FreeRTOS/Source/queue.o
 .text.prvUnlockQueue
                0x08009544       0xa4 ./Source/ThirdParty/Middlewares/Third_Party/FreeRTOS/Source/queue.o
 .text.prvIsQueueEmpty
                0x080095e8       0x2c ./Source/ThirdParty/Middlewares/Third_Party/FreeRTOS/Source/queue.o
 .text.prvIsQueueFull
                0x08009614       0x30 ./Source/ThirdParty/Middlewares/Third_Party/FreeRTOS/Source/queue.o
 .text.vQueueAddToRegistry
                0x08009644       0x54 ./Source/ThirdParty/Middlewares/Third_Party/FreeRTOS/Source/queue.o
                0x08009644                vQueueAddToRegistry
 .text.vQueueWaitForMessageRestricted
                0x08009698       0x68 ./Source/ThirdParty/Middlewares/Third_Party/FreeRTOS/Source/queue.o
                0x08009698                vQueueWaitForMessageRestricted
 .text.xTaskCreateStatic
                0x08009700       0xc0 ./Source/ThirdParty/Middlewares/Third_Party/FreeRTOS/Source/tasks.o
                0x08009700                xTaskCreateStatic
 .text.xTaskCreate
                0x080097c0       0x8a ./Source/ThirdParty/Middlewares/Third_Party/FreeRTOS/Source/tasks.o
                0x080097c0                xTaskCreate
 *fill*         0x0800984a        0x2 
 .text.prvInitialiseNewTask
                0x0800984c      0x15c ./Source/ThirdParty/Middlewares/Third_Party/FreeRTOS/Source/tasks.o
 .text.prvAddNewTaskToReadyList
                0x080099a8       0xe0 ./Source/ThirdParty/Middlewares/Third_Party/FreeRTOS/Source/tasks.o
 .text.vTaskStartScheduler
                0x08009a88       0xe4 ./Source/ThirdParty/Middlewares/Third_Party/FreeRTOS/Source/tasks.o
                0x08009a88                vTaskStartScheduler
 .text.vTaskSuspendAll
                0x08009b6c       0x1c ./Source/ThirdParty/Middlewares/Third_Party/FreeRTOS/Source/tasks.o
                0x08009b6c                vTaskSuspendAll
 .text.xTaskResumeAll
                0x08009b88      0x13c ./Source/ThirdParty/Middlewares/Third_Party/FreeRTOS/Source/tasks.o
                0x08009b88                xTaskResumeAll
 .text.xTaskGetTickCount
                0x08009cc4       0x20 ./Source/ThirdParty/Middlewares/Third_Party/FreeRTOS/Source/tasks.o
                0x08009cc4                xTaskGetTickCount
 .text.xTaskIncrementTick
                0x08009ce4      0x174 ./Source/ThirdParty/Middlewares/Third_Party/FreeRTOS/Source/tasks.o
                0x08009ce4                xTaskIncrementTick
 .text.vTaskSwitchContext
                0x08009e58      0x100 ./Source/ThirdParty/Middlewares/Third_Party/FreeRTOS/Source/tasks.o
                0x08009e58                vTaskSwitchContext
 .text.vTaskPlaceOnEventList
                0x08009f58       0x4c ./Source/ThirdParty/Middlewares/Third_Party/FreeRTOS/Source/tasks.o
                0x08009f58                vTaskPlaceOnEventList
 .text.vTaskPlaceOnEventListRestricted
                0x08009fa4       0x58 ./Source/ThirdParty/Middlewares/Third_Party/FreeRTOS/Source/tasks.o
                0x08009fa4                vTaskPlaceOnEventListRestricted
 .text.xTaskRemoveFromEventList
                0x08009ffc       0xc8 ./Source/ThirdParty/Middlewares/Third_Party/FreeRTOS/Source/tasks.o
                0x08009ffc                xTaskRemoveFromEventList
 .text.vTaskInternalSetTimeOutState
                0x0800a0c4       0x2c ./Source/ThirdParty/Middlewares/Third_Party/FreeRTOS/Source/tasks.o
                0x0800a0c4                vTaskInternalSetTimeOutState
 .text.xTaskCheckForTimeOut
                0x0800a0f0       0xc8 ./Source/ThirdParty/Middlewares/Third_Party/FreeRTOS/Source/tasks.o
                0x0800a0f0                xTaskCheckForTimeOut
 .text.vTaskMissedYield
                0x0800a1b8       0x18 ./Source/ThirdParty/Middlewares/Third_Party/FreeRTOS/Source/tasks.o
                0x0800a1b8                vTaskMissedYield
 .text.prvIdleTask
                0x0800a1d0       0x30 ./Source/ThirdParty/Middlewares/Third_Party/FreeRTOS/Source/tasks.o
 .text.prvInitialiseTaskLists
                0x0800a200       0x80 ./Source/ThirdParty/Middlewares/Third_Party/FreeRTOS/Source/tasks.o
 .text.prvCheckTasksWaitingTermination
                0x0800a280       0x5c ./Source/ThirdParty/Middlewares/Third_Party/FreeRTOS/Source/tasks.o
 .text.prvDeleteTCB
                0x0800a2dc       0x6a ./Source/ThirdParty/Middlewares/Third_Party/FreeRTOS/Source/tasks.o
 *fill*         0x0800a346        0x2 
 .text.prvResetNextTaskUnblockTime
                0x0800a348       0x40 ./Source/ThirdParty/Middlewares/Third_Party/FreeRTOS/Source/tasks.o
 .text.xTaskGetCurrentTaskHandle
                0x0800a388       0x20 ./Source/ThirdParty/Middlewares/Third_Party/FreeRTOS/Source/tasks.o
                0x0800a388                xTaskGetCurrentTaskHandle
 .text.xTaskGetSchedulerState
                0x0800a3a8       0x3c ./Source/ThirdParty/Middlewares/Third_Party/FreeRTOS/Source/tasks.o
                0x0800a3a8                xTaskGetSchedulerState
 .text.xTaskPriorityInherit
                0x0800a3e4       0xd0 ./Source/ThirdParty/Middlewares/Third_Party/FreeRTOS/Source/tasks.o
                0x0800a3e4                xTaskPriorityInherit
 .text.xTaskPriorityDisinherit
                0x0800a4b4       0xe0 ./Source/ThirdParty/Middlewares/Third_Party/FreeRTOS/Source/tasks.o
                0x0800a4b4                xTaskPriorityDisinherit
 .text.vTaskPriorityDisinheritAfterTimeout
                0x0800a594      0x108 ./Source/ThirdParty/Middlewares/Third_Party/FreeRTOS/Source/tasks.o
                0x0800a594                vTaskPriorityDisinheritAfterTimeout
 .text.pvTaskIncrementMutexHeldCount
                0x0800a69c       0x28 ./Source/ThirdParty/Middlewares/Third_Party/FreeRTOS/Source/tasks.o
                0x0800a69c                pvTaskIncrementMutexHeldCount
 .text.prvAddCurrentTaskToDelayedList
                0x0800a6c4       0xa8 ./Source/ThirdParty/Middlewares/Third_Party/FreeRTOS/Source/tasks.o
 .text.xTimerCreateTimerTask
                0x0800a76c       0x94 ./Source/ThirdParty/Middlewares/Third_Party/FreeRTOS/Source/timers.o
                0x0800a76c                xTimerCreateTimerTask
 .text.xTimerCreate
                0x0800a800       0x42 ./Source/ThirdParty/Middlewares/Third_Party/FreeRTOS/Source/timers.o
                0x0800a800                xTimerCreate
 .text.xTimerCreateStatic
                0x0800a842       0x80 ./Source/ThirdParty/Middlewares/Third_Party/FreeRTOS/Source/timers.o
                0x0800a842                xTimerCreateStatic
 .text.prvInitialiseNewTimer
                0x0800a8c2       0x78 ./Source/ThirdParty/Middlewares/Third_Party/FreeRTOS/Source/timers.o
 *fill*         0x0800a93a        0x2 
 .text.xTimerGenericCommand
                0x0800a93c       0x9c ./Source/ThirdParty/Middlewares/Third_Party/FreeRTOS/Source/timers.o
                0x0800a93c                xTimerGenericCommand
 .text.prvProcessExpiredTimer
                0x0800a9d8       0x9c ./Source/ThirdParty/Middlewares/Third_Party/FreeRTOS/Source/timers.o
 .text.prvTimerTask
                0x0800aa74       0x26 ./Source/ThirdParty/Middlewares/Third_Party/FreeRTOS/Source/timers.o
 *fill*         0x0800aa9a        0x2 
 .text.prvProcessTimerOrBlockTask
                0x0800aa9c       0x9c ./Source/ThirdParty/Middlewares/Third_Party/FreeRTOS/Source/timers.o
 .text.prvGetNextExpireTime
                0x0800ab38       0x48 ./Source/ThirdParty/Middlewares/Third_Party/FreeRTOS/Source/timers.o
 .text.prvSampleTimeNow
                0x0800ab80       0x40 ./Source/ThirdParty/Middlewares/Third_Party/FreeRTOS/Source/timers.o
 .text.prvInsertTimerInActiveList
                0x0800abc0       0x84 ./Source/ThirdParty/Middlewares/Third_Party/FreeRTOS/Source/timers.o
 .text.prvProcessReceivedCommands
                0x0800ac44      0x1cc ./Source/ThirdParty/Middlewares/Third_Party/FreeRTOS/Source/timers.o
 .text.prvSwitchTimerLists
                0x0800ae10       0xcc ./Source/ThirdParty/Middlewares/Third_Party/FreeRTOS/Source/timers.o
 .text.prvCheckForValidListAndQueue
                0x0800aedc       0x80 ./Source/ThirdParty/Middlewares/Third_Party/FreeRTOS/Source/timers.o
 .text.xTimerIsTimerActive
                0x0800af5c       0x54 ./Source/ThirdParty/Middlewares/Third_Party/FreeRTOS/Source/timers.o
                0x0800af5c                xTimerIsTimerActive
 .text.pvTimerGetTimerID
                0x0800afb0       0x42 ./Source/ThirdParty/Middlewares/Third_Party/FreeRTOS/Source/timers.o
                0x0800afb0                pvTimerGetTimerID
 *fill*         0x0800aff2        0x2 
 .text.pxPortInitialiseStack
                0x0800aff4       0x68 ./Source/ThirdParty/Middlewares/Third_Party/FreeRTOS/Source/portable/GCC/ARM_CM4F/port.o
                0x0800aff4                pxPortInitialiseStack
 .text.prvTaskExitError
                0x0800b05c       0x5c ./Source/ThirdParty/Middlewares/Third_Party/FreeRTOS/Source/portable/GCC/ARM_CM4F/port.o
 *fill*         0x0800b0b8        0x8 
 .text.SVC_Handler
                0x0800b0c0       0x28 ./Source/ThirdParty/Middlewares/Third_Party/FreeRTOS/Source/portable/GCC/ARM_CM4F/port.o
                0x0800b0c0                SVC_Handler
 .text.prvPortStartFirstTask
                0x0800b0e8       0x28 ./Source/ThirdParty/Middlewares/Third_Party/FreeRTOS/Source/portable/GCC/ARM_CM4F/port.o
 .text.xPortStartScheduler
                0x0800b110      0x148 ./Source/ThirdParty/Middlewares/Third_Party/FreeRTOS/Source/portable/GCC/ARM_CM4F/port.o
                0x0800b110                xPortStartScheduler
 .text.vPortEnterCritical
                0x0800b258       0x64 ./Source/ThirdParty/Middlewares/Third_Party/FreeRTOS/Source/portable/GCC/ARM_CM4F/port.o
                0x0800b258                vPortEnterCritical
 .text.vPortExitCritical
                0x0800b2bc       0x54 ./Source/ThirdParty/Middlewares/Third_Party/FreeRTOS/Source/portable/GCC/ARM_CM4F/port.o
                0x0800b2bc                vPortExitCritical
 .text.PendSV_Handler
                0x0800b310       0x68 ./Source/ThirdParty/Middlewares/Third_Party/FreeRTOS/Source/portable/GCC/ARM_CM4F/port.o
                0x0800b310                PendSV_Handler
 .text.xPortSysTickHandler
                0x0800b378       0x44 ./Source/ThirdParty/Middlewares/Third_Party/FreeRTOS/Source/portable/GCC/ARM_CM4F/port.o
                0x0800b378                xPortSysTickHandler
 .text.vPortSetupTimerInterrupt
                0x0800b3bc       0x48 ./Source/ThirdParty/Middlewares/Third_Party/FreeRTOS/Source/portable/GCC/ARM_CM4F/port.o
                0x0800b3bc                vPortSetupTimerInterrupt
 .text.vPortEnableVFP
                0x0800b404       0x14 ./Source/ThirdParty/Middlewares/Third_Party/FreeRTOS/Source/portable/GCC/ARM_CM4F/port.o
 .text.vPortValidateInterruptPriority
                0x0800b418       0x84 ./Source/ThirdParty/Middlewares/Third_Party/FreeRTOS/Source/portable/GCC/ARM_CM4F/port.o
                0x0800b418                vPortValidateInterruptPriority
 .text.pvPortMalloc
                0x0800b49c      0x19c ./Source/ThirdParty/Middlewares/Third_Party/FreeRTOS/Source/portable/MemMang/heap_4.o
                0x0800b49c                pvPortMalloc
 .text.vPortFree
                0x0800b638       0xc8 ./Source/ThirdParty/Middlewares/Third_Party/FreeRTOS/Source/portable/MemMang/heap_4.o
                0x0800b638                vPortFree
 .text.prvHeapInit
                0x0800b700       0xc4 ./Source/ThirdParty/Middlewares/Third_Party/FreeRTOS/Source/portable/MemMang/heap_4.o
 .text.prvInsertBlockIntoFreeList
                0x0800b7c4       0xb4 ./Source/ThirdParty/Middlewares/Third_Party/FreeRTOS/Source/portable/MemMang/heap_4.o
 .text.Ring_Buffer_Init
                0x0800b878       0x64 ./Source/Utility/ring_buffer.o
                0x0800b878                Ring_Buffer_Init
 .text.Ring_Buffer_IsFull
                0x0800b8dc       0x30 ./Source/Utility/ring_buffer.o
                0x0800b8dc                Ring_Buffer_IsFull
 .text.Ring_Buffer_IsEmpty
                0x0800b90c       0x2c ./Source/Utility/ring_buffer.o
                0x0800b90c                Ring_Buffer_IsEmpty
 .text.Ring_Buffer_Push
                0x0800b938       0x74 ./Source/Utility/ring_buffer.o
                0x0800b938                Ring_Buffer_Push
 .text.Ring_Buffer_Pop
                0x0800b9ac       0x72 ./Source/Utility/ring_buffer.o
                0x0800b9ac                Ring_Buffer_Pop
 *fill*         0x0800ba1e        0x2 
 .text.calloc   0x0800ba20       0x10 C:/ST/STM32CubeIDE_1.16.1/STM32CubeIDE/plugins/com.st.stm32cube.ide.mcu.externaltools.gnu-tools-for-stm32.12.3.rel1.win32_1.1.0.202410251130/tools/bin/../lib/gcc/arm-none-eabi/12.3.1/../../../../arm-none-eabi/lib/thumb/v7e-m+fp/hard\libc_nano.a(libc_a-calloc.o)
                0x0800ba20                calloc
 .text._calloc_r
                0x0800ba30       0x28 C:/ST/STM32CubeIDE_1.16.1/STM32CubeIDE/plugins/com.st.stm32cube.ide.mcu.externaltools.gnu-tools-for-stm32.12.3.rel1.win32_1.1.0.202410251130/tools/bin/../lib/gcc/arm-none-eabi/12.3.1/../../../../arm-none-eabi/lib/thumb/v7e-m+fp/hard\libc_nano.a(libc_a-callocr.o)
                0x0800ba30                _calloc_r
 .text.malloc   0x0800ba58       0x10 C:/ST/STM32CubeIDE_1.16.1/STM32CubeIDE/plugins/com.st.stm32cube.ide.mcu.externaltools.gnu-tools-for-stm32.12.3.rel1.win32_1.1.0.202410251130/tools/bin/../lib/gcc/arm-none-eabi/12.3.1/../../../../arm-none-eabi/lib/thumb/v7e-m+fp/hard\libc_nano.a(libc_a-malloc.o)
                0x0800ba58                malloc
 .text.free     0x0800ba68       0x10 C:/ST/STM32CubeIDE_1.16.1/STM32CubeIDE/plugins/com.st.stm32cube.ide.mcu.externaltools.gnu-tools-for-stm32.12.3.rel1.win32_1.1.0.202410251130/tools/bin/../lib/gcc/arm-none-eabi/12.3.1/../../../../arm-none-eabi/lib/thumb/v7e-m+fp/hard\libc_nano.a(libc_a-malloc.o)
                0x0800ba68                free
 .text.sbrk_aligned
                0x0800ba78       0x44 C:/ST/STM32CubeIDE_1.16.1/STM32CubeIDE/plugins/com.st.stm32cube.ide.mcu.externaltools.gnu-tools-for-stm32.12.3.rel1.win32_1.1.0.202410251130/tools/bin/../lib/gcc/arm-none-eabi/12.3.1/../../../../arm-none-eabi/lib/thumb/v7e-m+fp/hard\libc_nano.a(libc_a-mallocr.o)
 .text._malloc_r
                0x0800babc      0x100 C:/ST/STM32CubeIDE_1.16.1/STM32CubeIDE/plugins/com.st.stm32cube.ide.mcu.externaltools.gnu-tools-for-stm32.12.3.rel1.win32_1.1.0.202410251130/tools/bin/../lib/gcc/arm-none-eabi/12.3.1/../../../../arm-none-eabi/lib/thumb/v7e-m+fp/hard\libc_nano.a(libc_a-mallocr.o)
                0x0800babc                _malloc_r
 .text.__malloc_lock
                0x0800bbbc        0xc C:/ST/STM32CubeIDE_1.16.1/STM32CubeIDE/plugins/com.st.stm32cube.ide.mcu.externaltools.gnu-tools-for-stm32.12.3.rel1.win32_1.1.0.202410251130/tools/bin/../lib/gcc/arm-none-eabi/12.3.1/../../../../arm-none-eabi/lib/thumb/v7e-m+fp/hard\libc_nano.a(libc_a-mlock.o)
                0x0800bbbc                __malloc_lock
 .text.__malloc_unlock
                0x0800bbc8        0xc C:/ST/STM32CubeIDE_1.16.1/STM32CubeIDE/plugins/com.st.stm32cube.ide.mcu.externaltools.gnu-tools-for-stm32.12.3.rel1.win32_1.1.0.202410251130/tools/bin/../lib/gcc/arm-none-eabi/12.3.1/../../../../arm-none-eabi/lib/thumb/v7e-m+fp/hard\libc_nano.a(libc_a-mlock.o)
                0x0800bbc8                __malloc_unlock
 .text._strtoul_l.constprop.0
                0x0800bbd4       0xdc C:/ST/STM32CubeIDE_1.16.1/STM32CubeIDE/plugins/com.st.stm32cube.ide.mcu.externaltools.gnu-tools-for-stm32.12.3.rel1.win32_1.1.0.202410251130/tools/bin/../lib/gcc/arm-none-eabi/12.3.1/../../../../arm-none-eabi/lib/thumb/v7e-m+fp/hard\libc_nano.a(libc_a-strtoul.o)
 .text.strtoul  0x0800bcb0       0x14 C:/ST/STM32CubeIDE_1.16.1/STM32CubeIDE/plugins/com.st.stm32cube.ide.mcu.externaltools.gnu-tools-for-stm32.12.3.rel1.win32_1.1.0.202410251130/tools/bin/../lib/gcc/arm-none-eabi/12.3.1/../../../../arm-none-eabi/lib/thumb/v7e-m+fp/hard\libc_nano.a(libc_a-strtoul.o)
                0x0800bcb0                strtoul
 .text.snprintf
                0x0800bcc4       0x68 C:/ST/STM32CubeIDE_1.16.1/STM32CubeIDE/plugins/com.st.stm32cube.ide.mcu.externaltools.gnu-tools-for-stm32.12.3.rel1.win32_1.1.0.202410251130/tools/bin/../lib/gcc/arm-none-eabi/12.3.1/../../../../arm-none-eabi/lib/thumb/v7e-m+fp/hard\libc_nano.a(libc_a-snprintf.o)
                0x0800bcc4                sniprintf
                0x0800bcc4                snprintf
 .text.sprintf  0x0800bd2c       0x40 C:/ST/STM32CubeIDE_1.16.1/STM32CubeIDE/plugins/com.st.stm32cube.ide.mcu.externaltools.gnu-tools-for-stm32.12.3.rel1.win32_1.1.0.202410251130/tools/bin/../lib/gcc/arm-none-eabi/12.3.1/../../../../arm-none-eabi/lib/thumb/v7e-m+fp/hard\libc_nano.a(libc_a-sprintf.o)
                0x0800bd2c                siprintf
                0x0800bd2c                sprintf
 .text._vsprintf_r
                0x0800bd6c       0x2c C:/ST/STM32CubeIDE_1.16.1/STM32CubeIDE/plugins/com.st.stm32cube.ide.mcu.externaltools.gnu-tools-for-stm32.12.3.rel1.win32_1.1.0.202410251130/tools/bin/../lib/gcc/arm-none-eabi/12.3.1/../../../../arm-none-eabi/lib/thumb/v7e-m+fp/hard\libc_nano.a(libc_a-vsprintf.o)
                0x0800bd6c                _vsprintf_r
                0x0800bd6c                _vsiprintf_r
 .text.vsprintf
                0x0800bd98       0x14 C:/ST/STM32CubeIDE_1.16.1/STM32CubeIDE/plugins/com.st.stm32cube.ide.mcu.externaltools.gnu-tools-for-stm32.12.3.rel1.win32_1.1.0.202410251130/tools/bin/../lib/gcc/arm-none-eabi/12.3.1/../../../../arm-none-eabi/lib/thumb/v7e-m+fp/hard\libc_nano.a(libc_a-vsprintf.o)
                0x0800bd98                vsiprintf
                0x0800bd98                vsprintf
 .text.memset   0x0800bdac       0x10 C:/ST/STM32CubeIDE_1.16.1/STM32CubeIDE/plugins/com.st.stm32cube.ide.mcu.externaltools.gnu-tools-for-stm32.12.3.rel1.win32_1.1.0.202410251130/tools/bin/../lib/gcc/arm-none-eabi/12.3.1/../../../../arm-none-eabi/lib/thumb/v7e-m+fp/hard\libc_nano.a(libc_a-memset.o)
                0x0800bdac                memset
 .text.strncmp  0x0800bdbc       0x24 C:/ST/STM32CubeIDE_1.16.1/STM32CubeIDE/plugins/com.st.stm32cube.ide.mcu.externaltools.gnu-tools-for-stm32.12.3.rel1.win32_1.1.0.202410251130/tools/bin/../lib/gcc/arm-none-eabi/12.3.1/../../../../arm-none-eabi/lib/thumb/v7e-m+fp/hard\libc_nano.a(libc_a-strncmp.o)
                0x0800bdbc                strncmp
 .text.strstr   0x0800bde0       0x2c C:/ST/STM32CubeIDE_1.16.1/STM32CubeIDE/plugins/com.st.stm32cube.ide.mcu.externaltools.gnu-tools-for-stm32.12.3.rel1.win32_1.1.0.202410251130/tools/bin/../lib/gcc/arm-none-eabi/12.3.1/../../../../arm-none-eabi/lib/thumb/v7e-m+fp/hard\libc_nano.a(libc_a-strstr.o)
                0x0800bde0                strstr
 .text._reclaim_reent
                0x0800be0c       0xac C:/ST/STM32CubeIDE_1.16.1/STM32CubeIDE/plugins/com.st.stm32cube.ide.mcu.externaltools.gnu-tools-for-stm32.12.3.rel1.win32_1.1.0.202410251130/tools/bin/../lib/gcc/arm-none-eabi/12.3.1/../../../../arm-none-eabi/lib/thumb/v7e-m+fp/hard\libc_nano.a(libc_a-reent.o)
                0x0800be0c                _reclaim_reent
 .text._sbrk_r  0x0800beb8       0x20 C:/ST/STM32CubeIDE_1.16.1/STM32CubeIDE/plugins/com.st.stm32cube.ide.mcu.externaltools.gnu-tools-for-stm32.12.3.rel1.win32_1.1.0.202410251130/tools/bin/../lib/gcc/arm-none-eabi/12.3.1/../../../../arm-none-eabi/lib/thumb/v7e-m+fp/hard\libc_nano.a(libc_a-sbrkr.o)
                0x0800beb8                _sbrk_r
 .text.__libc_init_array
                0x0800bed8       0x48 C:/ST/STM32CubeIDE_1.16.1/STM32CubeIDE/plugins/com.st.stm32cube.ide.mcu.externaltools.gnu-tools-for-stm32.12.3.rel1.win32_1.1.0.202410251130/tools/bin/../lib/gcc/arm-none-eabi/12.3.1/../../../../arm-none-eabi/lib/thumb/v7e-m+fp/hard\libc_nano.a(libc_a-init.o)
                0x0800bed8                __libc_init_array
 .text.__retarget_lock_acquire_recursive
                0x0800bf20        0x2 C:/ST/STM32CubeIDE_1.16.1/STM32CubeIDE/plugins/com.st.stm32cube.ide.mcu.externaltools.gnu-tools-for-stm32.12.3.rel1.win32_1.1.0.202410251130/tools/bin/../lib/gcc/arm-none-eabi/12.3.1/../../../../arm-none-eabi/lib/thumb/v7e-m+fp/hard\libc_nano.a(libc_a-lock.o)
                0x0800bf20                __retarget_lock_acquire_recursive
 .text.__retarget_lock_release_recursive
                0x0800bf22        0x2 C:/ST/STM32CubeIDE_1.16.1/STM32CubeIDE/plugins/com.st.stm32cube.ide.mcu.externaltools.gnu-tools-for-stm32.12.3.rel1.win32_1.1.0.202410251130/tools/bin/../lib/gcc/arm-none-eabi/12.3.1/../../../../arm-none-eabi/lib/thumb/v7e-m+fp/hard\libc_nano.a(libc_a-lock.o)
                0x0800bf22                __retarget_lock_release_recursive
 .text.memcpy   0x0800bf24       0x1c C:/ST/STM32CubeIDE_1.16.1/STM32CubeIDE/plugins/com.st.stm32cube.ide.mcu.externaltools.gnu-tools-for-stm32.12.3.rel1.win32_1.1.0.202410251130/tools/bin/../lib/gcc/arm-none-eabi/12.3.1/../../../../arm-none-eabi/lib/thumb/v7e-m+fp/hard\libc_nano.a(libc_a-memcpy-stub.o)
                0x0800bf24                memcpy
 .text._free_r  0x0800bf40       0x94 C:/ST/STM32CubeIDE_1.16.1/STM32CubeIDE/plugins/com.st.stm32cube.ide.mcu.externaltools.gnu-tools-for-stm32.12.3.rel1.win32_1.1.0.202410251130/tools/bin/../lib/gcc/arm-none-eabi/12.3.1/../../../../arm-none-eabi/lib/thumb/v7e-m+fp/hard\libc_nano.a(libc_a-freer.o)
                0x0800bf40                _free_r
 .text.__ssputs_r
                0x0800bfd4       0xb6 C:/ST/STM32CubeIDE_1.16.1/STM32CubeIDE/plugins/com.st.stm32cube.ide.mcu.externaltools.gnu-tools-for-stm32.12.3.rel1.win32_1.1.0.202410251130/tools/bin/../lib/gcc/arm-none-eabi/12.3.1/../../../../arm-none-eabi/lib/thumb/v7e-m+fp/hard\libc_nano.a(libc_a-nano-svfprintf.o)
                0x0800bfd4                __ssputs_r
 *fill*         0x0800c08a        0x2 
 .text._svfprintf_r
                0x0800c08c      0x1f8 C:/ST/STM32CubeIDE_1.16.1/STM32CubeIDE/plugins/com.st.stm32cube.ide.mcu.externaltools.gnu-tools-for-stm32.12.3.rel1.win32_1.1.0.202410251130/tools/bin/../lib/gcc/arm-none-eabi/12.3.1/../../../../arm-none-eabi/lib/thumb/v7e-m+fp/hard\libc_nano.a(libc_a-nano-svfprintf.o)
                0x0800c08c                _svfiprintf_r
                0x0800c08c                _svfprintf_r
 .text._printf_common
                0x0800c284       0xda C:/ST/STM32CubeIDE_1.16.1/STM32CubeIDE/plugins/com.st.stm32cube.ide.mcu.externaltools.gnu-tools-for-stm32.12.3.rel1.win32_1.1.0.202410251130/tools/bin/../lib/gcc/arm-none-eabi/12.3.1/../../../../arm-none-eabi/lib/thumb/v7e-m+fp/hard\libc_nano.a(libc_a-nano-vfprintf_i.o)
                0x0800c284                _printf_common
 *fill*         0x0800c35e        0x2 
 .text._printf_i
                0x0800c360      0x240 C:/ST/STM32CubeIDE_1.16.1/STM32CubeIDE/plugins/com.st.stm32cube.ide.mcu.externaltools.gnu-tools-for-stm32.12.3.rel1.win32_1.1.0.202410251130/tools/bin/../lib/gcc/arm-none-eabi/12.3.1/../../../../arm-none-eabi/lib/thumb/v7e-m+fp/hard\libc_nano.a(libc_a-nano-vfprintf_i.o)
                0x0800c360                _printf_i
 .text.memmove  0x0800c5a0       0x34 C:/ST/STM32CubeIDE_1.16.1/STM32CubeIDE/plugins/com.st.stm32cube.ide.mcu.externaltools.gnu-tools-for-stm32.12.3.rel1.win32_1.1.0.202410251130/tools/bin/../lib/gcc/arm-none-eabi/12.3.1/../../../../arm-none-eabi/lib/thumb/v7e-m+fp/hard\libc_nano.a(libc_a-memmove.o)
                0x0800c5a0                memmove
 .text._realloc_r
                0x0800c5d4       0x5c C:/ST/STM32CubeIDE_1.16.1/STM32CubeIDE/plugins/com.st.stm32cube.ide.mcu.externaltools.gnu-tools-for-stm32.12.3.rel1.win32_1.1.0.202410251130/tools/bin/../lib/gcc/arm-none-eabi/12.3.1/../../../../arm-none-eabi/lib/thumb/v7e-m+fp/hard\libc_nano.a(libc_a-reallocr.o)
                0x0800c5d4                _realloc_r
 .text._malloc_usable_size_r
                0x0800c630       0x10 C:/ST/STM32CubeIDE_1.16.1/STM32CubeIDE/plugins/com.st.stm32cube.ide.mcu.externaltools.gnu-tools-for-stm32.12.3.rel1.win32_1.1.0.202410251130/tools/bin/../lib/gcc/arm-none-eabi/12.3.1/../../../../arm-none-eabi/lib/thumb/v7e-m+fp/hard\libc_nano.a(libc_a-msizer.o)
                0x0800c630                _malloc_usable_size_r
 .text._sbrk    0x0800c640       0x1c C:/ST/STM32CubeIDE_1.16.1/STM32CubeIDE/plugins/com.st.stm32cube.ide.mcu.externaltools.gnu-tools-for-stm32.12.3.rel1.win32_1.1.0.202410251130/tools/bin/../lib/gcc/arm-none-eabi/12.3.1/../../../../arm-none-eabi/lib/thumb/v7e-m+fp/hard\libnosys.a(sbrk.o)
                0x0800c640                _sbrk
 *(.glue_7)
 .glue_7        0x0800c65c        0x0 linker stubs
 *(.glue_7t)
 .glue_7t       0x0800c65c        0x0 linker stubs
 *(.eh_frame)
 .eh_frame      0x0800c65c        0x0 C:/ST/STM32CubeIDE_1.16.1/STM32CubeIDE/plugins/com.st.stm32cube.ide.mcu.externaltools.gnu-tools-for-stm32.12.3.rel1.win32_1.1.0.202410251130/tools/bin/../lib/gcc/arm-none-eabi/12.3.1/thumb/v7e-m+fp/hard/crtbegin.o
 *(.init)
 .init          0x0800c65c        0x4 C:/ST/STM32CubeIDE_1.16.1/STM32CubeIDE/plugins/com.st.stm32cube.ide.mcu.externaltools.gnu-tools-for-stm32.12.3.rel1.win32_1.1.0.202410251130/tools/bin/../lib/gcc/arm-none-eabi/12.3.1/thumb/v7e-m+fp/hard/crti.o
                0x0800c65c                _init
 .init          0x0800c660        0x8 C:/ST/STM32CubeIDE_1.16.1/STM32CubeIDE/plugins/com.st.stm32cube.ide.mcu.externaltools.gnu-tools-for-stm32.12.3.rel1.win32_1.1.0.202410251130/tools/bin/../lib/gcc/arm-none-eabi/12.3.1/thumb/v7e-m+fp/hard/crtn.o
 *(.fini)
 .fini          0x0800c668        0x4 C:/ST/STM32CubeIDE_1.16.1/STM32CubeIDE/plugins/com.st.stm32cube.ide.mcu.externaltools.gnu-tools-for-stm32.12.3.rel1.win32_1.1.0.202410251130/tools/bin/../lib/gcc/arm-none-eabi/12.3.1/thumb/v7e-m+fp/hard/crti.o
                0x0800c668                _fini
 .fini          0x0800c66c        0x8 C:/ST/STM32CubeIDE_1.16.1/STM32CubeIDE/plugins/com.st.stm32cube.ide.mcu.externaltools.gnu-tools-for-stm32.12.3.rel1.win32_1.1.0.202410251130/tools/bin/../lib/gcc/arm-none-eabi/12.3.1/thumb/v7e-m+fp/hard/crtn.o
                0x0800c674                        . = ALIGN (0x4)
                0x0800c674                        _etext = .

.vfp11_veneer   0x0800c674        0x0
 .vfp11_veneer  0x0800c674        0x0 linker stubs

.v4_bx          0x0800c674        0x0
 .v4_bx         0x0800c674        0x0 linker stubs

.iplt           0x0800c674        0x0
 .iplt          0x0800c674        0x0 C:/ST/STM32CubeIDE_1.16.1/STM32CubeIDE/plugins/com.st.stm32cube.ide.mcu.externaltools.gnu-tools-for-stm32.12.3.rel1.win32_1.1.0.202410251130/tools/bin/../lib/gcc/arm-none-eabi/12.3.1/thumb/v7e-m+fp/hard/crtbegin.o

.rodata         0x0800c674     0x11cc
                0x0800c674                        . = ALIGN (0x4)
 *(.rodata)
 .rodata        0x0800c674       0x48 ./Source/API/button_api.o
 .rodata        0x0800c6bc       0x69 ./Source/API/cmd_api.o
 *fill*         0x0800c725        0x3 
 .rodata        0x0800c728       0xbd ./Source/API/cmd_api_helper.o
 *fill*         0x0800c7e5        0x3 
 .rodata        0x0800c7e8       0x4b ./Source/API/debug_api.o
 *fill*         0x0800c833        0x1 
 .rodata        0x0800c834        0xb ./Source/API/heap_api.o
 *fill*         0x0800c83f        0x1 
 .rodata        0x0800c840       0x36 ./Source/API/led_api.o
 *fill*         0x0800c876        0x2 
 .rodata        0x0800c878       0x3e ./Source/API/motor_api.o
 *fill*         0x0800c8b6        0x2 
 .rodata        0x0800c8b8       0xef ./Source/API/tcrt5000_api.o
 *fill*         0x0800c9a7        0x1 
 .rodata        0x0800c9a8       0x2f ./Source/API/uart_api.o
 *fill*         0x0800c9d7        0x1 
 .rodata        0x0800c9d8       0xa8 ./Source/APP/cli_app.o
 .rodata        0x0800ca80      0x19f ./Source/APP/cli_cmd_handlers.o
 *fill*         0x0800cc1f        0x1 
 .rodata        0x0800cc20      0x1f4 ./Source/APP/led_app.o
 .rodata        0x0800ce14       0x2a ./Source/APP/main.o
 *fill*         0x0800ce3e        0x2 
 .rodata        0x0800ce40      0x104 ./Source/APP/motor_app.o
 .rodata        0x0800cf44      0x169 ./Source/APP/tracker_app.o
 *fill*         0x0800d0ad        0x3 
 .rodata        0x0800d0b0        0x5 ./Source/ThirdParty/Middlewares/Third_Party/FreeRTOS/Source/tasks.o
 *fill*         0x0800d0b5        0x3 
 .rodata        0x0800d0b8        0xd ./Source/ThirdParty/Middlewares/Third_Party/FreeRTOS/Source/timers.o
 *(.rodata*)
 *fill*         0x0800d0c5        0x3 
 .rodata.g_button_thread_attributes
                0x0800d0c8       0x24 ./Source/API/button_api.o
 .rodata.g_button_message_queue_attributes
                0x0800d0ec       0x18 ./Source/API/button_api.o
 .rodata.g_static_button_desc_lut
                0x0800d104       0x18 ./Source/API/button_api.o
 .rodata.g_debug_api_mutex_attributes
                0x0800d11c       0x10 ./Source/API/debug_api.o
 .rodata.g_heap_mutex_attributes
                0x0800d12c       0x10 ./Source/API/heap_api.o
 .rodata.g_basic_led_control_static_lut
                0x0800d13c       0x24 ./Source/API/led_api.o
 .rodata.g_pwm_led_control_static_lut
                0x0800d160       0x20 ./Source/API/led_api.o
 .rodata.g_static_motor_rotation_lut
                0x0800d180        0x8 ./Source/API/motor_api.o
 .rodata.g_static_motor_lut
                0x0800d188       0x50 ./Source/API/motor_api.o
 .rodata.g_tcrt5000_thread_attributes
                0x0800d1d8       0x24 ./Source/API/tcrt5000_api.o
 .rodata.g_tcrt5000_message_queue_attributes
                0x0800d1fc       0x18 ./Source/API/tcrt5000_api.o
 .rodata.g_static_exti_tcrt5000_lut
                0x0800d214       0x24 ./Source/API/tcrt5000_api.o
 .rodata.g_fsm_thread_attributes
                0x0800d238       0x24 ./Source/API/uart_api.o
 .rodata.g_static_uart_lut
                0x0800d25c       0x2c ./Source/API/uart_api.o
 .rodata.g_cli_thread_attributes
                0x0800d288       0x24 ./Source/APP/cli_app.o
 .rodata.g_led_thread_attributes
                0x0800d2ac       0x24 ./Source/APP/led_app.o
 .rodata.g_led_message_queue_attributes
                0x0800d2d0       0x18 ./Source/APP/led_app.o
 .rodata.g_motor_thread_attributes
                0x0800d2e8       0x24 ./Source/APP/motor_app.o
 .rodata.g_motor_message_queue_attributes
                0x0800d30c       0x18 ./Source/APP/motor_app.o
 .rodata.g_tracker_thread_attributes
                0x0800d324       0x24 ./Source/APP/tracker_app.o
 .rodata.g_tracker_message_queue_attributes
                0x0800d348       0x18 ./Source/APP/tracker_app.o
 .rodata.g_static_exti_lut
                0x0800d360       0x28 ./Source/Driver/exti_driver.o
 .rodata.g_static_gpio_lut
                0x0800d388      0x160 ./Source/Driver/gpio_driver.o
 .rodata.g_static_motor_lut
                0x0800d4e8        0x6 ./Source/Driver/motor_driver.o
 *fill*         0x0800d4ee        0x2 
 .rodata.OFFSET_TAB_CCMRx
                0x0800d4f0        0x7 ./Source/Driver/pwm_driver.o
 *fill*         0x0800d4f7        0x1 
 .rodata.SHIFT_TAB_OCxx
                0x0800d4f8        0x7 ./Source/Driver/pwm_driver.o
 *fill*         0x0800d4ff        0x1 
 .rodata.g_static_pwm_lut
                0x0800d500       0xe0 ./Source/Driver/pwm_driver.o
 .rodata.g_static_timer_lut
                0x0800d5e0       0xc0 ./Source/Driver/timer_driver.o
 .rodata.g_static_uart_lut
                0x0800d6a0       0x30 ./Source/Driver/uart_driver.o
 .rodata.g_static_baudrate_lut
                0x0800d6d0       0x24 ./Source/Driver/uart_driver.o
 .rodata.AHBPrescTable
                0x0800d6f4       0x10 ./Source/ThirdParty/Core/Src/system_stm32f4xx.o
                0x0800d6f4                AHBPrescTable
 .rodata.APBPrescTable
                0x0800d704        0x8 ./Source/ThirdParty/Core/Src/system_stm32f4xx.o
                0x0800d704                APBPrescTable
 .rodata._ctype_
                0x0800d70c      0x101 C:/ST/STM32CubeIDE_1.16.1/STM32CubeIDE/plugins/com.st.stm32cube.ide.mcu.externaltools.gnu-tools-for-stm32.12.3.rel1.win32_1.1.0.202410251130/tools/bin/../lib/gcc/arm-none-eabi/12.3.1/../../../../arm-none-eabi/lib/thumb/v7e-m+fp/hard\libc_nano.a(libc_a-ctype_.o)
                0x0800d70c                _ctype_
 .rodata._svfprintf_r.str1.1
                0x0800d80d       0x11 C:/ST/STM32CubeIDE_1.16.1/STM32CubeIDE/plugins/com.st.stm32cube.ide.mcu.externaltools.gnu-tools-for-stm32.12.3.rel1.win32_1.1.0.202410251130/tools/bin/../lib/gcc/arm-none-eabi/12.3.1/../../../../arm-none-eabi/lib/thumb/v7e-m+fp/hard\libc_nano.a(libc_a-nano-svfprintf.o)
 .rodata._printf_i.str1.1
                0x0800d81e       0x22 C:/ST/STM32CubeIDE_1.16.1/STM32CubeIDE/plugins/com.st.stm32cube.ide.mcu.externaltools.gnu-tools-for-stm32.12.3.rel1.win32_1.1.0.202410251130/tools/bin/../lib/gcc/arm-none-eabi/12.3.1/../../../../arm-none-eabi/lib/thumb/v7e-m+fp/hard\libc_nano.a(libc_a-nano-vfprintf_i.o)
                0x0800d840                        . = ALIGN (0x4)

.ARM.extab      0x0800d840        0x0
                0x0800d840                        . = ALIGN (0x4)
 *(.ARM.extab* .gnu.linkonce.armextab.*)
                0x0800d840                        . = ALIGN (0x4)

.ARM            0x0800d840        0x8
                0x0800d840                        . = ALIGN (0x4)
                0x0800d840                        __exidx_start = .
 *(.ARM.exidx*)
 .ARM.exidx     0x0800d840        0x8 C:/ST/STM32CubeIDE_1.16.1/STM32CubeIDE/plugins/com.st.stm32cube.ide.mcu.externaltools.gnu-tools-for-stm32.12.3.rel1.win32_1.1.0.202410251130/tools/bin/../lib/gcc/arm-none-eabi/12.3.1/../../../../arm-none-eabi/lib/thumb/v7e-m+fp/hard\libc_nano.a(libc_a-strlen.o)
 .ARM.exidx     0x0800d848        0x0 C:/ST/STM32CubeIDE_1.16.1/STM32CubeIDE/plugins/com.st.stm32cube.ide.mcu.externaltools.gnu-tools-for-stm32.12.3.rel1.win32_1.1.0.202410251130/tools/bin/../lib/gcc/arm-none-eabi/12.3.1/../../../../arm-none-eabi/lib/thumb/v7e-m+fp/hard\libc_nano.a(libc_a-memchr.o)
                                  0x8 (size before relaxing)
 .ARM.exidx     0x0800d848        0x0 C:/ST/STM32CubeIDE_1.16.1/STM32CubeIDE/plugins/com.st.stm32cube.ide.mcu.externaltools.gnu-tools-for-stm32.12.3.rel1.win32_1.1.0.202410251130/tools/bin/../lib/gcc/arm-none-eabi/12.3.1/thumb/v7e-m+fp/hard\libgcc.a(_udivmoddi4.o)
                                  0x8 (size before relaxing)
                0x0800d848                        __exidx_end = .
                0x0800d848                        . = ALIGN (0x4)

.rel.dyn        0x0800d848        0x0
 .rel.iplt      0x0800d848        0x0 C:/ST/STM32CubeIDE_1.16.1/STM32CubeIDE/plugins/com.st.stm32cube.ide.mcu.externaltools.gnu-tools-for-stm32.12.3.rel1.win32_1.1.0.202410251130/tools/bin/../lib/gcc/arm-none-eabi/12.3.1/thumb/v7e-m+fp/hard/crtbegin.o

.preinit_array  0x0800d848        0x0
                0x0800d848                        . = ALIGN (0x4)
                0x0800d848                        PROVIDE (__preinit_array_start = .)
 *(.preinit_array*)
                0x0800d848                        PROVIDE (__preinit_array_end = .)
                0x0800d848                        . = ALIGN (0x4)

.init_array     0x0800d848        0x4
                0x0800d848                        . = ALIGN (0x4)
                0x0800d848                        PROVIDE (__init_array_start = .)
 *(SORT_BY_NAME(.init_array.*))
 *(.init_array*)
 .init_array    0x0800d848        0x4 C:/ST/STM32CubeIDE_1.16.1/STM32CubeIDE/plugins/com.st.stm32cube.ide.mcu.externaltools.gnu-tools-for-stm32.12.3.rel1.win32_1.1.0.202410251130/tools/bin/../lib/gcc/arm-none-eabi/12.3.1/thumb/v7e-m+fp/hard/crtbegin.o
                0x0800d84c                        PROVIDE (__init_array_end = .)
                0x0800d84c                        . = ALIGN (0x4)

.fini_array     0x0800d84c        0x4
                0x0800d84c                        . = ALIGN (0x4)
                [!provide]                        PROVIDE (__fini_array_start = .)
 *(SORT_BY_NAME(.fini_array.*))
 *(.fini_array*)
 .fini_array    0x0800d84c        0x4 C:/ST/STM32CubeIDE_1.16.1/STM32CubeIDE/plugins/com.st.stm32cube.ide.mcu.externaltools.gnu-tools-for-stm32.12.3.rel1.win32_1.1.0.202410251130/tools/bin/../lib/gcc/arm-none-eabi/12.3.1/thumb/v7e-m+fp/hard/crtbegin.o
                [!provide]                        PROVIDE (__fini_array_end = .)
                0x0800d850                        . = ALIGN (0x4)
                0x0800d850                        _sidata = LOADADDR (.data)

.data           0x20000000      0x158 load address 0x0800d850
                0x20000000                        . = ALIGN (0x4)
                0x20000000                        _sdata = .
 *(.data)
 *(.data*)
 .data.trace_module_name
                0x20000000        0x4 ./Source/API/cmd_api.o
 .data.trace_module_name
                0x20000004        0x4 ./Source/API/cmd_api_helper.o
 .data.g_led_blink_lut
                0x20000008       0x18 ./Source/API/led_api.o
 .data.g_dynamic_motor_lut